<?xml version="1.0" encoding="ISO-8859-1" ?>
<link_info>
   <banner>TMS320C2000 Linker Unix v18.12.8.LTS</banner>
   <copyright>Copyright (c) 1996-2018 Texas Instruments Incorporated</copyright>
   <link_time>0x63599cba</link_time>
   <link_errors>0x0</link_errors>
   <output_file>test_28069.out</output_file>
   <entry_point>
      <name>_c_int00</name>
      <address>0x3f1f57</address>
   </entry_point>
   <input_file_list>
      <input_file id="fl-1">
         <path>./</path>
         <kind>object</kind>
         <file>F28069_pins.obj</file>
         <name>F28069_pins.obj</name>
      </input_file>
      <input_file id="fl-2">
         <path>./</path>
         <kind>object</kind>
         <file>main.obj</file>
         <name>main.obj</name>
      </input_file>
      <input_file id="fl-3">
         <path>./</path>
         <kind>object</kind>
         <file>sci_2806x.obj</file>
         <name>sci_2806x.obj</name>
      </input_file>
      <input_file id="fl-4">
         <path>./tisrc/</path>
         <kind>object</kind>
         <file>F2806x_CodeStartBranch.obj</file>
         <name>F2806x_CodeStartBranch.obj</name>
      </input_file>
      <input_file id="fl-5">
         <path>./tisrc/</path>
         <kind>object</kind>
         <file>F2806x_DevInit.obj</file>
         <name>F2806x_DevInit.obj</name>
      </input_file>
      <input_file id="fl-6">
         <path>./tisrc/</path>
         <kind>object</kind>
         <file>F2806x_GlobalVariableDefs.obj</file>
         <name>F2806x_GlobalVariableDefs.obj</name>
      </input_file>
      <input_file id="fl-7">
         <path>./tisrc/</path>
         <kind>object</kind>
         <file>F2806x_usDelay.obj</file>
         <name>F2806x_usDelay.obj</name>
      </input_file>
      <input_file id="fl-c">
         <kind>object</kind>
         <file>&lt;internal&gt;</file>
         <name>&lt;internal&gt;</name>
      </input_file>
      <input_file id="fl-18">
         <path>/Users/julian/ti/ti-cgt-c2000_18.12.8.LTS/lib/</path>
         <kind>archive</kind>
         <file>rts2800_fpu32.lib</file>
         <name>printf.c.obj</name>
      </input_file>
      <input_file id="fl-19">
         <path>/Users/julian/ti/ti-cgt-c2000_18.12.8.LTS/lib/</path>
         <kind>archive</kind>
         <file>rts2800_fpu32.lib</file>
         <name>_printfi.c.obj</name>
      </input_file>
      <input_file id="fl-1a">
         <path>/Users/julian/ti/ti-cgt-c2000_18.12.8.LTS/lib/</path>
         <kind>archive</kind>
         <file>rts2800_fpu32.lib</file>
         <name>fputc.c.obj</name>
      </input_file>
      <input_file id="fl-1b">
         <path>/Users/julian/ti/ti-cgt-c2000_18.12.8.LTS/lib/</path>
         <kind>archive</kind>
         <file>rts2800_fpu32.lib</file>
         <name>fputs.c.obj</name>
      </input_file>
      <input_file id="fl-1c">
         <path>/Users/julian/ti/ti-cgt-c2000_18.12.8.LTS/lib/</path>
         <kind>archive</kind>
         <file>rts2800_fpu32.lib</file>
         <name>_io_perm.c.obj</name>
      </input_file>
      <input_file id="fl-1d">
         <path>/Users/julian/ti/ti-cgt-c2000_18.12.8.LTS/lib/</path>
         <kind>archive</kind>
         <file>rts2800_fpu32.lib</file>
         <name>setvbuf.c.obj</name>
      </input_file>
      <input_file id="fl-1e">
         <path>/Users/julian/ti/ti-cgt-c2000_18.12.8.LTS/lib/</path>
         <kind>archive</kind>
         <file>rts2800_fpu32.lib</file>
         <name>wcslen.c.obj</name>
      </input_file>
      <input_file id="fl-1f">
         <path>/Users/julian/ti/ti-cgt-c2000_18.12.8.LTS/lib/</path>
         <kind>archive</kind>
         <file>rts2800_fpu32.lib</file>
         <name>boot28.asm.obj</name>
      </input_file>
      <input_file id="fl-20">
         <path>/Users/julian/ti/ti-cgt-c2000_18.12.8.LTS/lib/</path>
         <kind>archive</kind>
         <file>rts2800_fpu32.lib</file>
         <name>fd_cmp28.asm.obj</name>
      </input_file>
      <input_file id="fl-21">
         <path>/Users/julian/ti/ti-cgt-c2000_18.12.8.LTS/lib/</path>
         <kind>archive</kind>
         <file>rts2800_fpu32.lib</file>
         <name>fd_mpy28.asm.obj</name>
      </input_file>
      <input_file id="fl-22">
         <path>/Users/julian/ti/ti-cgt-c2000_18.12.8.LTS/lib/</path>
         <kind>archive</kind>
         <file>rts2800_fpu32.lib</file>
         <name>fd_neg28.asm.obj</name>
      </input_file>
      <input_file id="fl-23">
         <path>/Users/julian/ti/ti-cgt-c2000_18.12.8.LTS/lib/</path>
         <kind>archive</kind>
         <file>rts2800_fpu32.lib</file>
         <name>fd_sub28.asm.obj</name>
      </input_file>
      <input_file id="fl-24">
         <path>/Users/julian/ti/ti-cgt-c2000_18.12.8.LTS/lib/</path>
         <kind>archive</kind>
         <file>rts2800_fpu32.lib</file>
         <name>fd_toi28.asm.obj</name>
      </input_file>
      <input_file id="fl-25">
         <path>/Users/julian/ti/ti-cgt-c2000_18.12.8.LTS/lib/</path>
         <kind>archive</kind>
         <file>rts2800_fpu32.lib</file>
         <name>fd_tol28.asm.obj</name>
      </input_file>
      <input_file id="fl-26">
         <path>/Users/julian/ti/ti-cgt-c2000_18.12.8.LTS/lib/</path>
         <kind>archive</kind>
         <file>rts2800_fpu32.lib</file>
         <name>ll_aox28.asm.obj</name>
      </input_file>
      <input_file id="fl-27">
         <path>/Users/julian/ti/ti-cgt-c2000_18.12.8.LTS/lib/</path>
         <kind>archive</kind>
         <file>rts2800_fpu32.lib</file>
         <name>ll_cmp28.asm.obj</name>
      </input_file>
      <input_file id="fl-28">
         <path>/Users/julian/ti/ti-cgt-c2000_18.12.8.LTS/lib/</path>
         <kind>archive</kind>
         <file>rts2800_fpu32.lib</file>
         <name>ll_div28.asm.obj</name>
      </input_file>
      <input_file id="fl-29">
         <path>/Users/julian/ti/ti-cgt-c2000_18.12.8.LTS/lib/</path>
         <kind>archive</kind>
         <file>rts2800_fpu32.lib</file>
         <name>i_tofd28.asm.obj</name>
      </input_file>
      <input_file id="fl-2a">
         <path>/Users/julian/ti/ti-cgt-c2000_18.12.8.LTS/lib/</path>
         <kind>archive</kind>
         <file>rts2800_fpu32.lib</file>
         <name>l_tofd28.asm.obj</name>
      </input_file>
      <input_file id="fl-2b">
         <path>/Users/julian/ti/ti-cgt-c2000_18.12.8.LTS/lib/</path>
         <kind>archive</kind>
         <file>rts2800_fpu32.lib</file>
         <name>fs_tofdfpu32.asm.obj</name>
      </input_file>
      <input_file id="fl-2c">
         <path>/Users/julian/ti/ti-cgt-c2000_18.12.8.LTS/lib/</path>
         <kind>archive</kind>
         <file>rts2800_fpu32.lib</file>
         <name>fd_div28.asm.obj</name>
      </input_file>
      <input_file id="fl-2d">
         <path>/Users/julian/ti/ti-cgt-c2000_18.12.8.LTS/lib/</path>
         <kind>archive</kind>
         <file>rts2800_fpu32.lib</file>
         <name>cpy_tbl.c.obj</name>
      </input_file>
      <input_file id="fl-2e">
         <path>/Users/julian/ti/ti-cgt-c2000_18.12.8.LTS/lib/</path>
         <kind>archive</kind>
         <file>rts2800_fpu32.lib</file>
         <name>memcpy.c.obj</name>
      </input_file>
      <input_file id="fl-2f">
         <path>/Users/julian/ti/ti-cgt-c2000_18.12.8.LTS/lib/</path>
         <kind>archive</kind>
         <file>rts2800_fpu32.lib</file>
         <name>pre_init.c.obj</name>
      </input_file>
      <input_file id="fl-30">
         <path>/Users/julian/ti/ti-cgt-c2000_18.12.8.LTS/lib/</path>
         <kind>archive</kind>
         <file>rts2800_fpu32.lib</file>
         <name>startup.c.obj</name>
      </input_file>
      <input_file id="fl-31">
         <path>/Users/julian/ti/ti-cgt-c2000_18.12.8.LTS/lib/</path>
         <kind>archive</kind>
         <file>rts2800_fpu32.lib</file>
         <name>exit.c.obj</name>
      </input_file>
      <input_file id="fl-32">
         <path>/Users/julian/ti/ti-cgt-c2000_18.12.8.LTS/lib/</path>
         <kind>archive</kind>
         <file>rts2800_fpu32.lib</file>
         <name>_lock.c.obj</name>
      </input_file>
      <input_file id="fl-33">
         <path>/Users/julian/ti/ti-cgt-c2000_18.12.8.LTS/lib/</path>
         <kind>archive</kind>
         <file>rts2800_fpu32.lib</file>
         <name>args_main.c.obj</name>
      </input_file>
      <input_file id="fl-34">
         <path>/Users/julian/ti/ti-cgt-c2000_18.12.8.LTS/lib/</path>
         <kind>archive</kind>
         <file>rts2800_fpu32.lib</file>
         <name>atoi.c.obj</name>
      </input_file>
      <input_file id="fl-35">
         <path>/Users/julian/ti/ti-cgt-c2000_18.12.8.LTS/lib/</path>
         <kind>archive</kind>
         <file>rts2800_fpu32.lib</file>
         <name>ctype.c.obj</name>
      </input_file>
      <input_file id="fl-36">
         <path>/Users/julian/ti/ti-cgt-c2000_18.12.8.LTS/lib/</path>
         <kind>archive</kind>
         <file>rts2800_fpu32.lib</file>
         <name>defs.c.obj</name>
      </input_file>
      <input_file id="fl-37">
         <path>/Users/julian/ti/ti-cgt-c2000_18.12.8.LTS/lib/</path>
         <kind>archive</kind>
         <file>rts2800_fpu32.lib</file>
         <name>ltoa.c.obj</name>
      </input_file>
      <input_file id="fl-38">
         <path>/Users/julian/ti/ti-cgt-c2000_18.12.8.LTS/lib/</path>
         <kind>archive</kind>
         <file>rts2800_fpu32.lib</file>
         <name>memccpy.c.obj</name>
      </input_file>
      <input_file id="fl-39">
         <path>/Users/julian/ti/ti-cgt-c2000_18.12.8.LTS/lib/</path>
         <kind>archive</kind>
         <file>rts2800_fpu32.lib</file>
         <name>memchr.c.obj</name>
      </input_file>
      <input_file id="fl-3a">
         <path>/Users/julian/ti/ti-cgt-c2000_18.12.8.LTS/lib/</path>
         <kind>archive</kind>
         <file>rts2800_fpu32.lib</file>
         <name>memory.c.obj</name>
      </input_file>
      <input_file id="fl-3b">
         <path>/Users/julian/ti/ti-cgt-c2000_18.12.8.LTS/lib/</path>
         <kind>archive</kind>
         <file>rts2800_fpu32.lib</file>
         <name>memset.c.obj</name>
      </input_file>
      <input_file id="fl-3c">
         <path>/Users/julian/ti/ti-cgt-c2000_18.12.8.LTS/lib/</path>
         <kind>archive</kind>
         <file>rts2800_fpu32.lib</file>
         <name>strchr.c.obj</name>
      </input_file>
      <input_file id="fl-3d">
         <path>/Users/julian/ti/ti-cgt-c2000_18.12.8.LTS/lib/</path>
         <kind>archive</kind>
         <file>rts2800_fpu32.lib</file>
         <name>strcpy.c.obj</name>
      </input_file>
      <input_file id="fl-3e">
         <path>/Users/julian/ti/ti-cgt-c2000_18.12.8.LTS/lib/</path>
         <kind>archive</kind>
         <file>rts2800_fpu32.lib</file>
         <name>strlen.c.obj</name>
      </input_file>
      <input_file id="fl-3f">
         <path>/Users/julian/ti/ti-cgt-c2000_18.12.8.LTS/lib/</path>
         <kind>archive</kind>
         <file>rts2800_fpu32.lib</file>
         <name>write.c.obj</name>
      </input_file>
      <input_file id="fl-40">
         <path>/Users/julian/ti/ti-cgt-c2000_18.12.8.LTS/lib/</path>
         <kind>archive</kind>
         <file>rts2800_fpu32.lib</file>
         <name>host_device.c.obj</name>
      </input_file>
      <input_file id="fl-41">
         <path>/Users/julian/ti/ti-cgt-c2000_18.12.8.LTS/lib/</path>
         <kind>archive</kind>
         <file>rts2800_fpu32.lib</file>
         <name>s_frexp.c.obj</name>
      </input_file>
      <input_file id="fl-42">
         <path>/Users/julian/ti/ti-cgt-c2000_18.12.8.LTS/lib/</path>
         <kind>archive</kind>
         <file>rts2800_fpu32.lib</file>
         <name>s_scalbn.c.obj</name>
      </input_file>
      <input_file id="fl-43">
         <path>/Users/julian/ti/ti-cgt-c2000_18.12.8.LTS/lib/</path>
         <kind>archive</kind>
         <file>rts2800_fpu32.lib</file>
         <name>fflush.c.obj</name>
      </input_file>
      <input_file id="fl-44">
         <path>/Users/julian/ti/ti-cgt-c2000_18.12.8.LTS/lib/</path>
         <kind>archive</kind>
         <file>rts2800_fpu32.lib</file>
         <name>fopen.c.obj</name>
      </input_file>
      <input_file id="fl-45">
         <path>/Users/julian/ti/ti-cgt-c2000_18.12.8.LTS/lib/</path>
         <kind>archive</kind>
         <file>rts2800_fpu32.lib</file>
         <name>fseek.c.obj</name>
      </input_file>
      <input_file id="fl-46">
         <path>/Users/julian/ti/ti-cgt-c2000_18.12.8.LTS/lib/</path>
         <kind>archive</kind>
         <file>rts2800_fpu32.lib</file>
         <name>fd_add28.asm.obj</name>
      </input_file>
      <input_file id="fl-47">
         <path>/Users/julian/ti/ti-cgt-c2000_18.12.8.LTS/lib/</path>
         <kind>archive</kind>
         <file>rts2800_fpu32.lib</file>
         <name>l_div28.asm.obj</name>
      </input_file>
      <input_file id="fl-48">
         <path>/Users/julian/ti/ti-cgt-c2000_18.12.8.LTS/lib/</path>
         <kind>archive</kind>
         <file>rts2800_fpu32.lib</file>
         <name>errno.c.obj</name>
      </input_file>
      <input_file id="fl-49">
         <path>/Users/julian/ti/ti-cgt-c2000_18.12.8.LTS/lib/</path>
         <kind>archive</kind>
         <file>rts2800_fpu32.lib</file>
         <name>hostclose.c.obj</name>
      </input_file>
      <input_file id="fl-4a">
         <path>/Users/julian/ti/ti-cgt-c2000_18.12.8.LTS/lib/</path>
         <kind>archive</kind>
         <file>rts2800_fpu32.lib</file>
         <name>hostlseek.c.obj</name>
      </input_file>
      <input_file id="fl-4b">
         <path>/Users/julian/ti/ti-cgt-c2000_18.12.8.LTS/lib/</path>
         <kind>archive</kind>
         <file>rts2800_fpu32.lib</file>
         <name>hostopen.c.obj</name>
      </input_file>
      <input_file id="fl-4c">
         <path>/Users/julian/ti/ti-cgt-c2000_18.12.8.LTS/lib/</path>
         <kind>archive</kind>
         <file>rts2800_fpu32.lib</file>
         <name>hostread.c.obj</name>
      </input_file>
      <input_file id="fl-4d">
         <path>/Users/julian/ti/ti-cgt-c2000_18.12.8.LTS/lib/</path>
         <kind>archive</kind>
         <file>rts2800_fpu32.lib</file>
         <name>hostrename.c.obj</name>
      </input_file>
      <input_file id="fl-4e">
         <path>/Users/julian/ti/ti-cgt-c2000_18.12.8.LTS/lib/</path>
         <kind>archive</kind>
         <file>rts2800_fpu32.lib</file>
         <name>hostunlink.c.obj</name>
      </input_file>
      <input_file id="fl-4f">
         <path>/Users/julian/ti/ti-cgt-c2000_18.12.8.LTS/lib/</path>
         <kind>archive</kind>
         <file>rts2800_fpu32.lib</file>
         <name>hostwrite.c.obj</name>
      </input_file>
      <input_file id="fl-50">
         <path>/Users/julian/ti/ti-cgt-c2000_18.12.8.LTS/lib/</path>
         <kind>archive</kind>
         <file>rts2800_fpu32.lib</file>
         <name>trgmsg.c.obj</name>
      </input_file>
      <input_file id="fl-51">
         <path>/Users/julian/ti/ti-cgt-c2000_18.12.8.LTS/lib/</path>
         <kind>archive</kind>
         <file>rts2800_fpu32.lib</file>
         <name>open.c.obj</name>
      </input_file>
      <input_file id="fl-52">
         <path>/Users/julian/ti/ti-cgt-c2000_18.12.8.LTS/lib/</path>
         <kind>archive</kind>
         <file>rts2800_fpu32.lib</file>
         <name>lseek.c.obj</name>
      </input_file>
      <input_file id="fl-53">
         <path>/Users/julian/ti/ti-cgt-c2000_18.12.8.LTS/lib/</path>
         <kind>archive</kind>
         <file>rts2800_fpu32.lib</file>
         <name>s_copysign.c.obj</name>
      </input_file>
      <input_file id="fl-54">
         <path>/Users/julian/ti/ti-cgt-c2000_18.12.8.LTS/lib/</path>
         <kind>archive</kind>
         <file>rts2800_fpu32.lib</file>
         <name>fclose.c.obj</name>
      </input_file>
      <input_file id="fl-55">
         <path>/Users/julian/ti/ti-cgt-c2000_18.12.8.LTS/lib/</path>
         <kind>archive</kind>
         <file>rts2800_fpu32.lib</file>
         <name>getdevice.c.obj</name>
      </input_file>
      <input_file id="fl-56">
         <path>/Users/julian/ti/ti-cgt-c2000_18.12.8.LTS/lib/</path>
         <kind>archive</kind>
         <file>rts2800_fpu32.lib</file>
         <name>strcmp.c.obj</name>
      </input_file>
      <input_file id="fl-57">
         <path>/Users/julian/ti/ti-cgt-c2000_18.12.8.LTS/lib/</path>
         <kind>archive</kind>
         <file>rts2800_fpu32.lib</file>
         <name>strncpy.c.obj</name>
      </input_file>
      <input_file id="fl-58">
         <path>/Users/julian/ti/ti-cgt-c2000_18.12.8.LTS/lib/</path>
         <kind>archive</kind>
         <file>rts2800_fpu32.lib</file>
         <name>remove.c.obj</name>
      </input_file>
      <input_file id="fl-59">
         <path>/Users/julian/ti/ti-cgt-c2000_18.12.8.LTS/lib/</path>
         <kind>archive</kind>
         <file>rts2800_fpu32.lib</file>
         <name>close.c.obj</name>
      </input_file>
      <input_file id="fl-5a">
         <path>/Users/julian/ti/ti-cgt-c2000_18.12.8.LTS/lib/</path>
         <kind>archive</kind>
         <file>rts2800_fpu32.lib</file>
         <name>unlink.c.obj</name>
      </input_file>
   </input_file_list>
   <object_component_list>
      <object_component id="oc-217">
         <name>.cinit:__ftable</name>
         <load_address>0x3f2878</load_address>
         <run_address>0x3f2878</run_address>
         <size>0x26</size>
         <input_file_ref idref="fl-36"/>
      </object_component>
      <object_component id="oc-232">
         <name>.cinit:__device</name>
         <load_address>0x3f289e</load_address>
         <run_address>0x3f289e</run_address>
         <size>0x1b</size>
         <input_file_ref idref="fl-40"/>
      </object_component>
      <object_component id="oc-22b">
         <name>.cinit:__stream</name>
         <load_address>0x3f28b9</load_address>
         <run_address>0x3f28b9</run_address>
         <size>0xe</size>
         <input_file_ref idref="fl-40"/>
      </object_component>
      <object_component id="oc-12c">
         <name>.cinit</name>
         <load_address>0x3f28c7</load_address>
         <run_address>0x3f28c7</run_address>
         <size>0xe</size>
         <input_file_ref idref="fl-31"/>
      </object_component>
      <object_component id="oc-209">
         <name>.cinit:__lock</name>
         <load_address>0x3f28d5</load_address>
         <run_address>0x3f28d5</run_address>
         <size>0x5</size>
         <input_file_ref idref="fl-32"/>
      </object_component>
      <object_component id="oc-20f">
         <name>.cinit:__unlock</name>
         <load_address>0x3f28da</load_address>
         <run_address>0x3f28da</run_address>
         <size>0x5</size>
         <input_file_ref idref="fl-32"/>
      </object_component>
      <object_component id="oc-144">
         <name>.cinit</name>
         <load_address>0x3f28df</load_address>
         <run_address>0x3f28df</run_address>
         <size>0x4</size>
         <input_file_ref idref="fl-36"/>
      </object_component>
      <object_component id="oc-1a1">
         <name>.cinit</name>
         <load_address>0x3f28e3</load_address>
         <run_address>0x3f28e3</run_address>
         <size>0x4</size>
         <input_file_ref idref="fl-48"/>
      </object_component>
      <object_component id="oc-18b">
         <name>.cinit</name>
         <load_address>0x3f28e7</load_address>
         <run_address>0x3f28e7</run_address>
         <size>0x4</size>
         <input_file_ref idref="fl-44"/>
      </object_component>
      <object_component id="oc-157">
         <name>.cinit</name>
         <load_address>0x3f28eb</load_address>
         <run_address>0x3f28eb</run_address>
         <size>0x4</size>
         <input_file_ref idref="fl-3a"/>
      </object_component>
      <object_component id="oc-1ce">
         <name>.cinit</name>
         <load_address>0x3f28ef</load_address>
         <run_address>0x3f28ef</run_address>
         <size>0x4</size>
         <input_file_ref idref="fl-51"/>
      </object_component>
      <object_component id="oc-219">
         <name>.text</name>
         <load_address>0x3f0000</load_address>
         <run_address>0x3f0000</run_address>
         <size>0xce3</size>
         <input_file_ref idref="fl-19"/>
      </object_component>
      <object_component id="oc-20c">
         <name>.text</name>
         <load_address>0x3f0ce3</load_address>
         <run_address>0x3f0ce3</run_address>
         <size>0x651</size>
         <input_file_ref idref="fl-1"/>
      </object_component>
      <object_component id="oc-22f">
         <name>.text</name>
         <load_address>0x3f1334</load_address>
         <run_address>0x3f1334</run_address>
         <size>0x28e</size>
         <input_file_ref idref="fl-3a"/>
      </object_component>
      <object_component id="oc-230">
         <name>.text</name>
         <load_address>0x3f15c2</load_address>
         <run_address>0x3f15c2</run_address>
         <size>0x121</size>
         <input_file_ref idref="fl-44"/>
      </object_component>
      <object_component id="oc-fe">
         <name>.text</name>
         <load_address>0x3f16e3</load_address>
         <run_address>0x3f16e3</run_address>
         <size>0x107</size>
         <input_file_ref idref="fl-28"/>
      </object_component>
      <object_component id="oc-20a">
         <name>.text</name>
         <load_address>0x3f17ea</load_address>
         <run_address>0x3f17ea</run_address>
         <size>0xfd</size>
         <input_file_ref idref="fl-5"/>
      </object_component>
      <object_component id="oc-222">
         <name>.text</name>
         <load_address>0x3f18e7</load_address>
         <run_address>0x3f18e7</run_address>
         <size>0xae</size>
         <input_file_ref idref="fl-42"/>
      </object_component>
      <object_component id="oc-215">
         <name>.text</name>
         <load_address>0x3f1995</load_address>
         <run_address>0x3f1995</run_address>
         <size>0xa8</size>
         <input_file_ref idref="fl-1b"/>
      </object_component>
      <object_component id="oc-196">
         <name>.text</name>
         <load_address>0x3f1a3d</load_address>
         <run_address>0x3f1a3d</run_address>
         <size>0x9c</size>
         <input_file_ref idref="fl-46"/>
      </object_component>
      <object_component id="oc-203">
         <name>.text</name>
         <load_address>0x3f1ad9</load_address>
         <run_address>0x3f1ad9</run_address>
         <size>0x1</size>
         <input_file_ref idref="fl-30"/>
      </object_component>
      <object_component id="oc-241">
         <name>.text</name>
         <load_address>0x3f1ada</load_address>
         <run_address>0x3f1ada</run_address>
         <size>0x95</size>
         <input_file_ref idref="fl-50"/>
      </object_component>
      <object_component id="oc-112">
         <name>.text</name>
         <load_address>0x3f1b6f</load_address>
         <run_address>0x3f1b6f</run_address>
         <size>0x8b</size>
         <input_file_ref idref="fl-2c"/>
      </object_component>
      <object_component id="oc-db">
         <name>.text</name>
         <load_address>0x3f1bfa</load_address>
         <run_address>0x3f1bfa</run_address>
         <size>0x83</size>
         <input_file_ref idref="fl-21"/>
      </object_component>
      <object_component id="oc-229">
         <name>.text</name>
         <load_address>0x3f1c7d</load_address>
         <run_address>0x3f1c7d</run_address>
         <size>0x7d</size>
         <input_file_ref idref="fl-1d"/>
      </object_component>
      <object_component id="oc-21b">
         <name>.text</name>
         <load_address>0x3f1cfa</load_address>
         <run_address>0x3f1cfa</run_address>
         <size>0x73</size>
         <input_file_ref idref="fl-43"/>
      </object_component>
      <object_component id="oc-233">
         <name>.text</name>
         <load_address>0x3f1d6d</load_address>
         <run_address>0x3f1d6d</run_address>
         <size>0x71</size>
         <input_file_ref idref="fl-51"/>
      </object_component>
      <object_component id="oc-21a">
         <name>.text</name>
         <load_address>0x3f1dde</load_address>
         <run_address>0x3f1dde</run_address>
         <size>0x67</size>
         <input_file_ref idref="fl-1c"/>
      </object_component>
      <object_component id="oc-234">
         <name>.text</name>
         <load_address>0x3f1e45</load_address>
         <run_address>0x3f1e45</run_address>
         <size>0x5d</size>
         <input_file_ref idref="fl-54"/>
      </object_component>
      <object_component id="oc-239">
         <name>.text</name>
         <load_address>0x3f1ea2</load_address>
         <run_address>0x3f1ea2</run_address>
         <size>0x5b</size>
         <input_file_ref idref="fl-4a"/>
      </object_component>
      <object_component id="oc-221">
         <name>.text</name>
         <load_address>0x3f1efd</load_address>
         <run_address>0x3f1efd</run_address>
         <size>0x5a</size>
         <input_file_ref idref="fl-41"/>
      </object_component>
      <object_component id="oc-4d">
         <name>.text</name>
         <load_address>0x3f1f57</load_address>
         <run_address>0x3f1f57</run_address>
         <size>0x56</size>
         <input_file_ref idref="fl-1f"/>
      </object_component>
      <object_component id="oc-214">
         <name>.text</name>
         <load_address>0x3f1fad</load_address>
         <run_address>0x3f1fad</run_address>
         <size>0x53</size>
         <input_file_ref idref="fl-1a"/>
      </object_component>
      <object_component id="oc-207">
         <name>.text</name>
         <load_address>0x3f2000</load_address>
         <run_address>0x3f2000</run_address>
         <size>0x52</size>
         <input_file_ref idref="fl-2"/>
      </object_component>
      <object_component id="oc-23c">
         <name>.text</name>
         <load_address>0x3f2052</load_address>
         <run_address>0x3f2052</run_address>
         <size>0x51</size>
         <input_file_ref idref="fl-55"/>
      </object_component>
      <object_component id="oc-23b">
         <name>.text</name>
         <load_address>0x3f20a3</load_address>
         <run_address>0x3f20a3</run_address>
         <size>0x3e</size>
         <input_file_ref idref="fl-4d"/>
      </object_component>
      <object_component id="oc-228">
         <name>.text</name>
         <load_address>0x3f20e1</load_address>
         <run_address>0x3f20e1</run_address>
         <size>0x3d</size>
         <input_file_ref idref="fl-45"/>
      </object_component>
      <object_component id="oc-235">
         <name>.text</name>
         <load_address>0x3f211e</load_address>
         <run_address>0x3f211e</run_address>
         <size>0x3c</size>
         <input_file_ref idref="fl-4b"/>
      </object_component>
      <object_component id="oc-238">
         <name>.text</name>
         <load_address>0x3f215a</load_address>
         <run_address>0x3f215a</run_address>
         <size>0x39</size>
         <input_file_ref idref="fl-4f"/>
      </object_component>
      <object_component id="oc-237">
         <name>.text</name>
         <load_address>0x3f2193</load_address>
         <run_address>0x3f2193</run_address>
         <size>0x38</size>
         <input_file_ref idref="fl-4c"/>
      </object_component>
      <object_component id="oc-20d">
         <name>.text</name>
         <load_address>0x3f21cb</load_address>
         <run_address>0x3f21cb</run_address>
         <size>0x34</size>
         <input_file_ref idref="fl-18"/>
      </object_component>
      <object_component id="oc-23d">
         <name>.text</name>
         <load_address>0x3f21ff</load_address>
         <run_address>0x3f21ff</run_address>
         <size>0x33</size>
         <input_file_ref idref="fl-59"/>
      </object_component>
      <object_component id="oc-21f">
         <name>.text</name>
         <load_address>0x3f2232</load_address>
         <run_address>0x3f2232</run_address>
         <size>0x31</size>
         <input_file_ref idref="fl-34"/>
      </object_component>
      <object_component id="oc-220">
         <name>.text</name>
         <load_address>0x3f2263</load_address>
         <run_address>0x3f2263</run_address>
         <size>0x30</size>
         <input_file_ref idref="fl-37"/>
      </object_component>
      <object_component id="oc-d6">
         <name>.text</name>
         <load_address>0x3f2293</load_address>
         <run_address>0x3f2293</run_address>
         <size>0x2a</size>
         <input_file_ref idref="fl-20"/>
      </object_component>
      <object_component id="oc-19b">
         <name>.text</name>
         <load_address>0x3f22bd</load_address>
         <run_address>0x3f22bd</run_address>
         <size>0x2a</size>
         <input_file_ref idref="fl-47"/>
      </object_component>
      <object_component id="oc-205">
         <name>.text</name>
         <load_address>0x3f22e7</load_address>
         <run_address>0x3f22e7</run_address>
         <size>0x29</size>
         <input_file_ref idref="fl-31"/>
      </object_component>
      <object_component id="oc-236">
         <name>.text</name>
         <load_address>0x3f2310</load_address>
         <run_address>0x3f2310</run_address>
         <size>0x29</size>
         <input_file_ref idref="fl-49"/>
      </object_component>
      <object_component id="oc-22d">
         <name>.text</name>
         <load_address>0x3f2339</load_address>
         <run_address>0x3f2339</run_address>
         <size>0x25</size>
         <input_file_ref idref="fl-53"/>
      </object_component>
      <object_component id="oc-202">
         <name>.text</name>
         <load_address>0x3f235e</load_address>
         <run_address>0x3f235e</run_address>
         <size>0x24</size>
         <input_file_ref idref="fl-2d"/>
      </object_component>
      <object_component id="oc-23a">
         <name>.text</name>
         <load_address>0x3f2382</load_address>
         <run_address>0x3f2382</run_address>
         <size>0x24</size>
         <input_file_ref idref="fl-4e"/>
      </object_component>
      <object_component id="oc-ea">
         <name>.text</name>
         <load_address>0x3f23a6</load_address>
         <run_address>0x3f23a6</run_address>
         <size>0x21</size>
         <input_file_ref idref="fl-24"/>
      </object_component>
      <object_component id="oc-ef">
         <name>.text</name>
         <load_address>0x3f23c7</load_address>
         <run_address>0x3f23c7</run_address>
         <size>0x1f</size>
         <input_file_ref idref="fl-25"/>
      </object_component>
      <object_component id="oc-f9">
         <name>.text</name>
         <load_address>0x3f23e6</load_address>
         <run_address>0x3f23e6</run_address>
         <size>0x1e</size>
         <input_file_ref idref="fl-27"/>
      </object_component>
      <object_component id="oc-103">
         <name>.text</name>
         <load_address>0x3f2404</load_address>
         <run_address>0x3f2404</run_address>
         <size>0x1d</size>
         <input_file_ref idref="fl-29"/>
      </object_component>
      <object_component id="oc-206">
         <name>.text</name>
         <load_address>0x3f2421</load_address>
         <run_address>0x3f2421</run_address>
         <size>0x1d</size>
         <input_file_ref idref="fl-2e"/>
      </object_component>
      <object_component id="oc-10d">
         <name>.text</name>
         <load_address>0x3f243e</load_address>
         <run_address>0x3f243e</run_address>
         <size>0x1c</size>
         <input_file_ref idref="fl-2b"/>
      </object_component>
      <object_component id="oc-108">
         <name>.text</name>
         <load_address>0x3f245a</load_address>
         <run_address>0x3f245a</run_address>
         <size>0x1c</size>
         <input_file_ref idref="fl-2a"/>
      </object_component>
      <object_component id="oc-204">
         <name>.text</name>
         <load_address>0x3f2476</load_address>
         <run_address>0x3f2476</run_address>
         <size>0x19</size>
         <input_file_ref idref="fl-33"/>
      </object_component>
      <object_component id="oc-244">
         <name>.text</name>
         <load_address>0x3f248f</load_address>
         <run_address>0x3f248f</run_address>
         <size>0x19</size>
         <input_file_ref idref="fl-5a"/>
      </object_component>
      <object_component id="oc-21c">
         <name>.text</name>
         <load_address>0x3f24a8</load_address>
         <run_address>0x3f24a8</run_address>
         <size>0x19</size>
         <input_file_ref idref="fl-3f"/>
      </object_component>
      <object_component id="oc-f4">
         <name>.text</name>
         <load_address>0x3f24c1</load_address>
         <run_address>0x3f24c1</run_address>
         <size>0x18</size>
         <input_file_ref idref="fl-26"/>
      </object_component>
      <object_component id="oc-22e">
         <name>.text</name>
         <load_address>0x3f24d9</load_address>
         <run_address>0x3f24d9</run_address>
         <size>0x18</size>
         <input_file_ref idref="fl-52"/>
      </object_component>
      <object_component id="oc-243">
         <name>.text</name>
         <load_address>0x3f24f1</load_address>
         <run_address>0x3f24f1</run_address>
         <size>0x15</size>
         <input_file_ref idref="fl-57"/>
      </object_component>
      <object_component id="oc-e5">
         <name>.text</name>
         <load_address>0x3f2506</load_address>
         <run_address>0x3f2506</run_address>
         <size>0xe</size>
         <input_file_ref idref="fl-23"/>
      </object_component>
      <object_component id="oc-226">
         <name>.text</name>
         <load_address>0x3f2514</load_address>
         <run_address>0x3f2514</run_address>
         <size>0xd</size>
         <input_file_ref idref="fl-38"/>
      </object_component>
      <object_component id="oc-21e">
         <name>.text</name>
         <load_address>0x3f2521</load_address>
         <run_address>0x3f2521</run_address>
         <size>0xd</size>
         <input_file_ref idref="fl-39"/>
      </object_component>
      <object_component id="oc-223">
         <name>.text</name>
         <load_address>0x3f252e</load_address>
         <run_address>0x3f252e</run_address>
         <size>0xc</size>
         <input_file_ref idref="fl-3c"/>
      </object_component>
      <object_component id="oc-65">
         <name>.text:retain</name>
         <load_address>0x3f253a</load_address>
         <run_address>0x3f253a</run_address>
         <size>0xa</size>
         <input_file_ref idref="fl-5"/>
      </object_component>
      <object_component id="oc-242">
         <name>.text</name>
         <load_address>0x3f2544</load_address>
         <run_address>0x3f2544</run_address>
         <size>0xa</size>
         <input_file_ref idref="fl-56"/>
      </object_component>
      <object_component id="oc-20e">
         <name>.text</name>
         <load_address>0x3f254e</load_address>
         <run_address>0x3f254e</run_address>
         <size>0x9</size>
         <input_file_ref idref="fl-32"/>
      </object_component>
      <object_component id="oc-e0">
         <name>.text</name>
         <load_address>0x3f2557</load_address>
         <run_address>0x3f2557</run_address>
         <size>0x9</size>
         <input_file_ref idref="fl-22"/>
      </object_component>
      <object_component id="oc-227">
         <name>.text</name>
         <load_address>0x3f2560</load_address>
         <run_address>0x3f2560</run_address>
         <size>0x9</size>
         <input_file_ref idref="fl-1e"/>
      </object_component>
      <object_component id="oc-5e">
         <name>.text</name>
         <load_address>0x3f2569</load_address>
         <run_address>0x3f2569</run_address>
         <size>0x8</size>
         <input_file_ref idref="fl-4"/>
      </object_component>
      <object_component id="oc-21d">
         <name>.text</name>
         <load_address>0x3f2571</load_address>
         <run_address>0x3f2571</run_address>
         <size>0x8</size>
         <input_file_ref idref="fl-3e"/>
      </object_component>
      <object_component id="oc-224">
         <name>.text</name>
         <load_address>0x3f2579</load_address>
         <run_address>0x3f2579</run_address>
         <size>0x7</size>
         <input_file_ref idref="fl-3b"/>
      </object_component>
      <object_component id="oc-225">
         <name>.text</name>
         <load_address>0x3f2580</load_address>
         <run_address>0x3f2580</run_address>
         <size>0x5</size>
         <input_file_ref idref="fl-3d"/>
      </object_component>
      <object_component id="oc-23f">
         <name>.text</name>
         <load_address>0x3f2585</load_address>
         <run_address>0x3f2585</run_address>
         <size>0x3</size>
         <input_file_ref idref="fl-58"/>
      </object_component>
      <object_component id="oc-201">
         <name>.text</name>
         <load_address>0x3f2588</load_address>
         <run_address>0x3f2588</run_address>
         <size>0x2</size>
         <input_file_ref idref="fl-2f"/>
      </object_component>
      <object_component id="oc-5f">
         <name>codestart</name>
         <load_address>0x3f7ff6</load_address>
         <run_address>0x3f7ff6</run_address>
         <size>0x2</size>
         <input_file_ref idref="fl-4"/>
      </object_component>
      <object_component id="oc-20b">
         <name>ramfuncs</name>
         <load_address>0x3f258a</load_address>
         <run_address>0x8800</run_address>
         <size>0x1b</size>
         <input_file_ref idref="fl-5"/>
      </object_component>
      <object_component id="oc-a5">
         <name>ramfuncs</name>
         <load_address>0x3f25a5</load_address>
         <run_address>0x881b</run_address>
         <size>0x4</size>
         <input_file_ref idref="fl-7"/>
      </object_component>
      <object_component id="oc-d0">
         <name>.stack</name>
         <uninitialized>true</uninitialized>
         <run_address>0x50</run_address>
         <size>0x0</size>
         <input_file_ref idref="fl-1f"/>
      </object_component>
      <object_component id="oc-29b">
         <name>.stack</name>
         <uninitialized>true</uninitialized>
         <run_address>0x50</run_address>
         <size>0x0</size>
      </object_component>
      <object_component id="oc-12d">
         <name>.ebss</name>
         <uninitialized>true</uninitialized>
         <run_address>0xc0a8</run_address>
         <size>0x6</size>
         <input_file_ref idref="fl-31"/>
      </object_component>
      <object_component id="oc-208">
         <name>.ebss:__lock</name>
         <uninitialized>true</uninitialized>
         <run_address>0xc0b2</run_address>
         <size>0x2</size>
         <input_file_ref idref="fl-32"/>
      </object_component>
      <object_component id="oc-218">
         <name>.ebss:__unlock</name>
         <uninitialized>true</uninitialized>
         <run_address>0xc0b4</run_address>
         <size>0x2</size>
         <input_file_ref idref="fl-32"/>
      </object_component>
      <object_component id="oc-145">
         <name>.ebss</name>
         <uninitialized>true</uninitialized>
         <run_address>0xc0b6</run_address>
         <size>0x1</size>
         <input_file_ref idref="fl-36"/>
      </object_component>
      <object_component id="oc-216">
         <name>.ebss:__ftable</name>
         <uninitialized>true</uninitialized>
         <run_address>0xc0c0</run_address>
         <size>0x78</size>
         <input_file_ref idref="fl-36"/>
      </object_component>
      <object_component id="oc-23e">
         <name>.ebss:___TI_tmpnams</name>
         <uninitialized>true</uninitialized>
         <run_address>0xc000</run_address>
         <size>0xa0</size>
         <input_file_ref idref="fl-36"/>
      </object_component>
      <object_component id="oc-158">
         <name>.ebss</name>
         <uninitialized>true</uninitialized>
         <run_address>0xc0ae</run_address>
         <size>0x4</size>
         <input_file_ref idref="fl-3a"/>
      </object_component>
      <object_component id="oc-22a">
         <name>.ebss:__stream</name>
         <uninitialized>true</uninitialized>
         <run_address>0xc188</run_address>
         <size>0x28</size>
         <input_file_ref idref="fl-40"/>
      </object_component>
      <object_component id="oc-231">
         <name>.ebss:__device</name>
         <uninitialized>true</uninitialized>
         <run_address>0xc140</run_address>
         <size>0x48</size>
         <input_file_ref idref="fl-40"/>
      </object_component>
      <object_component id="oc-18c">
         <name>.ebss</name>
         <uninitialized>true</uninitialized>
         <run_address>0xc0b8</run_address>
         <size>0x1</size>
         <input_file_ref idref="fl-44"/>
      </object_component>
      <object_component id="oc-1a2">
         <name>.ebss</name>
         <uninitialized>true</uninitialized>
         <run_address>0xc0b7</run_address>
         <size>0x1</size>
         <input_file_ref idref="fl-48"/>
      </object_component>
      <object_component id="oc-240">
         <name>.ebss:_parmbuf</name>
         <uninitialized>true</uninitialized>
         <run_address>0xc0a0</run_address>
         <size>0x8</size>
         <input_file_ref idref="fl-4b"/>
      </object_component>
      <object_component id="oc-1cf">
         <name>.ebss</name>
         <uninitialized>true</uninitialized>
         <run_address>0xc0b9</run_address>
         <size>0x1</size>
         <input_file_ref idref="fl-51"/>
      </object_component>
      <object_component id="oc-159">
         <name>.esysmem</name>
         <uninitialized>true</uninitialized>
         <run_address>0x8000</run_address>
         <size>0x4</size>
         <input_file_ref idref="fl-3a"/>
      </object_component>
      <object_component id="oc-29c">
         <name>.esysmem</name>
         <uninitialized>true</uninitialized>
         <run_address>0x8000</run_address>
         <size>0x0</size>
      </object_component>
      <object_component id="oc-22c">
         <name>.econst:.string:__ctypes_</name>
         <load_address>0x3f25aa</load_address>
         <run_address>0x3f25aa</run_address>
         <size>0x101</size>
         <input_file_ref idref="fl-35"/>
      </object_component>
      <object_component id="oc-b1">
         <name>.econst:.string</name>
         <load_address>0x3f26ac</load_address>
         <run_address>0x3f26ac</run_address>
         <size>0x26</size>
         <input_file_ref idref="fl-19"/>
      </object_component>
      <object_component id="oc-54">
         <name>.econst:.string</name>
         <load_address>0x3f26d2</load_address>
         <run_address>0x3f26d2</run_address>
         <size>0x1c</size>
         <input_file_ref idref="fl-2"/>
      </object_component>
      <object_component id="oc-b0">
         <name>.econst</name>
         <load_address>0x3f26ee</load_address>
         <run_address>0x3f26ee</run_address>
         <size>0x1c</size>
         <input_file_ref idref="fl-19"/>
      </object_component>
      <object_component id="oc-180">
         <name>.econst</name>
         <load_address>0x3f270a</load_address>
         <run_address>0x3f270a</run_address>
         <size>0x1c</size>
         <input_file_ref idref="fl-42"/>
      </object_component>
      <object_component id="oc-17a">
         <name>.econst</name>
         <load_address>0x3f2726</load_address>
         <run_address>0x3f2726</run_address>
         <size>0x8</size>
         <input_file_ref idref="fl-41"/>
      </object_component>
      <object_component id="oc-bc">
         <name>.econst:.string</name>
         <load_address>0x3f272e</load_address>
         <run_address>0x3f272e</run_address>
         <size>0x2</size>
         <input_file_ref idref="fl-1b"/>
      </object_component>
      <object_component id="oc-212">
         <name>.switch:_digitalRead</name>
         <load_address>0x3f2730</load_address>
         <run_address>0x3f2730</run_address>
         <size>0x52</size>
         <input_file_ref idref="fl-1"/>
      </object_component>
      <object_component id="oc-211">
         <name>.switch:_digitalWrite</name>
         <load_address>0x3f2782</load_address>
         <run_address>0x3f2782</run_address>
         <size>0x52</size>
         <input_file_ref idref="fl-1"/>
      </object_component>
      <object_component id="oc-213">
         <name>.switch:_pinMode</name>
         <load_address>0x3f27d4</load_address>
         <run_address>0x3f27d4</run_address>
         <size>0x52</size>
         <input_file_ref idref="fl-1"/>
      </object_component>
      <object_component id="oc-210">
         <name>.switch:_togglePin</name>
         <load_address>0x3f2826</load_address>
         <run_address>0x3f2826</run_address>
         <size>0x52</size>
         <input_file_ref idref="fl-1"/>
      </object_component>
      <object_component id="oc-d1">
         <name>.reset</name>
         <load_address>0x3fffc0</load_address>
         <run_address>0x3fffc0</run_address>
         <size>0x2</size>
         <input_file_ref idref="fl-1f"/>
      </object_component>
      <object_component id="oc-a2">
         <name>PieVectTableFile</name>
         <uninitialized>true</uninitialized>
         <run_address>0xd00</run_address>
         <size>0x100</size>
         <input_file_ref idref="fl-6"/>
      </object_component>
      <object_component id="oc-6c">
         <name>EmuKeyVar</name>
         <uninitialized>true</uninitialized>
         <run_address>0xd00</run_address>
         <size>0x1</size>
         <input_file_ref idref="fl-6"/>
      </object_component>
      <object_component id="oc-6d">
         <name>EmuBModeVar</name>
         <uninitialized>true</uninitialized>
         <run_address>0xd01</run_address>
         <size>0x1</size>
         <input_file_ref idref="fl-6"/>
      </object_component>
      <object_component id="oc-6f">
         <name>FlashCallbackVar</name>
         <uninitialized>true</uninitialized>
         <run_address>0xd02</run_address>
         <size>0x2</size>
         <input_file_ref idref="fl-6"/>
      </object_component>
      <object_component id="oc-6e">
         <name>FlashScalingVar</name>
         <uninitialized>true</uninitialized>
         <run_address>0xd04</run_address>
         <size>0x2</size>
         <input_file_ref idref="fl-6"/>
      </object_component>
      <object_component id="oc-71">
         <name>DevEmuRegsFile</name>
         <uninitialized>true</uninitialized>
         <run_address>0x880</run_address>
         <size>0x4</size>
         <input_file_ref idref="fl-6"/>
      </object_component>
      <object_component id="oc-70">
         <name>SysPwrCtrlRegsFile</name>
         <uninitialized>true</uninitialized>
         <run_address>0x985</run_address>
         <size>0x3</size>
         <input_file_ref idref="fl-6"/>
      </object_component>
      <object_component id="oc-76">
         <name>FlashRegsFile</name>
         <uninitialized>true</uninitialized>
         <run_address>0xa80</run_address>
         <size>0x8</size>
         <input_file_ref idref="fl-6"/>
      </object_component>
      <object_component id="oc-78">
         <name>CsmRegsFile</name>
         <uninitialized>true</uninitialized>
         <run_address>0xae0</run_address>
         <size>0x10</size>
         <input_file_ref idref="fl-6"/>
      </object_component>
      <object_component id="oc-77">
         <name>AdcResultFile</name>
         <uninitialized>true</uninitialized>
         <run_address>0xb00</run_address>
         <size>0x10</size>
         <input_file_ref idref="fl-6"/>
      </object_component>
      <object_component id="oc-72">
         <name>CpuTimer0RegsFile</name>
         <uninitialized>true</uninitialized>
         <run_address>0xc00</run_address>
         <size>0x8</size>
         <input_file_ref idref="fl-6"/>
      </object_component>
      <object_component id="oc-73">
         <name>CpuTimer1RegsFile</name>
         <uninitialized>true</uninitialized>
         <run_address>0xc08</run_address>
         <size>0x8</size>
         <input_file_ref idref="fl-6"/>
      </object_component>
      <object_component id="oc-74">
         <name>CpuTimer2RegsFile</name>
         <uninitialized>true</uninitialized>
         <run_address>0xc10</run_address>
         <size>0x8</size>
         <input_file_ref idref="fl-6"/>
      </object_component>
      <object_component id="oc-82">
         <name>PieCtrlRegsFile</name>
         <uninitialized>true</uninitialized>
         <run_address>0xce0</run_address>
         <size>0x1a</size>
         <input_file_ref idref="fl-6"/>
      </object_component>
      <object_component id="oc-92">
         <name>Cla1RegsFile</name>
         <uninitialized>true</uninitialized>
         <run_address>0x1400</run_address>
         <size>0x40</size>
         <input_file_ref idref="fl-6"/>
      </object_component>
      <object_component id="oc-a0">
         <name>DmaRegsFile</name>
         <uninitialized>true</uninitialized>
         <run_address>0x1000</run_address>
         <size>0xe0</size>
         <input_file_ref idref="fl-6"/>
      </object_component>
      <object_component id="oc-91">
         <name>ECanaRegsFile</name>
         <uninitialized>true</uninitialized>
         <run_address>0x6000</run_address>
         <size>0x34</size>
         <input_file_ref idref="fl-6"/>
      </object_component>
      <object_component id="oc-93">
         <name>ECanaLAMRegsFile</name>
         <uninitialized>true</uninitialized>
         <run_address>0x6040</run_address>
         <size>0x40</size>
         <input_file_ref idref="fl-6"/>
      </object_component>
      <object_component id="oc-a1">
         <name>ECanaMboxesFile</name>
         <uninitialized>true</uninitialized>
         <run_address>0x6100</run_address>
         <size>0x100</size>
         <input_file_ref idref="fl-6"/>
      </object_component>
      <object_component id="oc-94">
         <name>ECanaMOTSRegsFile</name>
         <uninitialized>true</uninitialized>
         <run_address>0x6080</run_address>
         <size>0x40</size>
         <input_file_ref idref="fl-6"/>
      </object_component>
      <object_component id="oc-95">
         <name>ECanaMOTORegsFile</name>
         <uninitialized>true</uninitialized>
         <run_address>0x60c0</run_address>
         <size>0x40</size>
         <input_file_ref idref="fl-6"/>
      </object_component>
      <object_component id="oc-83">
         <name>ECap1RegsFile</name>
         <uninitialized>true</uninitialized>
         <run_address>0x6a00</run_address>
         <size>0x20</size>
         <input_file_ref idref="fl-6"/>
      </object_component>
      <object_component id="oc-84">
         <name>ECap2RegsFile</name>
         <uninitialized>true</uninitialized>
         <run_address>0x6a20</run_address>
         <size>0x20</size>
         <input_file_ref idref="fl-6"/>
      </object_component>
      <object_component id="oc-85">
         <name>ECap3RegsFile</name>
         <uninitialized>true</uninitialized>
         <run_address>0x6a40</run_address>
         <size>0x20</size>
         <input_file_ref idref="fl-6"/>
      </object_component>
      <object_component id="oc-8c">
         <name>EQep1RegsFile</name>
         <uninitialized>true</uninitialized>
         <run_address>0x6b00</run_address>
         <size>0x22</size>
         <input_file_ref idref="fl-6"/>
      </object_component>
      <object_component id="oc-8d">
         <name>EQep2RegsFile</name>
         <uninitialized>true</uninitialized>
         <run_address>0x6b40</run_address>
         <size>0x22</size>
         <input_file_ref idref="fl-6"/>
      </object_component>
      <object_component id="oc-9e">
         <name>GpioCtrlRegsFile</name>
         <uninitialized>true</uninitialized>
         <run_address>0x6f80</run_address>
         <size>0x40</size>
         <input_file_ref idref="fl-6"/>
      </object_component>
      <object_component id="oc-86">
         <name>GpioDataRegsFile</name>
         <uninitialized>true</uninitialized>
         <run_address>0x6fc0</run_address>
         <size>0x20</size>
         <input_file_ref idref="fl-6"/>
      </object_component>
      <object_component id="oc-87">
         <name>GpioIntRegsFile</name>
         <uninitialized>true</uninitialized>
         <run_address>0x6fe0</run_address>
         <size>0x20</size>
         <input_file_ref idref="fl-6"/>
      </object_component>
      <object_component id="oc-88">
         <name>HRCap1RegsFile</name>
         <uninitialized>true</uninitialized>
         <run_address>0x6ac0</run_address>
         <size>0x20</size>
         <input_file_ref idref="fl-6"/>
      </object_component>
      <object_component id="oc-89">
         <name>HRCap2RegsFile</name>
         <uninitialized>true</uninitialized>
         <run_address>0x6ae0</run_address>
         <size>0x20</size>
         <input_file_ref idref="fl-6"/>
      </object_component>
      <object_component id="oc-8a">
         <name>HRCap3RegsFile</name>
         <uninitialized>true</uninitialized>
         <run_address>0x6c80</run_address>
         <size>0x20</size>
         <input_file_ref idref="fl-6"/>
      </object_component>
      <object_component id="oc-8b">
         <name>HRCap4RegsFile</name>
         <uninitialized>true</uninitialized>
         <run_address>0x6ca0</run_address>
         <size>0x20</size>
         <input_file_ref idref="fl-6"/>
      </object_component>
      <object_component id="oc-90">
         <name>SysCtrlRegsFile</name>
         <uninitialized>true</uninitialized>
         <run_address>0x7010</run_address>
         <size>0x30</size>
         <input_file_ref idref="fl-6"/>
      </object_component>
      <object_component id="oc-7c">
         <name>SpiaRegsFile</name>
         <uninitialized>true</uninitialized>
         <run_address>0x7040</run_address>
         <size>0x10</size>
         <input_file_ref idref="fl-6"/>
      </object_component>
      <object_component id="oc-7d">
         <name>SpibRegsFile</name>
         <uninitialized>true</uninitialized>
         <run_address>0x7740</run_address>
         <size>0x10</size>
         <input_file_ref idref="fl-6"/>
      </object_component>
      <object_component id="oc-7a">
         <name>SciaRegsFile</name>
         <uninitialized>true</uninitialized>
         <run_address>0x7050</run_address>
         <size>0x10</size>
         <input_file_ref idref="fl-6"/>
      </object_component>
      <object_component id="oc-7b">
         <name>ScibRegsFile</name>
         <uninitialized>true</uninitialized>
         <run_address>0x7750</run_address>
         <size>0x10</size>
         <input_file_ref idref="fl-6"/>
      </object_component>
      <object_component id="oc-79">
         <name>NmiIntruptRegsFile</name>
         <uninitialized>true</uninitialized>
         <run_address>0x7060</run_address>
         <size>0x10</size>
         <input_file_ref idref="fl-6"/>
      </object_component>
      <object_component id="oc-7e">
         <name>XIntruptRegsFile</name>
         <uninitialized>true</uninitialized>
         <run_address>0x7070</run_address>
         <size>0x10</size>
         <input_file_ref idref="fl-6"/>
      </object_component>
      <object_component id="oc-9f">
         <name>AdcRegsFile</name>
         <uninitialized>true</uninitialized>
         <run_address>0x7100</run_address>
         <size>0x50</size>
         <input_file_ref idref="fl-6"/>
      </object_component>
      <object_component id="oc-8e">
         <name>I2caRegsFile</name>
         <uninitialized>true</uninitialized>
         <run_address>0x7900</run_address>
         <size>0x22</size>
         <input_file_ref idref="fl-6"/>
      </object_component>
      <object_component id="oc-7f">
         <name>Comp1RegsFile</name>
         <uninitialized>true</uninitialized>
         <run_address>0x6400</run_address>
         <size>0x14</size>
         <input_file_ref idref="fl-6"/>
      </object_component>
      <object_component id="oc-80">
         <name>Comp2RegsFile</name>
         <uninitialized>true</uninitialized>
         <run_address>0x6420</run_address>
         <size>0x14</size>
         <input_file_ref idref="fl-6"/>
      </object_component>
      <object_component id="oc-81">
         <name>Comp3RegsFile</name>
         <uninitialized>true</uninitialized>
         <run_address>0x6440</run_address>
         <size>0x14</size>
         <input_file_ref idref="fl-6"/>
      </object_component>
      <object_component id="oc-96">
         <name>EPwm1RegsFile</name>
         <uninitialized>true</uninitialized>
         <run_address>0x6800</run_address>
         <size>0x40</size>
         <input_file_ref idref="fl-6"/>
      </object_component>
      <object_component id="oc-97">
         <name>EPwm2RegsFile</name>
         <uninitialized>true</uninitialized>
         <run_address>0x6840</run_address>
         <size>0x40</size>
         <input_file_ref idref="fl-6"/>
      </object_component>
      <object_component id="oc-98">
         <name>EPwm3RegsFile</name>
         <uninitialized>true</uninitialized>
         <run_address>0x6880</run_address>
         <size>0x40</size>
         <input_file_ref idref="fl-6"/>
      </object_component>
      <object_component id="oc-99">
         <name>EPwm4RegsFile</name>
         <uninitialized>true</uninitialized>
         <run_address>0x68c0</run_address>
         <size>0x40</size>
         <input_file_ref idref="fl-6"/>
      </object_component>
      <object_component id="oc-9a">
         <name>EPwm5RegsFile</name>
         <uninitialized>true</uninitialized>
         <run_address>0x6900</run_address>
         <size>0x40</size>
         <input_file_ref idref="fl-6"/>
      </object_component>
      <object_component id="oc-9b">
         <name>EPwm6RegsFile</name>
         <uninitialized>true</uninitialized>
         <run_address>0x6940</run_address>
         <size>0x40</size>
         <input_file_ref idref="fl-6"/>
      </object_component>
      <object_component id="oc-9c">
         <name>EPwm7RegsFile</name>
         <uninitialized>true</uninitialized>
         <run_address>0x6980</run_address>
         <size>0x40</size>
         <input_file_ref idref="fl-6"/>
      </object_component>
      <object_component id="oc-9d">
         <name>EPwm8RegsFile</name>
         <uninitialized>true</uninitialized>
         <run_address>0x69c0</run_address>
         <size>0x40</size>
         <input_file_ref idref="fl-6"/>
      </object_component>
      <object_component id="oc-8f">
         <name>McbspaRegsFile</name>
         <uninitialized>true</uninitialized>
         <run_address>0x5000</run_address>
         <size>0x24</size>
         <input_file_ref idref="fl-6"/>
      </object_component>
      <object_component id="oc-a3">
         <name>Usb0RegsFile</name>
         <uninitialized>true</uninitialized>
         <run_address>0x4000</run_address>
         <size>0x454</size>
         <input_file_ref idref="fl-6"/>
      </object_component>
      <object_component id="oc-75">
         <name>CsmPwlFile</name>
         <uninitialized>true</uninitialized>
         <run_address>0x3f7ff8</run_address>
         <size>0x8</size>
         <input_file_ref idref="fl-6"/>
      </object_component>
      <object_component id="oc-6b">
         <name>PartIdRegsFile</name>
         <uninitialized>true</uninitialized>
         <run_address>0x3d7e80</run_address>
         <size>0x1</size>
         <input_file_ref idref="fl-6"/>
      </object_component>
      <object_component id="oc-4e">
         <name>.debug_info</name>
         <load_address>0x0</load_address>
         <run_address>0x0</run_address>
         <size>0x1c3e</size>
         <input_file_ref idref="fl-1"/>
      </object_component>
      <object_component id="oc-53">
         <name>.debug_info</name>
         <load_address>0x1c3e</load_address>
         <run_address>0x1c3e</run_address>
         <size>0x6c2</size>
         <input_file_ref idref="fl-2"/>
      </object_component>
      <object_component id="oc-59">
         <name>.debug_info</name>
         <load_address>0x2300</load_address>
         <run_address>0x2300</run_address>
         <size>0x38bd</size>
         <input_file_ref idref="fl-3"/>
      </object_component>
      <object_component id="oc-61">
         <name>.debug_info</name>
         <load_address>0x5bbd</load_address>
         <run_address>0x5bbd</run_address>
         <size>0x12b</size>
         <input_file_ref idref="fl-4"/>
      </object_component>
      <object_component id="oc-64">
         <name>.debug_info</name>
         <load_address>0x5ce8</load_address>
         <run_address>0x5ce8</run_address>
         <size>0x39ae</size>
         <input_file_ref idref="fl-5"/>
      </object_component>
      <object_component id="oc-6a">
         <name>.debug_info</name>
         <load_address>0x9696</load_address>
         <run_address>0x9696</run_address>
         <size>0x1afc6</size>
         <input_file_ref idref="fl-6"/>
      </object_component>
      <object_component id="oc-a7">
         <name>.debug_info</name>
         <load_address>0x2465c</load_address>
         <run_address>0x2465c</run_address>
         <size>0xf0</size>
         <input_file_ref idref="fl-7"/>
      </object_component>
      <object_component id="oc-aa">
         <name>.debug_info</name>
         <load_address>0x2474c</load_address>
         <run_address>0x2474c</run_address>
         <size>0x715</size>
         <input_file_ref idref="fl-18"/>
      </object_component>
      <object_component id="oc-af">
         <name>.debug_info</name>
         <load_address>0x24e61</load_address>
         <run_address>0x24e61</run_address>
         <size>0x26c0</size>
         <input_file_ref idref="fl-19"/>
      </object_component>
      <object_component id="oc-b6">
         <name>.debug_info</name>
         <load_address>0x27521</load_address>
         <run_address>0x27521</run_address>
         <size>0x642</size>
         <input_file_ref idref="fl-1a"/>
      </object_component>
      <object_component id="oc-bb">
         <name>.debug_info</name>
         <load_address>0x27b63</load_address>
         <run_address>0x27b63</run_address>
         <size>0x7f7</size>
         <input_file_ref idref="fl-1b"/>
      </object_component>
      <object_component id="oc-c1">
         <name>.debug_info</name>
         <load_address>0x2835a</load_address>
         <run_address>0x2835a</run_address>
         <size>0x5c1</size>
         <input_file_ref idref="fl-1c"/>
      </object_component>
      <object_component id="oc-c6">
         <name>.debug_info</name>
         <load_address>0x2891b</load_address>
         <run_address>0x2891b</run_address>
         <size>0x60a</size>
         <input_file_ref idref="fl-1d"/>
      </object_component>
      <object_component id="oc-cb">
         <name>.debug_info</name>
         <load_address>0x28f25</load_address>
         <run_address>0x28f25</run_address>
         <size>0x40d</size>
         <input_file_ref idref="fl-1e"/>
      </object_component>
      <object_component id="oc-d2">
         <name>.debug_info</name>
         <load_address>0x29332</load_address>
         <run_address>0x29332</run_address>
         <size>0x174</size>
         <input_file_ref idref="fl-1f"/>
      </object_component>
      <object_component id="oc-d7">
         <name>.debug_info</name>
         <load_address>0x294a6</load_address>
         <run_address>0x294a6</run_address>
         <size>0x121</size>
         <input_file_ref idref="fl-20"/>
      </object_component>
      <object_component id="oc-dc">
         <name>.debug_info</name>
         <load_address>0x295c7</load_address>
         <run_address>0x295c7</run_address>
         <size>0x115</size>
         <input_file_ref idref="fl-21"/>
      </object_component>
      <object_component id="oc-e1">
         <name>.debug_info</name>
         <load_address>0x296dc</load_address>
         <run_address>0x296dc</run_address>
         <size>0x115</size>
         <input_file_ref idref="fl-22"/>
      </object_component>
      <object_component id="oc-e6">
         <name>.debug_info</name>
         <load_address>0x297f1</load_address>
         <run_address>0x297f1</run_address>
         <size>0x123</size>
         <input_file_ref idref="fl-23"/>
      </object_component>
      <object_component id="oc-eb">
         <name>.debug_info</name>
         <load_address>0x29914</load_address>
         <run_address>0x29914</run_address>
         <size>0x115</size>
         <input_file_ref idref="fl-24"/>
      </object_component>
      <object_component id="oc-f0">
         <name>.debug_info</name>
         <load_address>0x29a29</load_address>
         <run_address>0x29a29</run_address>
         <size>0x115</size>
         <input_file_ref idref="fl-25"/>
      </object_component>
      <object_component id="oc-f5">
         <name>.debug_info</name>
         <load_address>0x29b3e</load_address>
         <run_address>0x29b3e</run_address>
         <size>0x177</size>
         <input_file_ref idref="fl-26"/>
      </object_component>
      <object_component id="oc-fa">
         <name>.debug_info</name>
         <load_address>0x29cb5</load_address>
         <run_address>0x29cb5</run_address>
         <size>0x14f</size>
         <input_file_ref idref="fl-27"/>
      </object_component>
      <object_component id="oc-ff">
         <name>.debug_info</name>
         <load_address>0x29e04</load_address>
         <run_address>0x29e04</run_address>
         <size>0x232</size>
         <input_file_ref idref="fl-28"/>
      </object_component>
      <object_component id="oc-104">
         <name>.debug_info</name>
         <load_address>0x2a036</load_address>
         <run_address>0x2a036</run_address>
         <size>0x119</size>
         <input_file_ref idref="fl-29"/>
      </object_component>
      <object_component id="oc-109">
         <name>.debug_info</name>
         <load_address>0x2a14f</load_address>
         <run_address>0x2a14f</run_address>
         <size>0x119</size>
         <input_file_ref idref="fl-2a"/>
      </object_component>
      <object_component id="oc-10e">
         <name>.debug_info</name>
         <load_address>0x2a268</load_address>
         <run_address>0x2a268</run_address>
         <size>0x11b</size>
         <input_file_ref idref="fl-2b"/>
      </object_component>
      <object_component id="oc-113">
         <name>.debug_info</name>
         <load_address>0x2a383</load_address>
         <run_address>0x2a383</run_address>
         <size>0x115</size>
         <input_file_ref idref="fl-2c"/>
      </object_component>
      <object_component id="oc-117">
         <name>.debug_info</name>
         <load_address>0x2a498</load_address>
         <run_address>0x2a498</run_address>
         <size>0x562</size>
         <input_file_ref idref="fl-2d"/>
      </object_component>
      <object_component id="oc-11c">
         <name>.debug_info</name>
         <load_address>0x2a9fa</load_address>
         <run_address>0x2a9fa</run_address>
         <size>0x43b</size>
         <input_file_ref idref="fl-2e"/>
      </object_component>
      <object_component id="oc-121">
         <name>.debug_info</name>
         <load_address>0x2ae35</load_address>
         <run_address>0x2ae35</run_address>
         <size>0x3ae</size>
         <input_file_ref idref="fl-2f"/>
      </object_component>
      <object_component id="oc-126">
         <name>.debug_info</name>
         <load_address>0x2b1e3</load_address>
         <run_address>0x2b1e3</run_address>
         <size>0x3ab</size>
         <input_file_ref idref="fl-30"/>
      </object_component>
      <object_component id="oc-12b">
         <name>.debug_info</name>
         <load_address>0x2b58e</load_address>
         <run_address>0x2b58e</run_address>
         <size>0x545</size>
         <input_file_ref idref="fl-31"/>
      </object_component>
      <object_component id="oc-132">
         <name>.debug_info</name>
         <load_address>0x2bad3</load_address>
         <run_address>0x2bad3</run_address>
         <size>0x4cd</size>
         <input_file_ref idref="fl-32"/>
      </object_component>
      <object_component id="oc-137">
         <name>.debug_info</name>
         <load_address>0x2bfa0</load_address>
         <run_address>0x2bfa0</run_address>
         <size>0x468</size>
         <input_file_ref idref="fl-33"/>
      </object_component>
      <object_component id="oc-13c">
         <name>.debug_info</name>
         <load_address>0x2c408</load_address>
         <run_address>0x2c408</run_address>
         <size>0x420</size>
         <input_file_ref idref="fl-34"/>
      </object_component>
      <object_component id="oc-141">
         <name>.debug_info</name>
         <load_address>0x2c828</load_address>
         <run_address>0x2c828</run_address>
         <size>0x1e8</size>
         <input_file_ref idref="fl-35"/>
      </object_component>
      <object_component id="oc-143">
         <name>.debug_info</name>
         <load_address>0x2ca10</load_address>
         <run_address>0x2ca10</run_address>
         <size>0x2e3</size>
         <input_file_ref idref="fl-36"/>
      </object_component>
      <object_component id="oc-147">
         <name>.debug_info</name>
         <load_address>0x2ccf3</load_address>
         <run_address>0x2ccf3</run_address>
         <size>0x460</size>
         <input_file_ref idref="fl-37"/>
      </object_component>
      <object_component id="oc-14c">
         <name>.debug_info</name>
         <load_address>0x2d153</load_address>
         <run_address>0x2d153</run_address>
         <size>0x439</size>
         <input_file_ref idref="fl-38"/>
      </object_component>
      <object_component id="oc-151">
         <name>.debug_info</name>
         <load_address>0x2d58c</load_address>
         <run_address>0x2d58c</run_address>
         <size>0x4d7</size>
         <input_file_ref idref="fl-39"/>
      </object_component>
      <object_component id="oc-156">
         <name>.debug_info</name>
         <load_address>0x2da63</load_address>
         <run_address>0x2da63</run_address>
         <size>0xf63</size>
         <input_file_ref idref="fl-3a"/>
      </object_component>
      <object_component id="oc-15e">
         <name>.debug_info</name>
         <load_address>0x2e9c6</load_address>
         <run_address>0x2e9c6</run_address>
         <size>0x503</size>
         <input_file_ref idref="fl-3b"/>
      </object_component>
      <object_component id="oc-163">
         <name>.debug_info</name>
         <load_address>0x2eec9</load_address>
         <run_address>0x2eec9</run_address>
         <size>0x4f2</size>
         <input_file_ref idref="fl-3c"/>
      </object_component>
      <object_component id="oc-168">
         <name>.debug_info</name>
         <load_address>0x2f3bb</load_address>
         <run_address>0x2f3bb</run_address>
         <size>0x4e5</size>
         <input_file_ref idref="fl-3d"/>
      </object_component>
      <object_component id="oc-16d">
         <name>.debug_info</name>
         <load_address>0x2f8a0</load_address>
         <run_address>0x2f8a0</run_address>
         <size>0x4ab</size>
         <input_file_ref idref="fl-3e"/>
      </object_component>
      <object_component id="oc-172">
         <name>.debug_info</name>
         <load_address>0x2fd4b</load_address>
         <run_address>0x2fd4b</run_address>
         <size>0x645</size>
         <input_file_ref idref="fl-3f"/>
      </object_component>
      <object_component id="oc-177">
         <name>.debug_info</name>
         <load_address>0x30390</load_address>
         <run_address>0x30390</run_address>
         <size>0x54f</size>
         <input_file_ref idref="fl-40"/>
      </object_component>
      <object_component id="oc-179">
         <name>.debug_info</name>
         <load_address>0x308df</load_address>
         <run_address>0x308df</run_address>
         <size>0x4a7</size>
         <input_file_ref idref="fl-41"/>
      </object_component>
      <object_component id="oc-17f">
         <name>.debug_info</name>
         <load_address>0x30d86</load_address>
         <run_address>0x30d86</run_address>
         <size>0x533</size>
         <input_file_ref idref="fl-42"/>
      </object_component>
      <object_component id="oc-185">
         <name>.debug_info</name>
         <load_address>0x312b9</load_address>
         <run_address>0x312b9</run_address>
         <size>0x62c</size>
         <input_file_ref idref="fl-43"/>
      </object_component>
      <object_component id="oc-18a">
         <name>.debug_info</name>
         <load_address>0x318e5</load_address>
         <run_address>0x318e5</run_address>
         <size>0x8e4</size>
         <input_file_ref idref="fl-44"/>
      </object_component>
      <object_component id="oc-191">
         <name>.debug_info</name>
         <load_address>0x321c9</load_address>
         <run_address>0x321c9</run_address>
         <size>0x597</size>
         <input_file_ref idref="fl-45"/>
      </object_component>
      <object_component id="oc-197">
         <name>.debug_info</name>
         <load_address>0x32760</load_address>
         <run_address>0x32760</run_address>
         <size>0x115</size>
         <input_file_ref idref="fl-46"/>
      </object_component>
      <object_component id="oc-19c">
         <name>.debug_info</name>
         <load_address>0x32875</load_address>
         <run_address>0x32875</run_address>
         <size>0x1a6</size>
         <input_file_ref idref="fl-47"/>
      </object_component>
      <object_component id="oc-1a0">
         <name>.debug_info</name>
         <load_address>0x32a1b</load_address>
         <run_address>0x32a1b</run_address>
         <size>0x1c7</size>
         <input_file_ref idref="fl-48"/>
      </object_component>
      <object_component id="oc-1a4">
         <name>.debug_info</name>
         <load_address>0x32be2</load_address>
         <run_address>0x32be2</run_address>
         <size>0x550</size>
         <input_file_ref idref="fl-49"/>
      </object_component>
      <object_component id="oc-1a9">
         <name>.debug_info</name>
         <load_address>0x33132</load_address>
         <run_address>0x33132</run_address>
         <size>0x5a8</size>
         <input_file_ref idref="fl-4a"/>
      </object_component>
      <object_component id="oc-1ae">
         <name>.debug_info</name>
         <load_address>0x336da</load_address>
         <run_address>0x336da</run_address>
         <size>0x5d5</size>
         <input_file_ref idref="fl-4b"/>
      </object_component>
      <object_component id="oc-1b3">
         <name>.debug_info</name>
         <load_address>0x33caf</load_address>
         <run_address>0x33caf</run_address>
         <size>0x59d</size>
         <input_file_ref idref="fl-4c"/>
      </object_component>
      <object_component id="oc-1b8">
         <name>.debug_info</name>
         <load_address>0x3424c</load_address>
         <run_address>0x3424c</run_address>
         <size>0x632</size>
         <input_file_ref idref="fl-4d"/>
      </object_component>
      <object_component id="oc-1bd">
         <name>.debug_info</name>
         <load_address>0x3487e</load_address>
         <run_address>0x3487e</run_address>
         <size>0x572</size>
         <input_file_ref idref="fl-4e"/>
      </object_component>
      <object_component id="oc-1c2">
         <name>.debug_info</name>
         <load_address>0x34df0</load_address>
         <run_address>0x34df0</run_address>
         <size>0x5a2</size>
         <input_file_ref idref="fl-4f"/>
      </object_component>
      <object_component id="oc-1c7">
         <name>.debug_info</name>
         <load_address>0x35392</load_address>
         <run_address>0x35392</run_address>
         <size>0x591</size>
         <input_file_ref idref="fl-50"/>
      </object_component>
      <object_component id="oc-1cd">
         <name>.debug_info</name>
         <load_address>0x35923</load_address>
         <run_address>0x35923</run_address>
         <size>0x752</size>
         <input_file_ref idref="fl-51"/>
      </object_component>
      <object_component id="oc-1d4">
         <name>.debug_info</name>
         <load_address>0x36075</load_address>
         <run_address>0x36075</run_address>
         <size>0x651</size>
         <input_file_ref idref="fl-52"/>
      </object_component>
      <object_component id="oc-1d9">
         <name>.debug_info</name>
         <load_address>0x366c6</load_address>
         <run_address>0x366c6</run_address>
         <size>0x424</size>
         <input_file_ref idref="fl-53"/>
      </object_component>
      <object_component id="oc-1de">
         <name>.debug_info</name>
         <load_address>0x36aea</load_address>
         <run_address>0x36aea</run_address>
         <size>0x6c0</size>
         <input_file_ref idref="fl-54"/>
      </object_component>
      <object_component id="oc-1e3">
         <name>.debug_info</name>
         <load_address>0x371aa</load_address>
         <run_address>0x371aa</run_address>
         <size>0x790</size>
         <input_file_ref idref="fl-55"/>
      </object_component>
      <object_component id="oc-1e8">
         <name>.debug_info</name>
         <load_address>0x3793a</load_address>
         <run_address>0x3793a</run_address>
         <size>0x4e2</size>
         <input_file_ref idref="fl-56"/>
      </object_component>
      <object_component id="oc-1ed">
         <name>.debug_info</name>
         <load_address>0x37e1c</load_address>
         <run_address>0x37e1c</run_address>
         <size>0x50f</size>
         <input_file_ref idref="fl-57"/>
      </object_component>
      <object_component id="oc-1f2">
         <name>.debug_info</name>
         <load_address>0x3832b</load_address>
         <run_address>0x3832b</run_address>
         <size>0x3e6</size>
         <input_file_ref idref="fl-58"/>
      </object_component>
      <object_component id="oc-1f7">
         <name>.debug_info</name>
         <load_address>0x38711</load_address>
         <run_address>0x38711</run_address>
         <size>0x65e</size>
         <input_file_ref idref="fl-59"/>
      </object_component>
      <object_component id="oc-1fc">
         <name>.debug_info</name>
         <load_address>0x38d6f</load_address>
         <run_address>0x38d6f</run_address>
         <size>0x63b</size>
         <input_file_ref idref="fl-5a"/>
      </object_component>
      <object_component id="oc-29d">
         <name>.debug_info</name>
         <load_address>0x393aa</load_address>
         <run_address>0x393aa</run_address>
         <size>0xa1</size>
      </object_component>
      <object_component id="oc-4f">
         <name>.debug_frame</name>
         <load_address>0x0</load_address>
         <run_address>0x0</run_address>
         <size>0xa8</size>
         <input_file_ref idref="fl-1"/>
      </object_component>
      <object_component id="oc-55">
         <name>.debug_frame</name>
         <load_address>0xa8</load_address>
         <run_address>0xa8</run_address>
         <size>0x74</size>
         <input_file_ref idref="fl-2"/>
      </object_component>
      <object_component id="oc-5a">
         <name>.debug_frame</name>
         <load_address>0x11c</load_address>
         <run_address>0x11c</run_address>
         <size>0x28</size>
         <input_file_ref idref="fl-3"/>
      </object_component>
      <object_component id="oc-66">
         <name>.debug_frame</name>
         <load_address>0x144</load_address>
         <run_address>0x144</run_address>
         <size>0x148</size>
         <input_file_ref idref="fl-5"/>
      </object_component>
      <object_component id="oc-ab">
         <name>.debug_frame</name>
         <load_address>0x28c</load_address>
         <run_address>0x28c</run_address>
         <size>0x7c</size>
         <input_file_ref idref="fl-18"/>
      </object_component>
      <object_component id="oc-b2">
         <name>.debug_frame</name>
         <load_address>0x308</load_address>
         <run_address>0x308</run_address>
         <size>0x43c</size>
         <input_file_ref idref="fl-19"/>
[...]
      <symbol id="sm-289">
         <name>_EQep2Regs</name>
         <value>0x6b40</value>
         <object_component_ref idref="oc-8d"/>
      </symbol>
      <symbol id="sm-28a">
         <name>_PartIdRegs</name>
         <value>0x3d7e80</value>
         <object_component_ref idref="oc-6b"/>
      </symbol>
      <symbol id="sm-28b">
         <name>_HRCap3Regs</name>
         <value>0x6c80</value>
         <object_component_ref idref="oc-8a"/>
      </symbol>
      <symbol id="sm-28c">
         <name>_EPwm8Regs</name>
         <value>0x69c0</value>
         <object_component_ref idref="oc-9d"/>
      </symbol>
      <symbol id="sm-28d">
         <name>_Flash_CPUScaleFactor</name>
         <value>0xd04</value>
         <object_component_ref idref="oc-6e"/>
      </symbol>
      <symbol id="sm-28e">
         <name>_EPwm2Regs</name>
         <value>0x6840</value>
         <object_component_ref idref="oc-97"/>
      </symbol>
      <symbol id="sm-28f">
         <name>_ECanaMboxes</name>
         <value>0x6100</value>
         <object_component_ref idref="oc-a1"/>
      </symbol>
      <symbol id="sm-290">
         <name>_ECap3Regs</name>
         <value>0x6a40</value>
         <object_component_ref idref="oc-85"/>
      </symbol>
      <symbol id="sm-291">
         <name>_HRCap2Regs</name>
         <value>0x6ae0</value>
         <object_component_ref idref="oc-89"/>
      </symbol>
      <symbol id="sm-292">
         <name>_NmiIntruptRegs</name>
         <value>0x7060</value>
         <object_component_ref idref="oc-79"/>
      </symbol>
      <symbol id="sm-293">
         <name>_ECanaMOTORegs</name>
         <value>0x60c0</value>
         <object_component_ref idref="oc-95"/>
      </symbol>
      <symbol id="sm-294">
         <name>_Flash_CallbackPtr</name>
         <value>0xd02</value>
         <object_component_ref idref="oc-6f"/>
      </symbol>
      <symbol id="sm-295">
         <name>_EPwm3Regs</name>
         <value>0x6880</value>
         <object_component_ref idref="oc-98"/>
      </symbol>
      <symbol id="sm-296">
         <name>_I2caRegs</name>
         <value>0x7900</value>
         <object_component_ref idref="oc-8e"/>
      </symbol>
      <symbol id="sm-2a2">
         <name>_DSP28x_usDelay</name>
         <value>0x881b</value>
         <object_component_ref idref="oc-a5"/>
      </symbol>
      <symbol id="sm-2b2">
         <name>_printf</name>
         <value>0x3f21d1</value>
         <object_component_ref idref="oc-20d"/>
      </symbol>
      <symbol id="sm-413">
         <name>___TI_printfi</name>
         <value>0x3f0b52</value>
         <object_component_ref idref="oc-219"/>
      </symbol>
      <symbol id="sm-427">
         <name>_putchar</name>
         <value>0x3f1ffb</value>
         <object_component_ref idref="oc-214"/>
      </symbol>
      <symbol id="sm-429">
         <name>_putc</name>
         <value>0x3f1fad</value>
         <object_component_ref idref="oc-214"/>
      </symbol>
      <symbol id="sm-42a">
         <name>_fputc</name>
         <value>0x3f1fad</value>
         <object_component_ref idref="oc-214"/>
      </symbol>
      <symbol id="sm-448">
         <name>_puts</name>
         <value>0x3f1a2a</value>
         <object_component_ref idref="oc-215"/>
      </symbol>
      <symbol id="sm-44a">
         <name>_fputs</name>
         <value>0x3f1995</value>
         <object_component_ref idref="oc-215"/>
      </symbol>
      <symbol id="sm-462">
         <name>___TI_rd_ok</name>
         <value>0x3f1e19</value>
         <object_component_ref idref="oc-21a"/>
      </symbol>
      <symbol id="sm-464">
         <name>___TI_wrt_ok</name>
         <value>0x3f1dde</value>
         <object_component_ref idref="oc-21a"/>
      </symbol>
      <symbol id="sm-47c">
         <name>_setvbuf</name>
         <value>0x3f1c7d</value>
         <object_component_ref idref="oc-229"/>
      </symbol>
      <symbol id="sm-48b">
         <name>_wcslen</name>
         <value>0x3f2560</value>
         <object_component_ref idref="oc-227"/>
      </symbol>
      <symbol id="sm-4a7">
         <name>_c_int00</name>
         <value>0x3f1f57</value>
         <object_component_ref idref="oc-4d"/>
      </symbol>
      <symbol id="sm-4a8">
         <name>__stack</name>
         <value>0x50</value>
         <object_component_ref idref="oc-d0"/>
      </symbol>
      <symbol id="sm-4b8">
         <name>FD$$CMP</name>
         <value>0x3f2293</value>
         <object_component_ref idref="oc-d6"/>
      </symbol>
      <symbol id="sm-4ca">
         <name>FD$$MPY</name>
         <value>0x3f1bfa</value>
         <object_component_ref idref="oc-db"/>
      </symbol>
      <symbol id="sm-4d7">
         <name>FD$$NEG</name>
         <value>0x3f2557</value>
         <object_component_ref idref="oc-e0"/>
      </symbol>
      <symbol id="sm-4e3">
         <name>FD$$SUB</name>
         <value>0x3f2506</value>
         <object_component_ref idref="oc-e5"/>
      </symbol>
      <symbol id="sm-4f2">
         <name>FD$$TOI</name>
         <value>0x3f23a6</value>
         <object_component_ref idref="oc-ea"/>
      </symbol>
      <symbol id="sm-501">
         <name>FD$$TOL</name>
         <value>0x3f23c7</value>
         <object_component_ref idref="oc-ef"/>
      </symbol>
      <symbol id="sm-50d">
         <name>LL$$AND</name>
         <value>0x3f24c1</value>
         <object_component_ref idref="oc-f4"/>
      </symbol>
      <symbol id="sm-50e">
         <name>LL$$OR</name>
         <value>0x3f24c9</value>
         <object_component_ref idref="oc-f4"/>
      </symbol>
      <symbol id="sm-50f">
         <name>LL$$XOR</name>
         <value>0x3f24d1</value>
         <object_component_ref idref="oc-f4"/>
      </symbol>
      <symbol id="sm-51d">
         <name>ULL$$CMP</name>
         <value>0x3f23f8</value>
         <object_component_ref idref="oc-f9"/>
      </symbol>
      <symbol id="sm-51e">
         <name>LL$$CMP</name>
         <value>0x3f23e6</value>
         <object_component_ref idref="oc-f9"/>
      </symbol>
      <symbol id="sm-54a">
         <name>ULL$$MOD</name>
         <value>0x3f1788</value>
         <object_component_ref idref="oc-fe"/>
      </symbol>
      <symbol id="sm-54b">
         <name>ULL$$DIV</name>
         <value>0x3f1759</value>
         <object_component_ref idref="oc-fe"/>
      </symbol>
      <symbol id="sm-54c">
         <name>LL$$MOD</name>
         <value>0x3f171f</value>
         <object_component_ref idref="oc-fe"/>
      </symbol>
      <symbol id="sm-54d">
         <name>LL$$DIV</name>
         <value>0x3f16e3</value>
         <object_component_ref idref="oc-fe"/>
      </symbol>
      <symbol id="sm-55d">
         <name>I$$TOFD</name>
         <value>0x3f2404</value>
         <object_component_ref idref="oc-103"/>
      </symbol>
      <symbol id="sm-56d">
         <name>L$$TOFD</name>
         <value>0x3f245a</value>
         <object_component_ref idref="oc-108"/>
      </symbol>
      <symbol id="sm-57d">
         <name>FS$$TOFD</name>
         <value>0x3f243e</value>
         <object_component_ref idref="oc-10d"/>
      </symbol>
      <symbol id="sm-594">
         <name>FD$$DIV</name>
         <value>0x3f1b6f</value>
         <object_component_ref idref="oc-112"/>
      </symbol>
      <symbol id="sm-5a3">
         <name>_copy_in</name>
         <value>0x3f235e</value>
         <object_component_ref idref="oc-202"/>
      </symbol>
      <symbol id="sm-5b5">
         <name>_memcpy</name>
         <value>0x3f2421</value>
         <object_component_ref idref="oc-206"/>
      </symbol>
      <symbol id="sm-5c2">
         <name>__system_pre_init</name>
         <value>0x3f2588</value>
         <object_component_ref idref="oc-201"/>
      </symbol>
      <symbol id="sm-5d0">
         <name>__system_post_cinit</name>
         <value>0x3f1ad9</value>
         <object_component_ref idref="oc-203"/>
      </symbol>
      <symbol id="sm-5e5">
         <name>C$$EXIT</name>
         <value>0x3f22e7</value>
         <object_component_ref idref="oc-205"/>
      </symbol>
      <symbol id="sm-5e6">
         <name>_exit</name>
         <value>0x3f22e9</value>
         <object_component_ref idref="oc-205"/>
      </symbol>
      <symbol id="sm-5e8">
         <name>___TI_cleanup_ptr</name>
         <value>0xc0aa</value>
         <object_component_ref idref="oc-12d"/>
      </symbol>
      <symbol id="sm-5e9">
         <name>___TI_enable_exit_profile_output</name>
         <value>0xc0a8</value>
         <object_component_ref idref="oc-12d"/>
      </symbol>
      <symbol id="sm-5ea">
         <name>_abort</name>
         <value>0x3f22e7</value>
         <object_component_ref idref="oc-205"/>
      </symbol>
      <symbol id="sm-5ec">
         <name>___TI_dtors_ptr</name>
         <value>0xc0ac</value>
         <object_component_ref idref="oc-12d"/>
      </symbol>
      <symbol id="sm-600">
         <name>__unlock</name>
         <value>0xc0b4</value>
         <object_component_ref idref="oc-218"/>
      </symbol>
      <symbol id="sm-601">
         <name>__lock</name>
         <value>0xc0b2</value>
         <object_component_ref idref="oc-208"/>
      </symbol>
      <symbol id="sm-602">
         <name>__register_lock</name>
         <value>0x3f2552</value>
         <object_component_ref idref="oc-20e"/>
      </symbol>
      <symbol id="sm-604">
         <name>__nop</name>
         <value>0x3f2556</value>
         <object_component_ref idref="oc-20e"/>
      </symbol>
      <symbol id="sm-606">
         <name>__register_unlock</name>
         <value>0x3f254e</value>
         <object_component_ref idref="oc-20e"/>
      </symbol>
      <symbol id="sm-616">
         <name>__args_main</name>
         <value>0x3f2476</value>
         <object_component_ref idref="oc-204"/>
      </symbol>
      <symbol id="sm-62b">
         <name>_atoi</name>
         <value>0x3f2232</value>
         <object_component_ref idref="oc-21f"/>
      </symbol>
      <symbol id="sm-634">
         <name>__ctypes_</name>
         <value>0x3f25aa</value>
         <object_component_ref idref="oc-22c"/>
      </symbol>
      <symbol id="sm-645">
         <name>___TI_ft_end</name>
         <value>0xc0b6</value>
         <object_component_ref idref="oc-145"/>
      </symbol>
      <symbol id="sm-646">
         <name>___TI_tmpnams</name>
         <value>0xc000</value>
         <object_component_ref idref="oc-23e"/>
      </symbol>
      <symbol id="sm-647">
         <name>__ftable</name>
         <value>0xc0c0</value>
         <object_component_ref idref="oc-216"/>
      </symbol>
      <symbol id="sm-655">
         <name>_ltoa</name>
         <value>0x3f2263</value>
         <object_component_ref idref="oc-220"/>
      </symbol>
      <symbol id="sm-665">
         <name>_memccpy</name>
         <value>0x3f2514</value>
         <object_component_ref idref="oc-226"/>
      </symbol>
      <symbol id="sm-675">
         <name>_memchr</name>
         <value>0x3f2521</value>
         <object_component_ref idref="oc-21e"/>
      </symbol>
      <symbol id="sm-6d5">
         <name>__sys_memory</name>
         <value>0x8000</value>
         <object_component_ref idref="oc-159"/>
      </symbol>
      <symbol id="sm-6d6">
         <name>___TI_heap_total_available</name>
         <value>0x3f1586</value>
         <object_component_ref idref="oc-22f"/>
      </symbol>
      <symbol id="sm-6d8">
         <name>_realloc</name>
         <value>0x3f1427</value>
         <object_component_ref idref="oc-22f"/>
      </symbol>
      <symbol id="sm-6da">
         <name>___TI_heap_check</name>
         <value>0x3f15c0</value>
         <object_component_ref idref="oc-22f"/>
      </symbol>
      <symbol id="sm-6dc">
         <name>_free</name>
         <value>0x3f135f</value>
         <object_component_ref idref="oc-22f"/>
      </symbol>
      <symbol id="sm-6de">
         <name>_memalign</name>
         <value>0x3f14db</value>
         <object_component_ref idref="oc-22f"/>
      </symbol>
      <symbol id="sm-6df">
         <name>_calloc</name>
         <value>0x3f14af</value>
         <object_component_ref idref="oc-22f"/>
      </symbol>
      <symbol id="sm-6e1">
         <name>_malloc</name>
         <value>0x3f1334</value>
         <object_component_ref idref="oc-22f"/>
      </symbol>
      <symbol id="sm-6e3">
         <name>_aligned_alloc</name>
         <value>0x3f14db</value>
         <object_component_ref idref="oc-22f"/>
      </symbol>
      <symbol id="sm-6e5">
         <name>_minit</name>
         <value>0x3f14ab</value>
         <object_component_ref idref="oc-22f"/>
      </symbol>
      <symbol id="sm-6e7">
         <name>___TI_heap_largest_available</name>
         <value>0x3f15a3</value>
         <object_component_ref idref="oc-22f"/>
      </symbol>
      <symbol id="sm-6f6">
         <name>_memset</name>
         <value>0x3f2579</value>
         <object_component_ref idref="oc-224"/>
      </symbol>
      <symbol id="sm-706">
         <name>_strchr</name>
         <value>0x3f252e</value>
         <object_component_ref idref="oc-223"/>
      </symbol>
      <symbol id="sm-714">
         <name>_strcpy</name>
         <value>0x3f2580</value>
         <object_component_ref idref="oc-225"/>
      </symbol>
      <symbol id="sm-722">
         <name>_strlen</name>
         <value>0x3f2571</value>
         <object_component_ref idref="oc-21d"/>
      </symbol>
      <symbol id="sm-730">
         <name>_write</name>
         <value>0x3f24a8</value>
         <object_component_ref idref="oc-21c"/>
      </symbol>
      <symbol id="sm-741">
         <name>__device</name>
         <value>0xc140</value>
         <object_component_ref idref="oc-231"/>
      </symbol>
      <symbol id="sm-742">
         <name>__stream</name>
         <value>0xc188</value>
         <object_component_ref idref="oc-22a"/>
      </symbol>
      <symbol id="sm-755">
         <name>_frexpl</name>
         <value>0x3f1efd</value>
         <object_component_ref idref="oc-221"/>
      </symbol>
      <symbol id="sm-774">
         <name>_scalbnl</name>
         <value>0x3f18e7</value>
         <object_component_ref idref="oc-222"/>
      </symbol>
      <symbol id="sm-776">
         <name>_ldexpl</name>
         <value>0x3f18e7</value>
         <object_component_ref idref="oc-222"/>
      </symbol>
      <symbol id="sm-78c">
         <name>___TI_doflush</name>
         <value>0x3f1cfa</value>
         <object_component_ref idref="oc-21b"/>
      </symbol>
      <symbol id="sm-78e">
         <name>_fflush</name>
         <value>0x3f1d29</value>
         <object_component_ref idref="oc-21b"/>
      </symbol>
      <symbol id="sm-7cc">
         <name>_fopen</name>
         <value>0x3f169c</value>
         <object_component_ref idref="oc-230"/>
      </symbol>
      <symbol id="sm-7ce">
         <name>___TI_cleanup</name>
         <value>0x3f1661</value>
         <object_component_ref idref="oc-230"/>
      </symbol>
      <symbol id="sm-7d0">
         <name>_freopen</name>
         <value>0x3f167e</value>
         <object_component_ref idref="oc-230"/>
      </symbol>
      <symbol id="sm-7e1">
         <name>_fseek</name>
         <value>0x3f20e1</value>
         <object_component_ref idref="oc-228"/>
      </symbol>
      <symbol id="sm-7fd">
         <name>FD$$ADD</name>
         <value>0x3f1a3d</value>
         <object_component_ref idref="oc-196"/>
      </symbol>
      <symbol id="sm-809">
         <name>UL$$MOD</name>
         <value>0x3f22e1</value>
         <object_component_ref idref="oc-19b"/>
      </symbol>
      <symbol id="sm-80a">
         <name>L$$MOD</name>
         <value>0x3f22cc</value>
         <object_component_ref idref="oc-19b"/>
      </symbol>
      <symbol id="sm-80b">
         <name>L$$DIV</name>
         <value>0x3f22bd</value>
         <object_component_ref idref="oc-19b"/>
      </symbol>
      <symbol id="sm-80c">
         <name>UL$$DIV</name>
         <value>0x3f22da</value>
         <object_component_ref idref="oc-19b"/>
      </symbol>
      <symbol id="sm-816">
         <name>_errno</name>
         <value>0xc0b7</value>
         <object_component_ref idref="oc-1a2"/>
      </symbol>
      <symbol id="sm-822">
         <name>_HOSTclose</name>
         <value>0x3f2310</value>
         <object_component_ref idref="oc-236"/>
      </symbol>
      <symbol id="sm-82f">
         <name>_HOSTlseek</name>
         <value>0x3f1ea2</value>
         <object_component_ref idref="oc-239"/>
      </symbol>
      <symbol id="sm-83f">
         <name>_parmbuf</name>
         <value>0xc0a0</value>
         <object_component_ref idref="oc-240"/>
      </symbol>
      <symbol id="sm-840">
         <name>_HOSTopen</name>
         <value>0x3f211e</value>
         <object_component_ref idref="oc-235"/>
      </symbol>
      <symbol id="sm-84e">
         <name>_HOSTread</name>
         <value>0x3f2193</value>
         <object_component_ref idref="oc-237"/>
      </symbol>
      <symbol id="sm-85b">
         <name>_HOSTrename</name>
         <value>0x3f20a3</value>
         <object_component_ref idref="oc-23b"/>
      </symbol>
      <symbol id="sm-868">
         <name>_HOSTunlink</name>
         <value>0x3f2382</value>
         <object_component_ref idref="oc-23a"/>
      </symbol>
      <symbol id="sm-876">
         <name>_HOSTwrite</name>
         <value>0x3f215a</value>
         <object_component_ref idref="oc-238"/>
      </symbol>
      <symbol id="sm-890">
         <name>___TI_readmsg</name>
         <value>0x3f1b32</value>
         <object_component_ref idref="oc-241"/>
      </symbol>
      <symbol id="sm-892">
         <name>C$$IO$$</name>
         <value>0x3f1b2d</value>
         <object_component_ref idref="oc-241"/>
      </symbol>
      <symbol id="sm-893">
         <name>__CIOBUF_</name>
         <value>0x400</value>
         <object_component_ref idref="oc-1c8"/>
      </symbol>
      <symbol id="sm-894">
         <name>___TI_writemsg</name>
         <value>0x3f1ada</value>
         <object_component_ref idref="oc-241"/>
      </symbol>
      <symbol id="sm-8b0">
         <name>_open</name>
         <value>0x3f1d6d</value>
         <object_component_ref idref="oc-233"/>
      </symbol>
      <symbol id="sm-8be">
         <name>_lseek</name>
         <value>0x3f24d9</value>
         <object_component_ref idref="oc-22e"/>
      </symbol>
      <symbol id="sm-8cc">
         <name>_copysignl</name>
         <value>0x3f2339</value>
         <object_component_ref idref="oc-22d"/>
      </symbol>
      <symbol id="sm-8de">
         <name>___TI_closefile</name>
         <value>0x3f1e45</value>
         <object_component_ref idref="oc-234"/>
      </symbol>
      <symbol id="sm-8e0">
         <name>_fclose</name>
         <value>0x3f1e89</value>
         <object_component_ref idref="oc-234"/>
      </symbol>
      <symbol id="sm-8f2">
         <name>_finddevice</name>
         <value>0x3f2052</value>
         <object_component_ref idref="oc-23c"/>
      </symbol>
      <symbol id="sm-8f4">
         <name>_getdevice</name>
         <value>0x3f206d</value>
         <object_component_ref idref="oc-23c"/>
      </symbol>
      <symbol id="sm-903">
         <name>_strcmp</name>
         <value>0x3f2544</value>
         <object_component_ref idref="oc-242"/>
      </symbol>
      <symbol id="sm-914">
         <name>_strncpy</name>
         <value>0x3f24f1</value>
         <object_component_ref idref="oc-243"/>
      </symbol>
      <symbol id="sm-921">
         <name>_remove</name>
         <value>0x3f2585</value>
         <object_component_ref idref="oc-23f"/>
      </symbol>
      <symbol id="sm-932">
         <name>_close</name>
         <value>0x3f21ff</value>
         <object_component_ref idref="oc-23d"/>
      </symbol>
      <symbol id="sm-93f">
         <name>_unlink</name>
         <value>0x3f248f</value>
         <object_component_ref idref="oc-244"/>
      </symbol>
   </symbol_table>
   <title>Link successful</title>
</link_info>
