******************************************************************************
             TMS320C2000 Linker Unix v18.12.8                  
******************************************************************************
>> Linked Mon Oct 31 09:54:07 2022

OUTPUT FILE NAME:   <test_28069.out>
ENTRY POINT SYMBOL: "_c_int00"  address: 003f2365


MEMORY CONFIGURATION

         name            origin    length      used     unused   attr    fill
----------------------  --------  ---------  --------  --------  ----  --------
PAGE 0:
  RAML1                 00008800   00000400  0000001f  000003e1  RWIX
  OTP                   003d7800   00000400  00000000  00000400  RWIX
  FLASHAB               003f0000   00007f80  00002e04  0000517c  RWIX
  CSM_RSVD              003f7f80   00000076  00000000  00000076  RWIX
  BEGIN                 003f7ff6   00000002  00000002  00000000  RWIX
  CSM_PWL_P0            003f7ff8   00000008  00000000  00000008  RWIX
  ROM                   003ff3b0   00000c10  00000000  00000c10  RWIX
  RESET                 003fffc0   00000002  00000000  00000002  RWIX
  VECTORS               003fffc2   0000003e  00000000  0000003e  RWIX

PAGE 1:
  BOOT_RSVD             00000000   00000050  00000000  00000050  RWIX
  RAMM0                 00000050   000003b0  00000300  000000b0  RWIX
  RAMM1                 00000400   00000400  00000120  000002e0  RWIX
  DEV_EMU               00000880   00000105  00000004  00000101  RWIX
  SYS_PWR_CTL           00000985   00000003  00000003  00000000  RWIX
  FLASH_REGS            00000a80   00000060  00000008  00000058  RWIX
  CSM                   00000ae0   00000020  00000010  00000010  RWIX
  ADC_RESULT            00000b00   00000020  00000010  00000010  RWIX
  CPU_TIMER0            00000c00   00000008  00000008  00000000  RWIX
  CPU_TIMER1            00000c08   00000008  00000008  00000000  RWIX
  CPU_TIMER2            00000c10   00000008  00000008  00000000  RWIX
  PIE_CTRL              00000ce0   00000020  0000001a  00000006  RWIX
  PIE_VECT              00000d00   00000100  00000100  00000000  RWIX
  DMA                   00001000   00000200  000000e0  00000120  RWIX
  CLA1                  00001400   00000080  00000040  00000040  RWIX
  USB0                  00004000   00001000  00000454  00000bac  RWIX
  McBSPA                00005000   00000040  00000024  0000001c  RWIX
  ECANA                 00006000   00000040  00000034  0000000c  RWIX
  ECANA_LAM             00006040   00000040  00000040  00000000  RWIX
  ECANA_MOTS            00006080   00000040  00000040  00000000  RWIX
  ECANA_MOTO            000060c0   00000040  00000040  00000000  RWIX
  ECANA_MBOX            00006100   00000100  00000100  00000000  RWIX
  COMP1                 00006400   00000020  00000014  0000000c  RWIX
  COMP2                 00006420   00000020  00000014  0000000c  RWIX
  COMP3                 00006440   00000020  00000014  0000000c  RWIX
  EPWM1                 00006800   00000040  00000040  00000000  RWIX
  EPWM2                 00006840   00000040  00000040  00000000  RWIX
  EPWM3                 00006880   00000040  00000040  00000000  RWIX
  EPWM4                 000068c0   00000040  00000040  00000000  RWIX
  EPWM5                 00006900   00000040  00000040  00000000  RWIX
  EPWM6                 00006940   00000040  00000040  00000000  RWIX
  EPWM7                 00006980   00000040  00000040  00000000  RWIX
  EPWM8                 000069c0   00000040  00000040  00000000  RWIX
  ECAP1                 00006a00   00000020  00000020  00000000  RWIX
  ECAP2                 00006a20   00000020  00000020  00000000  RWIX
  ECAP3                 00006a40   00000020  00000020  00000000  RWIX
  HRCAP1                00006ac0   00000020  00000020  00000000  RWIX
  HRCAP2                00006ae0   00000020  00000020  00000000  RWIX
  EQEP1                 00006b00   00000040  00000022  0000001e  RWIX
  EQEP2                 00006b40   00000040  00000022  0000001e  RWIX
  HRCAP3                00006c80   00000020  00000020  00000000  RWIX
  HRCAP4                00006ca0   00000020  00000020  00000000  RWIX
  GPIOCTRL              00006f80   00000040  00000040  00000000  RWIX
  GPIODAT               00006fc0   00000020  00000020  00000000  RWIX
  GPIOINT               00006fe0   00000020  00000020  00000000  RWIX
  SYSTEM                00007010   00000030  00000030  00000000  RWIX
  SPIA                  00007040   00000010  00000010  00000000  RWIX
  SCIA                  00007050   00000010  00000010  00000000  RWIX
  NMIINTRUPT            00007060   00000010  00000010  00000000  RWIX
  XINTRUPT              00007070   00000010  00000010  00000000  RWIX
  ADC                   00007100   00000080  00000050  00000030  RWIX
  SPIB                  00007740   00000010  00000010  00000000  RWIX
  SCIB                  00007750   00000010  00000010  00000000  RWIX
  I2CA                  00007900   00000040  00000022  0000001e  RWIX
  RAML0                 00008000   00000800  00000400  00000400  RWIX
  RAML2                 00008c00   00000400  00000000  00000400  RWIX
  RAML3                 00009000   00001000  00000000  00001000  RWIX
  RAML4_RSVD            0000a000   00002000  00000000  00002000  RWIX
  RAML5                 0000c000   00002000  000001b0  00001e50  RWIX
  RAML6                 0000e000   00002000  00000000  00002000  RWIX
  RAML78                00010000   00004000  00000000  00004000  RWIX
  PARTID                003d7e80   00000001  00000001  00000000  RWIX
  CSM_PWL               003f7ff8   00000008  00000008  00000000  RWIX

PAGE 2:
  PIL_SYMBOLS           00000000   00001000  00000000  00001000  RWIX


SECTION ALLOCATION MAP

 output                                  attributes/
section   page    origin      length       input sections
--------  ----  ----------  ----------   ----------------
ramfuncs   0    003f296d    0000001f     RUN ADDR = 00008800
                  003f296d    0000001b     F2806x_DevInit.obj (ramfuncs)
                  003f2988    00000004     F2806x_usDelay.obj (ramfuncs)

.cinit     0    003f2d70    00000094     
                  003f2d70    00000026     rts2800_fpu32.lib : defs.c.obj (.cinit:__ftable)
                  003f2d96    0000001b                       : host_device.c.obj (.cinit:__device)
                  003f2db1    00000017     main.obj (.cinit)
                  003f2dc8    0000000e     rts2800_fpu32.lib : host_device.c.obj (.cinit:__stream)
                  003f2dd6    0000000e                       : exit.c.obj (.cinit)
                  003f2de4    00000005                       : _lock.c.obj (.cinit:__lock)
                  003f2de9    00000005                       : _lock.c.obj (.cinit:__unlock)
                  003f2dee    00000004                       : defs.c.obj (.cinit)
                  003f2df2    00000004                       : errno.c.obj (.cinit)
                  003f2df6    00000004                       : fopen.c.obj (.cinit)
                  003f2dfa    00000004                       : memory.c.obj (.cinit)
                  003f2dfe    00000004                       : open.c.obj (.cinit)
                  003f2e02    00000002     --HOLE-- [fill = 0]

.pinit     0    003f0000    00000000     UNINITIALIZED

.text      0    003f0000    0000296d     
                  003f0000    00000ce3     rts2800_fpu32.lib : _printfi.c.obj (.text)
                  003f0ce3    00000837     api.obj (.text)
                  003f151a    0000028e     rts2800_fpu32.lib : memory.c.obj (.text)
                  003f17a8    00000121                       : fopen.c.obj (.text)
                  003f18c9    00000107     interrupts.obj (.text)
                  003f19d0    00000107     rts2800_fpu32.lib : ll_div28.asm.obj (.text)
                  003f1ad7    000000fd     F2806x_DevInit.obj (.text)
                  003f1bd4    000000ae     rts2800_fpu32.lib : s_scalbn.c.obj (.text)
                  003f1c82    000000a8     main.obj (.text:retain)
                  003f1d2a    000000a8     rts2800_fpu32.lib : fputs.c.obj (.text)
                  003f1dd2    0000009c                       : fd_add28.asm.obj (.text)
                  003f1e6e    00000095                       : trgmsg.c.obj (.text)
                  003f1f03    0000008b                       : fd_div28.asm.obj (.text)
                  003f1f8e    00000083                       : fd_mpy28.asm.obj (.text)
                  003f2011    0000007d                       : setvbuf.c.obj (.text)
                  003f208e    0000007a     main.obj (.text)
                  003f2108    00000073     rts2800_fpu32.lib : fflush.c.obj (.text)
                  003f217b    00000071                       : open.c.obj (.text)
                  003f21ec    00000067                       : _io_perm.c.obj (.text)
                  003f2253    0000005d                       : fclose.c.obj (.text)
                  003f22b0    0000005b                       : hostlseek.c.obj (.text)
                  003f230b    0000005a                       : s_frexp.c.obj (.text)
                  003f2365    00000056                       : boot28.asm.obj (.text)
                  003f23bb    00000053                       : fputc.c.obj (.text)
                  003f240e    00000051                       : getdevice.c.obj (.text)
                  003f245f    0000003e                       : hostrename.c.obj (.text)
                  003f249d    0000003d                       : fseek.c.obj (.text)
                  003f24da    0000003c                       : hostopen.c.obj (.text)
                  003f2516    00000039                       : hostwrite.c.obj (.text)
                  003f254f    00000038                       : hostread.c.obj (.text)
                  003f2587    00000034                       : printf.c.obj (.text)
                  003f25bb    00000033                       : close.c.obj (.text)
                  003f25ee    00000031                       : atoi.c.obj (.text)
                  003f261f    00000030                       : ltoa.c.obj (.text)
                  003f264f    0000002a                       : fd_cmp28.asm.obj (.text)
                  003f2679    0000002a                       : l_div28.asm.obj (.text)
                  003f26a3    00000029                       : exit.c.obj (.text)
                  003f26cc    00000029                       : hostclose.c.obj (.text)
                  003f26f5    00000026     initializers.obj (.text)
                  003f271b    00000025     rts2800_fpu32.lib : s_copysign.c.obj (.text)
                  003f2740    00000024                       : cpy_tbl.c.obj (.text)
                  003f2764    00000024                       : hostunlink.c.obj (.text)
                  003f2788    00000021                       : fd_toi28.asm.obj (.text)
                  003f27a9    0000001f                       : fd_tol28.asm.obj (.text)
                  003f27c8    0000001e                       : ll_cmp28.asm.obj (.text)
                  003f27e6    0000001d                       : i_tofd28.asm.obj (.text)
                  003f2803    0000001d                       : memcpy.c.obj (.text)
                  003f2820    0000001c                       : fs_tofdfpu32.asm.obj (.text)
                  003f283c    0000001c                       : l_tofd28.asm.obj (.text)
                  003f2858    00000019                       : args_main.c.obj (.text)
                  003f2871    00000019                       : unlink.c.obj (.text)
                  003f288a    00000019                       : write.c.obj (.text)
                  003f28a3    00000018                       : ll_aox28.asm.obj (.text)
                  003f28bb    00000018                       : lseek.c.obj (.text)
                  003f28d3    00000015                       : strncpy.c.obj (.text)
                  003f28e8    0000000e                       : fd_sub28.asm.obj (.text)
                  003f28f6    0000000d                       : memccpy.c.obj (.text)
                  003f2903    0000000d                       : memchr.c.obj (.text)
                  003f2910    0000000c                       : strchr.c.obj (.text)
                  003f291c    0000000a     F2806x_DevInit.obj (.text:retain)
                  003f2926    0000000a     rts2800_fpu32.lib : strcmp.c.obj (.text)
                  003f2930    00000009                       : _lock.c.obj (.text)
                  003f2939    00000009                       : fd_neg28.asm.obj (.text)
                  003f2942    00000009                       : wcslen.c.obj (.text)
                  003f294b    00000008     F2806x_CodeStartBranch.obj (.text)
                  003f2953    00000008     rts2800_fpu32.lib : strlen.c.obj (.text)
                  003f295b    00000007                       : memset.c.obj (.text)
                  003f2962    00000005                       : strcpy.c.obj (.text)
                  003f2967    00000003                       : remove.c.obj (.text)
                  003f296a    00000002                       : pre_init.c.obj (.text)
                  003f296c    00000001                       : startup.c.obj (.text)

codestart 
*          0    003f7ff6    00000002     
                  003f7ff6    00000002     F2806x_CodeStartBranch.obj (codestart)

.econst    0    003f298c    0000024a     
                  003f298c    00000101     rts2800_fpu32.lib : ctype.c.obj (.econst:.string:__ctypes_)
                  003f2a8d    00000001     --HOLE-- [fill = 0]
                  003f2a8e    000000e0     interrupts.obj (.econst:.string)
                  003f2b6e    00000026     rts2800_fpu32.lib : _printfi.c.obj (.econst:.string)
                  003f2b94    0000001c                       : _printfi.c.obj (.econst)
                  003f2bb0    0000001c                       : s_scalbn.c.obj (.econst)
                  003f2bcc    00000008                       : s_frexp.c.obj (.econst)
                  003f2bd4    00000002                       : fputs.c.obj (.econst:.string)

.switch    0    003f2bd6    0000019a     
                  003f2bd6    00000052     api.obj (.switch:_digitalRead)
                  003f2c28    00000052     api.obj (.switch:_digitalWrite)
                  003f2c7a    00000052     api.obj (.switch:_pinMode)
                  003f2ccc    00000052     api.obj (.switch:_setMux)
                  003f2d1e    00000052     api.obj (.switch:_togglePin)

.stack     1    00000050    00000300     UNINITIALIZED
                  00000050    00000300     --HOLE--

.esysmem   1    00008000    00000400     UNINITIALIZED
                  00008000    00000004     rts2800_fpu32.lib : memory.c.obj (.esysmem)
                  00008004    000003fc     --HOLE--

.ebss      1    0000c000    000001b0     UNINITIALIZED
                  0000c000    000000a0     rts2800_fpu32.lib : defs.c.obj (.ebss:___TI_tmpnams)
                  0000c0a0    00000008                       : hostopen.c.obj (.ebss:_parmbuf)
                  0000c0a8    00000008     main.obj (.ebss)
                  0000c0b0    00000006     rts2800_fpu32.lib : exit.c.obj (.ebss)
                  0000c0b6    00000004                       : memory.c.obj (.ebss)
                  0000c0ba    00000002                       : _lock.c.obj (.ebss:__lock)
                  0000c0bc    00000002                       : _lock.c.obj (.ebss:__unlock)
                  0000c0be    00000001                       : defs.c.obj (.ebss)
                  0000c0bf    00000001                       : errno.c.obj (.ebss)
                  0000c0c0    00000078                       : defs.c.obj (.ebss:__ftable)
                  0000c138    00000001                       : fopen.c.obj (.ebss)
                  0000c139    00000001                       : open.c.obj (.ebss)
                  0000c13a    00000006     --HOLE--
                  0000c140    00000048                       : host_device.c.obj (.ebss:__device)
                  0000c188    00000028                       : host_device.c.obj (.ebss:__stream)

.reset     0    003fffc0    00000002     DSECT
                  003fffc0    00000002     rts2800_fpu32.lib : boot28.asm.obj (.reset)

vectors    0    003fffc2    00000000     DSECT

DevEmuRegsFile 
*          1    00000880    00000004     UNINITIALIZED
                  00000880    00000004     F2806x_GlobalVariableDefs.obj (DevEmuRegsFile)

SysPwrCtrlRegsFile 
*          1    00000985    00000003     UNINITIALIZED
                  00000985    00000003     F2806x_GlobalVariableDefs.obj (SysPwrCtrlRegsFile)

FlashRegsFile 
*          1    00000a80    00000008     UNINITIALIZED
                  00000a80    00000008     F2806x_GlobalVariableDefs.obj (FlashRegsFile)

CsmRegsFile 
*          1    00000ae0    00000010     UNINITIALIZED
                  00000ae0    00000010     F2806x_GlobalVariableDefs.obj (CsmRegsFile)

AdcResultFile 
*          1    00000b00    00000010     UNINITIALIZED
                  00000b00    00000010     F2806x_GlobalVariableDefs.obj (AdcResultFile)

CpuTimer0RegsFile 
*          1    00000c00    00000008     UNINITIALIZED
                  00000c00    00000008     F2806x_GlobalVariableDefs.obj (CpuTimer0RegsFile)

CpuTimer1RegsFile 
*          1    00000c08    00000008     UNINITIALIZED
                  00000c08    00000008     F2806x_GlobalVariableDefs.obj (CpuTimer1RegsFile)

CpuTimer2RegsFile 
*          1    00000c10    00000008     UNINITIALIZED
                  00000c10    00000008     F2806x_GlobalVariableDefs.obj (CpuTimer2RegsFile)

PieCtrlRegsFile 
*          1    00000ce0    0000001a     UNINITIALIZED
                  00000ce0    0000001a     F2806x_GlobalVariableDefs.obj (PieCtrlRegsFile)

PieVectTableFile 
*          1    00000d00    00000100     UNINITIALIZED
                  00000d00    00000100     F2806x_GlobalVariableDefs.obj (PieVectTableFile)

EmuKeyVar 
*          1    00000d00    00000001     UNINITIALIZED
                  00000d00    00000001     F2806x_GlobalVariableDefs.obj (EmuKeyVar)

EmuBModeVar 
*          1    00000d01    00000001     UNINITIALIZED
                  00000d01    00000001     F2806x_GlobalVariableDefs.obj (EmuBModeVar)

FlashCallbackVar 
*          1    00000d02    00000002     UNINITIALIZED
                  00000d02    00000002     F2806x_GlobalVariableDefs.obj (FlashCallbackVar)

FlashScalingVar 
*          1    00000d04    00000002     UNINITIALIZED
                  00000d04    00000002     F2806x_GlobalVariableDefs.obj (FlashScalingVar)

DmaRegsFile 
*          1    00001000    000000e0     UNINITIALIZED
                  00001000    000000e0     F2806x_GlobalVariableDefs.obj (DmaRegsFile)

Cla1RegsFile 
*          1    00001400    00000040     UNINITIALIZED
                  00001400    00000040     F2806x_GlobalVariableDefs.obj (Cla1RegsFile)

Usb0RegsFile 
*          1    00004000    00000454     UNINITIALIZED
                  00004000    00000454     F2806x_GlobalVariableDefs.obj (Usb0RegsFile)

McbspaRegsFile 
*          1    00005000    00000024     UNINITIALIZED
                  00005000    00000024     F2806x_GlobalVariableDefs.obj (McbspaRegsFile)

ECanaRegsFile 
*          1    00006000    00000034     UNINITIALIZED
                  00006000    00000034     F2806x_GlobalVariableDefs.obj (ECanaRegsFile)

ECanaLAMRegsFile 
*          1    00006040    00000040     UNINITIALIZED
                  00006040    00000040     F2806x_GlobalVariableDefs.obj (ECanaLAMRegsFile)

ECanaMOTSRegsFile 
*          1    00006080    00000040     UNINITIALIZED
                  00006080    00000040     F2806x_GlobalVariableDefs.obj (ECanaMOTSRegsFile)

ECanaMOTORegsFile 
*          1    000060c0    00000040     UNINITIALIZED
                  000060c0    00000040     F2806x_GlobalVariableDefs.obj (ECanaMOTORegsFile)

ECanaMboxesFile 
*          1    00006100    00000100     UNINITIALIZED
                  00006100    00000100     F2806x_GlobalVariableDefs.obj (ECanaMboxesFile)

Comp1RegsFile 
*          1    00006400    00000014     UNINITIALIZED
                  00006400    00000014     F2806x_GlobalVariableDefs.obj (Comp1RegsFile)

Comp2RegsFile 
*          1    00006420    00000014     UNINITIALIZED
                  00006420    00000014     F2806x_GlobalVariableDefs.obj (Comp2RegsFile)

Comp3RegsFile 
*          1    00006440    00000014     UNINITIALIZED
                  00006440    00000014     F2806x_GlobalVariableDefs.obj (Comp3RegsFile)

EPwm1RegsFile 
*          1    00006800    00000040     UNINITIALIZED
                  00006800    00000040     F2806x_GlobalVariableDefs.obj (EPwm1RegsFile)

EPwm2RegsFile 
*          1    00006840    00000040     UNINITIALIZED
                  00006840    00000040     F2806x_GlobalVariableDefs.obj (EPwm2RegsFile)

EPwm3RegsFile 
*          1    00006880    00000040     UNINITIALIZED
                  00006880    00000040     F2806x_GlobalVariableDefs.obj (EPwm3RegsFile)

EPwm4RegsFile 
*          1    000068c0    00000040     UNINITIALIZED
                  000068c0    00000040     F2806x_GlobalVariableDefs.obj (EPwm4RegsFile)

EPwm5RegsFile 
*          1    00006900    00000040     UNINITIALIZED
                  00006900    00000040     F2806x_GlobalVariableDefs.obj (EPwm5RegsFile)

EPwm6RegsFile 
*          1    00006940    00000040     UNINITIALIZED
                  00006940    00000040     F2806x_GlobalVariableDefs.obj (EPwm6RegsFile)

EPwm7RegsFile 
*          1    00006980    00000040     UNINITIALIZED
                  00006980    00000040     F2806x_GlobalVariableDefs.obj (EPwm7RegsFile)

EPwm8RegsFile 
*          1    000069c0    00000040     UNINITIALIZED
                  000069c0    00000040     F2806x_GlobalVariableDefs.obj (EPwm8RegsFile)

ECap1RegsFile 
*          1    00006a00    00000020     UNINITIALIZED
                  00006a00    00000020     F2806x_GlobalVariableDefs.obj (ECap1RegsFile)

ECap2RegsFile 
*          1    00006a20    00000020     UNINITIALIZED
                  00006a20    00000020     F2806x_GlobalVariableDefs.obj (ECap2RegsFile)

ECap3RegsFile 
*          1    00006a40    00000020     UNINITIALIZED
                  00006a40    00000020     F2806x_GlobalVariableDefs.obj (ECap3RegsFile)

HRCap1RegsFile 
*          1    00006ac0    00000020     UNINITIALIZED
                  00006ac0    00000020     F2806x_GlobalVariableDefs.obj (HRCap1RegsFile)

HRCap2RegsFile 
*          1    00006ae0    00000020     UNINITIALIZED
                  00006ae0    00000020     F2806x_GlobalVariableDefs.obj (HRCap2RegsFile)

EQep1RegsFile 
*          1    00006b00    00000022     UNINITIALIZED
                  00006b00    00000022     F2806x_GlobalVariableDefs.obj (EQep1RegsFile)

EQep2RegsFile 
*          1    00006b40    00000022     UNINITIALIZED
                  00006b40    00000022     F2806x_GlobalVariableDefs.obj (EQep2RegsFile)

HRCap3RegsFile 
*          1    00006c80    00000020     UNINITIALIZED
                  00006c80    00000020     F2806x_GlobalVariableDefs.obj (HRCap3RegsFile)

HRCap4RegsFile 
*          1    00006ca0    00000020     UNINITIALIZED
                  00006ca0    00000020     F2806x_GlobalVariableDefs.obj (HRCap4RegsFile)

GpioCtrlRegsFile 
*          1    00006f80    00000040     UNINITIALIZED
                  00006f80    00000040     F2806x_GlobalVariableDefs.obj (GpioCtrlRegsFile)

GpioDataRegsFile 
*          1    00006fc0    00000020     UNINITIALIZED
                  00006fc0    00000020     F2806x_GlobalVariableDefs.obj (GpioDataRegsFile)

GpioIntRegsFile 
*          1    00006fe0    00000020     UNINITIALIZED
                  00006fe0    00000020     F2806x_GlobalVariableDefs.obj (GpioIntRegsFile)

SysCtrlRegsFile 
*          1    00007010    00000030     UNINITIALIZED
                  00007010    00000030     F2806x_GlobalVariableDefs.obj (SysCtrlRegsFile)

SpiaRegsFile 
*          1    00007040    00000010     UNINITIALIZED
                  00007040    00000010     F2806x_GlobalVariableDefs.obj (SpiaRegsFile)

SciaRegsFile 
*          1    00007050    00000010     UNINITIALIZED
                  00007050    00000010     F2806x_GlobalVariableDefs.obj (SciaRegsFile)

NmiIntruptRegsFile 
*          1    00007060    00000010     UNINITIALIZED
                  00007060    00000010     F2806x_GlobalVariableDefs.obj (NmiIntruptRegsFile)

XIntruptRegsFile 
*          1    00007070    00000010     UNINITIALIZED
                  00007070    00000010     F2806x_GlobalVariableDefs.obj (XIntruptRegsFile)

AdcRegsFile 
*          1    00007100    00000050     UNINITIALIZED
                  00007100    00000050     F2806x_GlobalVariableDefs.obj (AdcRegsFile)

SpibRegsFile 
*          1    00007740    00000010     UNINITIALIZED
                  00007740    00000010     F2806x_GlobalVariableDefs.obj (SpibRegsFile)

ScibRegsFile 
*          1    00007750    00000010     UNINITIALIZED
                  00007750    00000010     F2806x_GlobalVariableDefs.obj (ScibRegsFile)

I2caRegsFile 
*          1    00007900    00000022     UNINITIALIZED
                  00007900    00000022     F2806x_GlobalVariableDefs.obj (I2caRegsFile)

PartIdRegsFile 
*          1    003d7e80    00000001     UNINITIALIZED
                  003d7e80    00000001     F2806x_GlobalVariableDefs.obj (PartIdRegsFile)

CsmPwlFile 
*          1    003f7ff8    00000008     UNINITIALIZED
                  003f7ff8    00000008     F2806x_GlobalVariableDefs.obj (CsmPwlFile)

.cio       1    00000400    00000120     UNINITIALIZED
                  00000400    00000120     rts2800_fpu32.lib : trgmsg.c.obj (.cio)

MODULE SUMMARY

       Module                          code    initialized data   uninitialized data
       ------                          ----    ----------------   ------------------
    ./
       main.obj                        290     23                 8                 
    +--+-------------------------------+-------+------------------+--------------------+
       Total:                          290     23                 8                 
                                                                                    
    ./f28069api/
       api.obj                         2103    410                0                 
       interrupts.obj                  263     224                0                 
       initializers.obj                38      0                  0                 
    +--+-------------------------------+-------+------------------+--------------------+
       Total:                          2404    634                0                 
                                                                                    
    ./tisrc/
       F2806x_GlobalVariableDefs.obj   0       0                  3550              
       F2806x_DevInit.obj              317     0                  0                 
       F2806x_CodeStartBranch.obj      10      0                  0                 
       F2806x_usDelay.obj              8       0                  0                 
    +--+-------------------------------+-------+------------------+--------------------+
       Total:                          335     0                  3550              
                                                                                    
    /Users/julian/ti/ti-cgt-c2000_18.12.8.LTS/lib/rts2800_fpu32.lib
       _printfi.c.obj                  3299    66                 0                 
       memory.c.obj                    654     4                  4                 
       trgmsg.c.obj                    149     0                  288               
       defs.c.obj                      0       42                 281               
       fopen.c.obj                     289     4                  1                 
       ll_div28.asm.obj                263     0                  0                 
       ctype.c.obj                     0       257                0                 
       s_scalbn.c.obj                  174     28                 0                 
       fputs.c.obj                     168     2                  0                 
       fd_add28.asm.obj                156     0                  0                 
       host_device.c.obj               0       41                 112               
       fd_div28.asm.obj                139     0                  0                 
       fd_mpy28.asm.obj                131     0                  0                 
       setvbuf.c.obj                   125     0                  0                 
       open.c.obj                      113     4                  1                 
       fflush.c.obj                    115     0                  0                 
       _io_perm.c.obj                  103     0                  0                 
       s_frexp.c.obj                   90      8                  0                 
       fclose.c.obj                    93      0                  0                 
       hostlseek.c.obj                 91      0                  0                 
       boot28.asm.obj                  86      0                  0                 
       fputc.c.obj                     83      0                  0                 
       getdevice.c.obj                 81      0                  0                 
       hostopen.c.obj                  60      0                  8                 
       hostrename.c.obj                62      0                  0                 
       exit.c.obj                      41      14                 6                 
       fseek.c.obj                     61      0                  0                 
       hostwrite.c.obj                 57      0                  0                 
       hostread.c.obj                  56      0                  0                 
       printf.c.obj                    52      0                  0                 
       close.c.obj                     51      0                  0                 
       atoi.c.obj                      49      0                  0                 
       ltoa.c.obj                      48      0                  0                 
       fd_cmp28.asm.obj                42      0                  0                 
       l_div28.asm.obj                 42      0                  0                 
       hostclose.c.obj                 41      0                  0                 
       s_copysign.c.obj                37      0                  0                 
       cpy_tbl.c.obj                   36      0                  0                 
       hostunlink.c.obj                36      0                  0                 
       fd_toi28.asm.obj                33      0                  0                 
       fd_tol28.asm.obj                31      0                  0                 
       ll_cmp28.asm.obj                30      0                  0                 
       i_tofd28.asm.obj                29      0                  0                 
       memcpy.c.obj                    29      0                  0                 
       fs_tofdfpu32.asm.obj            28      0                  0                 
       l_tofd28.asm.obj                28      0                  0                 
       args_main.c.obj                 25      0                  0                 
       unlink.c.obj                    25      0                  0                 
       write.c.obj                     25      0                  0                 
       ll_aox28.asm.obj                24      0                  0                 
       lseek.c.obj                     24      0                  0                 
       _lock.c.obj                     9       10                 4                 
       strncpy.c.obj                   21      0                  0                 
       fd_sub28.asm.obj                14      0                  0                 
       memccpy.c.obj                   13      0                  0                 
       memchr.c.obj                    13      0                  0                 
       strchr.c.obj                    12      0                  0                 
       strcmp.c.obj                    10      0                  0                 
       fd_neg28.asm.obj                9       0                  0                 
       wcslen.c.obj                    9       0                  0                 
       strlen.c.obj                    8       0                  0                 
       memset.c.obj                    7       0                  0                 
       errno.c.obj                     0       4                  1                 
       strcpy.c.obj                    5       0                  0                 
       remove.c.obj                    3       0                  0                 
       pre_init.c.obj                  2       0                  0                 
       startup.c.obj                   1       0                  0                 
    +--+-------------------------------+-------+------------------+--------------------+
       Total:                          7640    484                706               
                                                                                    
       Heap:                           0       0                  1024              
       Stack:                          0       0                  768               
    +--+-------------------------------+-------+------------------+--------------------+
       Grand Total:                    10669   1141               6056              


GLOBAL DATA SYMBOLS: SORTED BY DATA PAGE

address     data page           name
--------    ----------------    ----
00000050       1 (00000040)     __stack

00000400      10 (00000400)     __CIOBUF_

00000880      22 (00000880)     _DevEmuRegs

00000985      26 (00000980)     _SysPwrCtrlRegs

00000a80      2a (00000a80)     _FlashRegs

00000ae0      2b (00000ac0)     _CsmRegs

00000b00      2c (00000b00)     _AdcResult

00000c00      30 (00000c00)     _CpuTimer0Regs
00000c08      30 (00000c00)     _CpuTimer1Regs
00000c10      30 (00000c00)     _CpuTimer2Regs

00000ce0      33 (00000cc0)     _PieCtrlRegs

00000d00      34 (00000d00)     _EmuKey
00000d00      34 (00000d00)     _PieVectTable
00000d01      34 (00000d00)     _EmuBMode
00000d02      34 (00000d00)     _Flash_CallbackPtr
00000d04      34 (00000d00)     _Flash_CPUScaleFactor

00001000      40 (00001000)     _DmaRegs

00001400      50 (00001400)     _Cla1Regs

00004000     100 (00004000)     _Usb0Regs

00005000     140 (00005000)     _McbspaRegs

00006000     180 (00006000)     _ECanaRegs

00006040     181 (00006040)     _ECanaLAMRegs

00006080     182 (00006080)     _ECanaMOTSRegs

000060c0     183 (000060c0)     _ECanaMOTORegs

00006100     184 (00006100)     _ECanaMboxes

00006400     190 (00006400)     _Comp1Regs
00006420     190 (00006400)     _Comp2Regs

00006440     191 (00006440)     _Comp3Regs

00006800     1a0 (00006800)     _EPwm1Regs

00006840     1a1 (00006840)     _EPwm2Regs

00006880     1a2 (00006880)     _EPwm3Regs

000068c0     1a3 (000068c0)     _EPwm4Regs

00006900     1a4 (00006900)     _EPwm5Regs

00006940     1a5 (00006940)     _EPwm6Regs

00006980     1a6 (00006980)     _EPwm7Regs

000069c0     1a7 (000069c0)     _EPwm8Regs

00006a00     1a8 (00006a00)     _ECap1Regs
00006a20     1a8 (00006a00)     _ECap2Regs

00006a40     1a9 (00006a40)     _ECap3Regs

00006ac0     1ab (00006ac0)     _HRCap1Regs
00006ae0     1ab (00006ac0)     _HRCap2Regs

00006b00     1ac (00006b00)     _EQep1Regs

00006b40     1ad (00006b40)     _EQep2Regs

00006c80     1b2 (00006c80)     _HRCap3Regs
00006ca0     1b2 (00006c80)     _HRCap4Regs

00006f80     1be (00006f80)     _GpioCtrlRegs

00006fc0     1bf (00006fc0)     _GpioDataRegs
00006fe0     1bf (00006fc0)     _GpioIntRegs

00007010     1c0 (00007000)     _SysCtrlRegs

00007040     1c1 (00007040)     _SpiaRegs
00007050     1c1 (00007040)     _SciaRegs
00007060     1c1 (00007040)     _NmiIntruptRegs
00007070     1c1 (00007040)     _XIntruptRegs

00007100     1c4 (00007100)     _AdcRegs

00007740     1dd (00007740)     _SpibRegs
00007750     1dd (00007740)     _ScibRegs

00007900     1e4 (00007900)     _I2caRegs

00008000     200 (00008000)     __sys_memory

0000c000     300 (0000c000)     ___TI_tmpnams

0000c0a0     302 (0000c080)     _parmbuf
0000c0aa     302 (0000c080)     _Timer0
0000c0ac     302 (0000c080)     _Timer1
0000c0ae     302 (0000c080)     _Timer2
0000c0b0     302 (0000c080)     ___TI_enable_exit_profile_output
0000c0b2     302 (0000c080)     ___TI_cleanup_ptr
0000c0b4     302 (0000c080)     ___TI_dtors_ptr
0000c0ba     302 (0000c080)     __lock
0000c0bc     302 (0000c080)     __unlock
0000c0be     302 (0000c080)     ___TI_ft_end
0000c0bf     302 (0000c080)     _errno

0000c0c0     303 (0000c0c0)     __ftable

0000c140     305 (0000c140)     __device

0000c188     306 (0000c180)     __stream

003d7e80    f5fa (003d7e80)     _PartIdRegs

003f298c    fca6 (003f2980)     __ctypes_

003f7ff8    fdff (003f7fc0)     _CsmPwl


GLOBAL SYMBOLS: SORTED ALPHABETICALLY BY Name 

page  address   name                            
----  -------   ----                            
0     003f0000  .text                           
0     003f26a3  C$$EXIT                         
0     003f1ec1  C$$IO$$                         
0     003f1dd2  FD$$ADD                         
0     003f264f  FD$$CMP                         
0     003f1f03  FD$$DIV                         
0     003f1f8e  FD$$MPY                         
0     003f2939  FD$$NEG                         
0     003f28e8  FD$$SUB                         
0     003f2788  FD$$TOI                         
0     003f27a9  FD$$TOL                         
0     003f2820  FS$$TOFD                        
0     003f27e6  I$$TOFD                         
0     003f2679  L$$DIV                          
0     003f2688  L$$MOD                          
0     003f283c  L$$TOFD                         
0     003f28a3  LL$$AND                         
0     003f27c8  LL$$CMP                         
0     003f19d0  LL$$DIV                         
0     003f1a0c  LL$$MOD                         
0     003f28ab  LL$$OR                          
0     003f28b3  LL$$XOR                         
0     003f2696  UL$$DIV                         
0     003f269d  UL$$MOD                         
0     003f27da  ULL$$CMP                        
0     003f1a46  ULL$$DIV                        
0     003f1a75  ULL$$MOD                        
1     00007100  _AdcRegs                        
1     00000b00  _AdcResult                      
1     00001400  _Cla1Regs                       
1     00006400  _Comp1Regs                      
1     00006420  _Comp2Regs                      
1     00006440  _Comp3Regs                      
1     00000c00  _CpuTimer0Regs                  
1     00000c08  _CpuTimer1Regs                  
1     00000c10  _CpuTimer2Regs                  
1     003f7ff8  _CsmPwl                         
1     00000ae0  _CsmRegs                        
0     0000881b  _DSP28x_usDelay                 
1     00000880  _DevEmuRegs                     
0     003f1ad7  _DeviceInit                     
0     003f2704  _DeviceSetup                    
1     00001000  _DmaRegs                        
1     00006040  _ECanaLAMRegs                   
1     000060c0  _ECanaMOTORegs                  
1     00006080  _ECanaMOTSRegs                  
1     00006100  _ECanaMboxes                    
1     00006000  _ECanaRegs                      
1     00006a00  _ECap1Regs                      
1     00006a20  _ECap2Regs                      
1     00006a40  _ECap3Regs                      
1     00006800  _EPwm1Regs                      
1     00006840  _EPwm2Regs                      
1     00006880  _EPwm3Regs                      
1     000068c0  _EPwm4Regs                      
1     00006900  _EPwm5Regs                      
1     00006940  _EPwm6Regs                      
1     00006980  _EPwm7Regs                      
1     000069c0  _EPwm8Regs                      
1     00006b00  _EQep1Regs                      
1     00006b40  _EQep2Regs                      
1     00000d01  _EmuBMode                       
1     00000d00  _EmuKey                         
0     003f1b2d  _ExtOscSel                      
1     00000a80  _FlashRegs                      
1     00000d04  _Flash_CPUScaleFactor           
1     00000d02  _Flash_CallbackPtr              
1     00006f80  _GpioCtrlRegs                   
1     00006fc0  _GpioDataRegs                   
1     00006fe0  _GpioIntRegs                    
0     003f26cc  _HOSTclose                      
0     003f22b0  _HOSTlseek                      
0     003f24da  _HOSTopen                       
0     003f254f  _HOSTread                       
0     003f245f  _HOSTrename                     
0     003f2764  _HOSTunlink                     
0     003f2516  _HOSTwrite                      
1     00006ac0  _HRCap1Regs                     
1     00006ae0  _HRCap2Regs                     
1     00006c80  _HRCap3Regs                     
1     00006ca0  _HRCap4Regs                     
1     00007900  _I2caRegs                       
0     003f291c  _ISR_ILLEGAL                    
0     00008800  _InitFlash                      
0     003f26f5  _InitInterrupts                 
0     003f1b09  _IntOsc1Sel                     
0     003f1b19  _IntOsc2Sel                     
1     00005000  _McbspaRegs                     
0     003f1bc1  _MemCopy                        
1     00007060  _NmiIntruptRegs                 
0     003f1b43  _PLLset                         
1     003d7e80  _PartIdRegs                     
0     003f1b83  _PieCntlInit                    
1     00000ce0  _PieCtrlRegs                    
1     00000d00  _PieVectTable                   
0     003f1ba2  _PieVectTableInit               
0     003f298c  _RamfuncsLoadEnd                
abs   0000001f  _RamfuncsLoadSize               
0     003f296d  _RamfuncsLoadStart              
0     00008800  _RamfuncsRunStart               
1     00007050  _SciaRegs                       
1     00007750  _ScibRegs                       
1     00007040  _SpiaRegs                       
1     00007740  _SpibRegs                       
1     00007010  _SysCtrlRegs                    
1     00000985  _SysPwrCtrlRegs                 
1     0000c0aa  _Timer0                         
0     003f1c82  _Timer0Interrupt                
1     0000c0ac  _Timer1                         
0     003f1cba  _Timer1Interrupt                
1     0000c0ae  _Timer2                         
0     003f1cf2  _Timer2Interrupt                
1     00004000  _Usb0Regs                       
0     003f1b01  _WDogDisable                    
1     00007070  _XIntruptRegs                   
1     00000400  __CIOBUF_                       
1     00000350  __STACK_END                     
abs   00000300  __STACK_SIZE                    
abs   00000400  __SYSMEM_SIZE                   
0     003f1847  ___TI_cleanup                   
1     0000c0b2  ___TI_cleanup_ptr               
0     003f2253  ___TI_closefile                 
0     003f2108  ___TI_doflush                   
1     0000c0b4  ___TI_dtors_ptr                 
1     0000c0b0  ___TI_enable_exit_profile_output
1     0000c0be  ___TI_ft_end                    
0     003f17a6  ___TI_heap_check                
0     003f1789  ___TI_heap_largest_available    
0     003f176c  ___TI_heap_total_available      
abs   ffffffff  ___TI_pprof_out_hndl            
0     003f0b52  ___TI_printfi                   
abs   ffffffff  ___TI_prof_data_size            
abs   ffffffff  ___TI_prof_data_start           
0     003f2227  ___TI_rd_ok                     
0     003f1ec6  ___TI_readmsg                   
1     0000c000  ___TI_tmpnams                   
0     003f1e6e  ___TI_writemsg                  
0     003f21ec  ___TI_wrt_ok                    
abs   ffffffff  ___binit__                      
abs   ffffffff  ___c_args__                     
0     003f2d70  ___cinit__                      
0     003f296d  ___etext__                      
abs   ffffffff  ___pinit__                      
0     003f0000  ___text__                       
0     003f2858  __args_main                     
0     003f298c  __ctypes_                       
1     0000c140  __device                        
1     0000c0c0  __ftable                        
1     0000c0ba  __lock                          
0     003f2938  __nop                           
0     003f2934  __register_lock                 
0     003f2930  __register_unlock               
1     00000050  __stack                         
1     0000c188  __stream                        
1     00008000  __sys_memory                    
0     003f296c  __system_post_cinit             
0     003f296a  __system_pre_init               
1     0000c0bc  __unlock                        
0     003f26a3  _abort                          
0     003f16c1  _aligned_alloc                  
0     003f25ee  _atoi                           
0     003f18c9  _attachInterrupt                
0     003f2365  _c_int00                        
0     003f1695  _calloc                         
0     003f1959  _clearInterrupt                 
0     003f25bb  _close                          
0     003f2740  _copy_in                        
0     003f271b  _copysignl                      
0     003f0fec  _digitalRead                    
0     003f0e03  _digitalWrite                   
1     0000c0bf  _errno                          
0     003f26a5  _exit                           
0     003f2297  _fclose                         
0     003f2137  _fflush                         
0     003f240e  _finddevice                     
0     003f1882  _fopen                          
0     003f23bb  _fputc                          
0     003f1d2a  _fputs                          
0     003f1545  _free                           
0     003f1864  _freopen                        
0     003f230b  _frexpl                         
0     003f249d  _fseek                          
0     003f2429  _getdevice                      
0     003f1bd4  _ldexpl                         
0     003f20b1  _loop                           
0     003f28bb  _lseek                          
0     003f261f  _ltoa                           
0     003f2101  _main                           
0     003f151a  _malloc                         
0     003f16c1  _memalign                       
0     003f28f6  _memccpy                        
0     003f2903  _memchr                         
0     003f2803  _memcpy                         
0     003f295b  _memset                         
0     003f1691  _minit                          
0     003f217b  _open                           
1     0000c0a0  _parmbuf                        
0     003f114b  _pinMode                        
0     003f258d  _printf                         
0     003f23bb  _putc                           
0     003f2409  _putchar                        
0     003f1dbf  _puts                           
0     003f160d  _realloc                        
0     003f2967  _remove                         
0     003f1bd4  _scalbnl                        
0     003f1334  _setMux                         
0     003f208e  _setup                          
0     003f2011  _setvbuf                        
0     003f1986  _stopInterrupt                  
0     003f2910  _strchr                         
0     003f2926  _strcmp                         
0     003f2962  _strcpy                         
0     003f2953  _strlen                         
0     003f28d3  _strncpy                        
0     003f0ce3  _togglePin                      
0     003f2871  _unlink                         
0     003f2942  _wcslen                         
0     003f288a  _write                          
abs   ffffffff  binit                           
0     003f2d70  cinit                           
0     003f7ff6  code_start                      
0     003f296d  etext                           
abs   ffffffff  pinit                           


GLOBAL SYMBOLS: SORTED BY Symbol Address 

page  address   name                            
----  -------   ----                            
0     00008800  _InitFlash                      
0     00008800  _RamfuncsRunStart               
0     0000881b  _DSP28x_usDelay                 
0     003f0000  .text                           
0     003f0000  ___text__                       
0     003f0b52  ___TI_printfi                   
0     003f0ce3  _togglePin                      
0     003f0e03  _digitalWrite                   
0     003f0fec  _digitalRead                    
0     003f114b  _pinMode                        
0     003f1334  _setMux                         
0     003f151a  _malloc                         
0     003f1545  _free                           
0     003f160d  _realloc                        
0     003f1691  _minit                          
0     003f1695  _calloc                         
0     003f16c1  _aligned_alloc                  
0     003f16c1  _memalign                       
0     003f176c  ___TI_heap_total_available      
0     003f1789  ___TI_heap_largest_available    
0     003f17a6  ___TI_heap_check                
0     003f1847  ___TI_cleanup                   
0     003f1864  _freopen                        
0     003f1882  _fopen                          
0     003f18c9  _attachInterrupt                
0     003f1959  _clearInterrupt                 
0     003f1986  _stopInterrupt                  
0     003f19d0  LL$$DIV                         
0     003f1a0c  LL$$MOD                         
0     003f1a46  ULL$$DIV                        
0     003f1a75  ULL$$MOD                        
0     003f1ad7  _DeviceInit                     
0     003f1b01  _WDogDisable                    
0     003f1b09  _IntOsc1Sel                     
0     003f1b19  _IntOsc2Sel                     
0     003f1b2d  _ExtOscSel                      
0     003f1b43  _PLLset                         
0     003f1b83  _PieCntlInit                    
0     003f1ba2  _PieVectTableInit               
0     003f1bc1  _MemCopy                        
0     003f1bd4  _ldexpl                         
0     003f1bd4  _scalbnl                        
0     003f1c82  _Timer0Interrupt                
0     003f1cba  _Timer1Interrupt                
0     003f1cf2  _Timer2Interrupt                
0     003f1d2a  _fputs                          
0     003f1dbf  _puts                           
0     003f1dd2  FD$$ADD                         
0     003f1e6e  ___TI_writemsg                  
0     003f1ec1  C$$IO$$                         
0     003f1ec6  ___TI_readmsg                   
0     003f1f03  FD$$DIV                         
0     003f1f8e  FD$$MPY                         
0     003f2011  _setvbuf                        
0     003f208e  _setup                          
0     003f20b1  _loop                           
0     003f2101  _main                           
0     003f2108  ___TI_doflush                   
0     003f2137  _fflush                         
0     003f217b  _open                           
0     003f21ec  ___TI_wrt_ok                    
0     003f2227  ___TI_rd_ok                     
0     003f2253  ___TI_closefile                 
0     003f2297  _fclose                         
0     003f22b0  _HOSTlseek                      
0     003f230b  _frexpl                         
0     003f2365  _c_int00                        
0     003f23bb  _fputc                          
0     003f23bb  _putc                           
0     003f2409  _putchar                        
0     003f240e  _finddevice                     
0     003f2429  _getdevice                      
0     003f245f  _HOSTrename                     
0     003f249d  _fseek                          
0     003f24da  _HOSTopen                       
0     003f2516  _HOSTwrite                      
0     003f254f  _HOSTread                       
0     003f258d  _printf                         
0     003f25bb  _close                          
0     003f25ee  _atoi                           
0     003f261f  _ltoa                           
0     003f264f  FD$$CMP                         
0     003f2679  L$$DIV                          
0     003f2688  L$$MOD                          
0     003f2696  UL$$DIV                         
0     003f269d  UL$$MOD                         
0     003f26a3  C$$EXIT                         
0     003f26a3  _abort                          
0     003f26a5  _exit                           
0     003f26cc  _HOSTclose                      
0     003f26f5  _InitInterrupts                 
0     003f2704  _DeviceSetup                    
0     003f271b  _copysignl                      
0     003f2740  _copy_in                        
0     003f2764  _HOSTunlink                     
0     003f2788  FD$$TOI                         
0     003f27a9  FD$$TOL                         
0     003f27c8  LL$$CMP                         
0     003f27da  ULL$$CMP                        
0     003f27e6  I$$TOFD                         
0     003f2803  _memcpy                         
0     003f2820  FS$$TOFD                        
0     003f283c  L$$TOFD                         
0     003f2858  __args_main                     
0     003f2871  _unlink                         
0     003f288a  _write                          
0     003f28a3  LL$$AND                         
0     003f28ab  LL$$OR                          
0     003f28b3  LL$$XOR                         
0     003f28bb  _lseek                          
0     003f28d3  _strncpy                        
0     003f28e8  FD$$SUB                         
0     003f28f6  _memccpy                        
0     003f2903  _memchr                         
0     003f2910  _strchr                         
0     003f291c  _ISR_ILLEGAL                    
0     003f2926  _strcmp                         
0     003f2930  __register_unlock               
0     003f2934  __register_lock                 
0     003f2938  __nop                           
0     003f2939  FD$$NEG                         
0     003f2942  _wcslen                         
0     003f2953  _strlen                         
0     003f295b  _memset                         
0     003f2962  _strcpy                         
0     003f2967  _remove                         
0     003f296a  __system_pre_init               
0     003f296c  __system_post_cinit             
0     003f296d  _RamfuncsLoadStart              
0     003f296d  ___etext__                      
0     003f296d  etext                           
0     003f298c  _RamfuncsLoadEnd                
0     003f298c  __ctypes_                       
0     003f2d70  ___cinit__                      
0     003f2d70  cinit                           
0     003f7ff6  code_start                      
1     00000050  __stack                         
1     00000350  __STACK_END                     
1     00000400  __CIOBUF_                       
1     00000880  _DevEmuRegs                     
1     00000985  _SysPwrCtrlRegs                 
1     00000a80  _FlashRegs                      
1     00000ae0  _CsmRegs                        
1     00000b00  _AdcResult                      
1     00000c00  _CpuTimer0Regs                  
1     00000c08  _CpuTimer1Regs                  
1     00000c10  _CpuTimer2Regs                  
1     00000ce0  _PieCtrlRegs                    
1     00000d00  _EmuKey                         
1     00000d00  _PieVectTable                   
1     00000d01  _EmuBMode                       
1     00000d02  _Flash_CallbackPtr              
1     00000d04  _Flash_CPUScaleFactor           
1     00001000  _DmaRegs                        
1     00001400  _Cla1Regs                       
1     00004000  _Usb0Regs                       
1     00005000  _McbspaRegs                     
1     00006000  _ECanaRegs                      
1     00006040  _ECanaLAMRegs                   
1     00006080  _ECanaMOTSRegs                  
1     000060c0  _ECanaMOTORegs                  
1     00006100  _ECanaMboxes                    
1     00006400  _Comp1Regs                      
1     00006420  _Comp2Regs                      
1     00006440  _Comp3Regs                      
1     00006800  _EPwm1Regs                      
1     00006840  _EPwm2Regs                      
1     00006880  _EPwm3Regs                      
1     000068c0  _EPwm4Regs                      
1     00006900  _EPwm5Regs                      
1     00006940  _EPwm6Regs                      
1     00006980  _EPwm7Regs                      
1     000069c0  _EPwm8Regs                      
1     00006a00  _ECap1Regs                      
1     00006a20  _ECap2Regs                      
1     00006a40  _ECap3Regs                      
1     00006ac0  _HRCap1Regs                     
1     00006ae0  _HRCap2Regs                     
1     00006b00  _EQep1Regs                      
1     00006b40  _EQep2Regs                      
1     00006c80  _HRCap3Regs                     
1     00006ca0  _HRCap4Regs                     
1     00006f80  _GpioCtrlRegs                   
1     00006fc0  _GpioDataRegs                   
1     00006fe0  _GpioIntRegs                    
1     00007010  _SysCtrlRegs                    
1     00007040  _SpiaRegs                       
1     00007050  _SciaRegs                       
1     00007060  _NmiIntruptRegs                 
1     00007070  _XIntruptRegs                   
1     00007100  _AdcRegs                        
1     00007740  _SpibRegs                       
1     00007750  _ScibRegs                       
1     00007900  _I2caRegs                       
1     00008000  __sys_memory                    
1     0000c000  ___TI_tmpnams                   
1     0000c0a0  _parmbuf                        
1     0000c0aa  _Timer0                         
1     0000c0ac  _Timer1                         
1     0000c0ae  _Timer2                         
1     0000c0b0  ___TI_enable_exit_profile_output
1     0000c0b2  ___TI_cleanup_ptr               
1     0000c0b4  ___TI_dtors_ptr                 
1     0000c0ba  __lock                          
1     0000c0bc  __unlock                        
1     0000c0be  ___TI_ft_end                    
1     0000c0bf  _errno                          
1     0000c0c0  __ftable                        
1     0000c140  __device                        
1     0000c188  __stream                        
1     003d7e80  _PartIdRegs                     
1     003f7ff8  _CsmPwl                         
abs   0000001f  _RamfuncsLoadSize               
abs   00000300  __STACK_SIZE                    
abs   00000400  __SYSMEM_SIZE                   
abs   ffffffff  ___TI_pprof_out_hndl            
abs   ffffffff  ___TI_prof_data_size            
abs   ffffffff  ___TI_prof_data_start           
abs   ffffffff  ___binit__                      
abs   ffffffff  ___c_args__                     
abs   ffffffff  ___pinit__                      
abs   ffffffff  binit                           
abs   ffffffff  pinit                           

[223 symbols]
