<?xml version="1.0" encoding="ISO-8859-1" ?>
<link_info>
   <banner>TMS320C2000 Linker Unix v18.12.8.LTS</banner>
   <copyright>Copyright (c) 1996-2018 Texas Instruments Incorporated</copyright>
   <link_time>0x635fd37f</link_time>
   <link_errors>0x0</link_errors>
   <output_file>test_28069.out</output_file>
   <entry_point>
      <name>_c_int00</name>
      <address>0x3f2365</address>
   </entry_point>
   <input_file_list>
      <input_file id="fl-1">
         <path>./</path>
         <kind>object</kind>
         <file>main.obj</file>
         <name>main.obj</name>
      </input_file>
      <input_file id="fl-2">
         <path>./</path>
         <kind>object</kind>
         <file>sci_2806x.obj</file>
         <name>sci_2806x.obj</name>
      </input_file>
      <input_file id="fl-3">
         <path>./f28069api/</path>
         <kind>object</kind>
         <file>api.obj</file>
         <name>api.obj</name>
      </input_file>
      <input_file id="fl-4">
         <path>./f28069api/</path>
         <kind>object</kind>
         <file>initializers.obj</file>
         <name>initializers.obj</name>
      </input_file>
      <input_file id="fl-5">
         <path>./f28069api/</path>
         <kind>object</kind>
         <file>interrupts.obj</file>
         <name>interrupts.obj</name>
      </input_file>
      <input_file id="fl-6">
         <path>./tisrc/</path>
         <kind>object</kind>
         <file>F2806x_CodeStartBranch.obj</file>
         <name>F2806x_CodeStartBranch.obj</name>
      </input_file>
      <input_file id="fl-7">
         <path>./tisrc/</path>
         <kind>object</kind>
         <file>F2806x_DevInit.obj</file>
         <name>F2806x_DevInit.obj</name>
      </input_file>
      <input_file id="fl-8">
         <path>./tisrc/</path>
         <kind>object</kind>
         <file>F2806x_GlobalVariableDefs.obj</file>
         <name>F2806x_GlobalVariableDefs.obj</name>
      </input_file>
      <input_file id="fl-9">
         <path>./tisrc/</path>
         <kind>object</kind>
         <file>F2806x_usDelay.obj</file>
         <name>F2806x_usDelay.obj</name>
      </input_file>
      <input_file id="fl-e">
         <kind>object</kind>
         <file>&lt;internal&gt;</file>
         <name>&lt;internal&gt;</name>
      </input_file>
      <input_file id="fl-1a">
         <path>/Users/julian/ti/ti-cgt-c2000_18.12.8.LTS/lib/</path>
         <kind>archive</kind>
         <file>rts2800_fpu32.lib</file>
         <name>printf.c.obj</name>
      </input_file>
      <input_file id="fl-1b">
         <path>/Users/julian/ti/ti-cgt-c2000_18.12.8.LTS/lib/</path>
         <kind>archive</kind>
         <file>rts2800_fpu32.lib</file>
         <name>_printfi.c.obj</name>
      </input_file>
      <input_file id="fl-1c">
         <path>/Users/julian/ti/ti-cgt-c2000_18.12.8.LTS/lib/</path>
         <kind>archive</kind>
         <file>rts2800_fpu32.lib</file>
         <name>fputc.c.obj</name>
      </input_file>
      <input_file id="fl-1d">
         <path>/Users/julian/ti/ti-cgt-c2000_18.12.8.LTS/lib/</path>
         <kind>archive</kind>
         <file>rts2800_fpu32.lib</file>
         <name>fputs.c.obj</name>
      </input_file>
      <input_file id="fl-1e">
         <path>/Users/julian/ti/ti-cgt-c2000_18.12.8.LTS/lib/</path>
         <kind>archive</kind>
         <file>rts2800_fpu32.lib</file>
         <name>_io_perm.c.obj</name>
      </input_file>
      <input_file id="fl-1f">
         <path>/Users/julian/ti/ti-cgt-c2000_18.12.8.LTS/lib/</path>
         <kind>archive</kind>
         <file>rts2800_fpu32.lib</file>
         <name>setvbuf.c.obj</name>
      </input_file>
      <input_file id="fl-20">
         <path>/Users/julian/ti/ti-cgt-c2000_18.12.8.LTS/lib/</path>
         <kind>archive</kind>
         <file>rts2800_fpu32.lib</file>
         <name>wcslen.c.obj</name>
      </input_file>
      <input_file id="fl-21">
         <path>/Users/julian/ti/ti-cgt-c2000_18.12.8.LTS/lib/</path>
         <kind>archive</kind>
         <file>rts2800_fpu32.lib</file>
         <name>boot28.asm.obj</name>
      </input_file>
      <input_file id="fl-22">
         <path>/Users/julian/ti/ti-cgt-c2000_18.12.8.LTS/lib/</path>
         <kind>archive</kind>
         <file>rts2800_fpu32.lib</file>
         <name>fd_cmp28.asm.obj</name>
      </input_file>
      <input_file id="fl-23">
         <path>/Users/julian/ti/ti-cgt-c2000_18.12.8.LTS/lib/</path>
         <kind>archive</kind>
         <file>rts2800_fpu32.lib</file>
         <name>fd_mpy28.asm.obj</name>
      </input_file>
      <input_file id="fl-24">
         <path>/Users/julian/ti/ti-cgt-c2000_18.12.8.LTS/lib/</path>
         <kind>archive</kind>
         <file>rts2800_fpu32.lib</file>
         <name>fd_neg28.asm.obj</name>
      </input_file>
      <input_file id="fl-25">
         <path>/Users/julian/ti/ti-cgt-c2000_18.12.8.LTS/lib/</path>
         <kind>archive</kind>
         <file>rts2800_fpu32.lib</file>
         <name>fd_sub28.asm.obj</name>
      </input_file>
      <input_file id="fl-26">
         <path>/Users/julian/ti/ti-cgt-c2000_18.12.8.LTS/lib/</path>
         <kind>archive</kind>
         <file>rts2800_fpu32.lib</file>
         <name>fd_toi28.asm.obj</name>
      </input_file>
      <input_file id="fl-27">
         <path>/Users/julian/ti/ti-cgt-c2000_18.12.8.LTS/lib/</path>
         <kind>archive</kind>
         <file>rts2800_fpu32.lib</file>
         <name>fd_tol28.asm.obj</name>
      </input_file>
      <input_file id="fl-28">
         <path>/Users/julian/ti/ti-cgt-c2000_18.12.8.LTS/lib/</path>
         <kind>archive</kind>
         <file>rts2800_fpu32.lib</file>
         <name>ll_aox28.asm.obj</name>
      </input_file>
      <input_file id="fl-29">
         <path>/Users/julian/ti/ti-cgt-c2000_18.12.8.LTS/lib/</path>
         <kind>archive</kind>
         <file>rts2800_fpu32.lib</file>
         <name>ll_cmp28.asm.obj</name>
      </input_file>
      <input_file id="fl-2a">
         <path>/Users/julian/ti/ti-cgt-c2000_18.12.8.LTS/lib/</path>
         <kind>archive</kind>
         <file>rts2800_fpu32.lib</file>
         <name>ll_div28.asm.obj</name>
      </input_file>
      <input_file id="fl-2b">
         <path>/Users/julian/ti/ti-cgt-c2000_18.12.8.LTS/lib/</path>
         <kind>archive</kind>
         <file>rts2800_fpu32.lib</file>
         <name>i_tofd28.asm.obj</name>
      </input_file>
      <input_file id="fl-2c">
         <path>/Users/julian/ti/ti-cgt-c2000_18.12.8.LTS/lib/</path>
         <kind>archive</kind>
         <file>rts2800_fpu32.lib</file>
         <name>l_tofd28.asm.obj</name>
      </input_file>
      <input_file id="fl-2d">
         <path>/Users/julian/ti/ti-cgt-c2000_18.12.8.LTS/lib/</path>
         <kind>archive</kind>
         <file>rts2800_fpu32.lib</file>
         <name>l_div28.asm.obj</name>
      </input_file>
      <input_file id="fl-2e">
         <path>/Users/julian/ti/ti-cgt-c2000_18.12.8.LTS/lib/</path>
         <kind>archive</kind>
         <file>rts2800_fpu32.lib</file>
         <name>fs_tofdfpu32.asm.obj</name>
      </input_file>
      <input_file id="fl-2f">
         <path>/Users/julian/ti/ti-cgt-c2000_18.12.8.LTS/lib/</path>
         <kind>archive</kind>
         <file>rts2800_fpu32.lib</file>
         <name>fd_div28.asm.obj</name>
      </input_file>
      <input_file id="fl-30">
         <path>/Users/julian/ti/ti-cgt-c2000_18.12.8.LTS/lib/</path>
         <kind>archive</kind>
         <file>rts2800_fpu32.lib</file>
         <name>cpy_tbl.c.obj</name>
      </input_file>
      <input_file id="fl-31">
         <path>/Users/julian/ti/ti-cgt-c2000_18.12.8.LTS/lib/</path>
         <kind>archive</kind>
         <file>rts2800_fpu32.lib</file>
         <name>memcpy.c.obj</name>
      </input_file>
      <input_file id="fl-32">
         <path>/Users/julian/ti/ti-cgt-c2000_18.12.8.LTS/lib/</path>
         <kind>archive</kind>
         <file>rts2800_fpu32.lib</file>
         <name>pre_init.c.obj</name>
      </input_file>
      <input_file id="fl-33">
         <path>/Users/julian/ti/ti-cgt-c2000_18.12.8.LTS/lib/</path>
         <kind>archive</kind>
         <file>rts2800_fpu32.lib</file>
         <name>startup.c.obj</name>
      </input_file>
      <input_file id="fl-34">
         <path>/Users/julian/ti/ti-cgt-c2000_18.12.8.LTS/lib/</path>
         <kind>archive</kind>
         <file>rts2800_fpu32.lib</file>
         <name>exit.c.obj</name>
      </input_file>
      <input_file id="fl-35">
         <path>/Users/julian/ti/ti-cgt-c2000_18.12.8.LTS/lib/</path>
         <kind>archive</kind>
         <file>rts2800_fpu32.lib</file>
         <name>_lock.c.obj</name>
      </input_file>
      <input_file id="fl-36">
         <path>/Users/julian/ti/ti-cgt-c2000_18.12.8.LTS/lib/</path>
         <kind>archive</kind>
         <file>rts2800_fpu32.lib</file>
         <name>args_main.c.obj</name>
      </input_file>
      <input_file id="fl-37">
         <path>/Users/julian/ti/ti-cgt-c2000_18.12.8.LTS/lib/</path>
         <kind>archive</kind>
         <file>rts2800_fpu32.lib</file>
         <name>atoi.c.obj</name>
      </input_file>
      <input_file id="fl-38">
         <path>/Users/julian/ti/ti-cgt-c2000_18.12.8.LTS/lib/</path>
         <kind>archive</kind>
         <file>rts2800_fpu32.lib</file>
         <name>ctype.c.obj</name>
      </input_file>
      <input_file id="fl-39">
         <path>/Users/julian/ti/ti-cgt-c2000_18.12.8.LTS/lib/</path>
         <kind>archive</kind>
         <file>rts2800_fpu32.lib</file>
         <name>defs.c.obj</name>
      </input_file>
      <input_file id="fl-3a">
         <path>/Users/julian/ti/ti-cgt-c2000_18.12.8.LTS/lib/</path>
         <kind>archive</kind>
         <file>rts2800_fpu32.lib</file>
         <name>ltoa.c.obj</name>
      </input_file>
      <input_file id="fl-3b">
         <path>/Users/julian/ti/ti-cgt-c2000_18.12.8.LTS/lib/</path>
         <kind>archive</kind>
         <file>rts2800_fpu32.lib</file>
         <name>memccpy.c.obj</name>
      </input_file>
      <input_file id="fl-3c">
         <path>/Users/julian/ti/ti-cgt-c2000_18.12.8.LTS/lib/</path>
         <kind>archive</kind>
         <file>rts2800_fpu32.lib</file>
         <name>memchr.c.obj</name>
      </input_file>
      <input_file id="fl-3d">
         <path>/Users/julian/ti/ti-cgt-c2000_18.12.8.LTS/lib/</path>
         <kind>archive</kind>
         <file>rts2800_fpu32.lib</file>
         <name>memory.c.obj</name>
      </input_file>
      <input_file id="fl-3e">
         <path>/Users/julian/ti/ti-cgt-c2000_18.12.8.LTS/lib/</path>
         <kind>archive</kind>
         <file>rts2800_fpu32.lib</file>
         <name>memset.c.obj</name>
      </input_file>
      <input_file id="fl-3f">
         <path>/Users/julian/ti/ti-cgt-c2000_18.12.8.LTS/lib/</path>
         <kind>archive</kind>
         <file>rts2800_fpu32.lib</file>
         <name>strchr.c.obj</name>
      </input_file>
      <input_file id="fl-40">
         <path>/Users/julian/ti/ti-cgt-c2000_18.12.8.LTS/lib/</path>
         <kind>archive</kind>
         <file>rts2800_fpu32.lib</file>
         <name>strcpy.c.obj</name>
      </input_file>
      <input_file id="fl-41">
         <path>/Users/julian/ti/ti-cgt-c2000_18.12.8.LTS/lib/</path>
         <kind>archive</kind>
         <file>rts2800_fpu32.lib</file>
         <name>strlen.c.obj</name>
      </input_file>
      <input_file id="fl-42">
         <path>/Users/julian/ti/ti-cgt-c2000_18.12.8.LTS/lib/</path>
         <kind>archive</kind>
         <file>rts2800_fpu32.lib</file>
         <name>write.c.obj</name>
      </input_file>
      <input_file id="fl-43">
         <path>/Users/julian/ti/ti-cgt-c2000_18.12.8.LTS/lib/</path>
         <kind>archive</kind>
         <file>rts2800_fpu32.lib</file>
         <name>host_device.c.obj</name>
      </input_file>
      <input_file id="fl-44">
         <path>/Users/julian/ti/ti-cgt-c2000_18.12.8.LTS/lib/</path>
         <kind>archive</kind>
         <file>rts2800_fpu32.lib</file>
         <name>s_frexp.c.obj</name>
      </input_file>
      <input_file id="fl-45">
         <path>/Users/julian/ti/ti-cgt-c2000_18.12.8.LTS/lib/</path>
         <kind>archive</kind>
         <file>rts2800_fpu32.lib</file>
         <name>s_scalbn.c.obj</name>
      </input_file>
      <input_file id="fl-46">
         <path>/Users/julian/ti/ti-cgt-c2000_18.12.8.LTS/lib/</path>
         <kind>archive</kind>
         <file>rts2800_fpu32.lib</file>
         <name>fflush.c.obj</name>
      </input_file>
      <input_file id="fl-47">
         <path>/Users/julian/ti/ti-cgt-c2000_18.12.8.LTS/lib/</path>
         <kind>archive</kind>
         <file>rts2800_fpu32.lib</file>
         <name>fopen.c.obj</name>
      </input_file>
      <input_file id="fl-48">
         <path>/Users/julian/ti/ti-cgt-c2000_18.12.8.LTS/lib/</path>
         <kind>archive</kind>
         <file>rts2800_fpu32.lib</file>
         <name>fseek.c.obj</name>
      </input_file>
      <input_file id="fl-49">
         <path>/Users/julian/ti/ti-cgt-c2000_18.12.8.LTS/lib/</path>
         <kind>archive</kind>
         <file>rts2800_fpu32.lib</file>
         <name>fd_add28.asm.obj</name>
      </input_file>
      <input_file id="fl-4a">
         <path>/Users/julian/ti/ti-cgt-c2000_18.12.8.LTS/lib/</path>
         <kind>archive</kind>
         <file>rts2800_fpu32.lib</file>
         <name>errno.c.obj</name>
      </input_file>
      <input_file id="fl-4b">
         <path>/Users/julian/ti/ti-cgt-c2000_18.12.8.LTS/lib/</path>
         <kind>archive</kind>
         <file>rts2800_fpu32.lib</file>
         <name>hostclose.c.obj</name>
      </input_file>
      <input_file id="fl-4c">
         <path>/Users/julian/ti/ti-cgt-c2000_18.12.8.LTS/lib/</path>
         <kind>archive</kind>
         <file>rts2800_fpu32.lib</file>
         <name>hostlseek.c.obj</name>
      </input_file>
      <input_file id="fl-4d">
         <path>/Users/julian/ti/ti-cgt-c2000_18.12.8.LTS/lib/</path>
         <kind>archive</kind>
         <file>rts2800_fpu32.lib</file>
         <name>hostopen.c.obj</name>
      </input_file>
      <input_file id="fl-4e">
         <path>/Users/julian/ti/ti-cgt-c2000_18.12.8.LTS/lib/</path>
         <kind>archive</kind>
         <file>rts2800_fpu32.lib</file>
         <name>hostread.c.obj</name>
      </input_file>
      <input_file id="fl-4f">
         <path>/Users/julian/ti/ti-cgt-c2000_18.12.8.LTS/lib/</path>
         <kind>archive</kind>
         <file>rts2800_fpu32.lib</file>
         <name>hostrename.c.obj</name>
      </input_file>
      <input_file id="fl-50">
         <path>/Users/julian/ti/ti-cgt-c2000_18.12.8.LTS/lib/</path>
         <kind>archive</kind>
         <file>rts2800_fpu32.lib</file>
         <name>hostunlink.c.obj</name>
      </input_file>
      <input_file id="fl-51">
         <path>/Users/julian/ti/ti-cgt-c2000_18.12.8.LTS/lib/</path>
         <kind>archive</kind>
         <file>rts2800_fpu32.lib</file>
         <name>hostwrite.c.obj</name>
      </input_file>
      <input_file id="fl-52">
         <path>/Users/julian/ti/ti-cgt-c2000_18.12.8.LTS/lib/</path>
         <kind>archive</kind>
         <file>rts2800_fpu32.lib</file>
         <name>trgmsg.c.obj</name>
      </input_file>
      <input_file id="fl-53">
         <path>/Users/julian/ti/ti-cgt-c2000_18.12.8.LTS/lib/</path>
         <kind>archive</kind>
         <file>rts2800_fpu32.lib</file>
         <name>open.c.obj</name>
      </input_file>
      <input_file id="fl-54">
         <path>/Users/julian/ti/ti-cgt-c2000_18.12.8.LTS/lib/</path>
         <kind>archive</kind>
         <file>rts2800_fpu32.lib</file>
         <name>lseek.c.obj</name>
      </input_file>
      <input_file id="fl-55">
         <path>/Users/julian/ti/ti-cgt-c2000_18.12.8.LTS/lib/</path>
         <kind>archive</kind>
         <file>rts2800_fpu32.lib</file>
         <name>s_copysign.c.obj</name>
      </input_file>
      <input_file id="fl-56">
         <path>/Users/julian/ti/ti-cgt-c2000_18.12.8.LTS/lib/</path>
         <kind>archive</kind>
         <file>rts2800_fpu32.lib</file>
         <name>fclose.c.obj</name>
      </input_file>
      <input_file id="fl-57">
         <path>/Users/julian/ti/ti-cgt-c2000_18.12.8.LTS/lib/</path>
         <kind>archive</kind>
         <file>rts2800_fpu32.lib</file>
         <name>getdevice.c.obj</name>
      </input_file>
      <input_file id="fl-58">
         <path>/Users/julian/ti/ti-cgt-c2000_18.12.8.LTS/lib/</path>
         <kind>archive</kind>
         <file>rts2800_fpu32.lib</file>
         <name>strcmp.c.obj</name>
      </input_file>
      <input_file id="fl-59">
         <path>/Users/julian/ti/ti-cgt-c2000_18.12.8.LTS/lib/</path>
         <kind>archive</kind>
         <file>rts2800_fpu32.lib</file>
         <name>strncpy.c.obj</name>
      </input_file>
      <input_file id="fl-5a">
         <path>/Users/julian/ti/ti-cgt-c2000_18.12.8.LTS/lib/</path>
         <kind>archive</kind>
         <file>rts2800_fpu32.lib</file>
         <name>remove.c.obj</name>
      </input_file>
      <input_file id="fl-5b">
         <path>/Users/julian/ti/ti-cgt-c2000_18.12.8.LTS/lib/</path>
         <kind>archive</kind>
         <file>rts2800_fpu32.lib</file>
         <name>close.c.obj</name>
      </input_file>
      <input_file id="fl-5c">
         <path>/Users/julian/ti/ti-cgt-c2000_18.12.8.LTS/lib/</path>
         <kind>archive</kind>
         <file>rts2800_fpu32.lib</file>
         <name>unlink.c.obj</name>
      </input_file>
   </input_file_list>
   <object_component_list>
      <object_component id="oc-220">
         <name>.cinit:__ftable</name>
         <load_address>0x3f2d70</load_address>
         <run_address>0x3f2d70</run_address>
         <size>0x26</size>
         <input_file_ref idref="fl-39"/>
      </object_component>
      <object_component id="oc-242">
         <name>.cinit:__device</name>
         <load_address>0x3f2d96</load_address>
         <run_address>0x3f2d96</run_address>
         <size>0x1b</size>
         <input_file_ref idref="fl-43"/>
      </object_component>
      <object_component id="oc-4f">
         <name>.cinit</name>
         <load_address>0x3f2db1</load_address>
         <run_address>0x3f2db1</run_address>
         <size>0x17</size>
         <input_file_ref idref="fl-1"/>
      </object_component>
      <object_component id="oc-23b">
         <name>.cinit:__stream</name>
         <load_address>0x3f2dc8</load_address>
         <run_address>0x3f2dc8</run_address>
         <size>0xe</size>
         <input_file_ref idref="fl-43"/>
      </object_component>
      <object_component id="oc-13e">
         <name>.cinit</name>
         <load_address>0x3f2dd6</load_address>
         <run_address>0x3f2dd6</run_address>
         <size>0xe</size>
         <input_file_ref idref="fl-34"/>
      </object_component>
      <object_component id="oc-217">
         <name>.cinit:__lock</name>
         <load_address>0x3f2de4</load_address>
         <run_address>0x3f2de4</run_address>
         <size>0x5</size>
         <input_file_ref idref="fl-35"/>
      </object_component>
      <object_component id="oc-21c">
         <name>.cinit:__unlock</name>
         <load_address>0x3f2de9</load_address>
         <run_address>0x3f2de9</run_address>
         <size>0x5</size>
         <input_file_ref idref="fl-35"/>
      </object_component>
      <object_component id="oc-156">
         <name>.cinit</name>
         <load_address>0x3f2dee</load_address>
         <run_address>0x3f2dee</run_address>
         <size>0x4</size>
         <input_file_ref idref="fl-39"/>
      </object_component>
      <object_component id="oc-1ae">
         <name>.cinit</name>
         <load_address>0x3f2df2</load_address>
         <run_address>0x3f2df2</run_address>
         <size>0x4</size>
         <input_file_ref idref="fl-4a"/>
      </object_component>
      <object_component id="oc-19d">
         <name>.cinit</name>
         <load_address>0x3f2df6</load_address>
         <run_address>0x3f2df6</run_address>
         <size>0x4</size>
         <input_file_ref idref="fl-47"/>
      </object_component>
      <object_component id="oc-169">
         <name>.cinit</name>
         <load_address>0x3f2dfa</load_address>
         <run_address>0x3f2dfa</run_address>
         <size>0x4</size>
         <input_file_ref idref="fl-3d"/>
      </object_component>
      <object_component id="oc-1db">
         <name>.cinit</name>
         <load_address>0x3f2dfe</load_address>
         <run_address>0x3f2dfe</run_address>
         <size>0x4</size>
         <input_file_ref idref="fl-53"/>
      </object_component>
      <object_component id="oc-222">
         <name>.text</name>
         <load_address>0x3f0000</load_address>
         <run_address>0x3f0000</run_address>
         <size>0xce3</size>
         <input_file_ref idref="fl-1b"/>
      </object_component>
      <object_component id="oc-219">
         <name>.text</name>
         <load_address>0x3f0ce3</load_address>
         <run_address>0x3f0ce3</run_address>
         <size>0x837</size>
         <input_file_ref idref="fl-3"/>
      </object_component>
      <object_component id="oc-23f">
         <name>.text</name>
         <load_address>0x3f151a</load_address>
         <run_address>0x3f151a</run_address>
         <size>0x28e</size>
         <input_file_ref idref="fl-3d"/>
      </object_component>
      <object_component id="oc-240">
         <name>.text</name>
         <load_address>0x3f17a8</load_address>
         <run_address>0x3f17a8</run_address>
         <size>0x121</size>
         <input_file_ref idref="fl-47"/>
      </object_component>
      <object_component id="oc-213">
         <name>.text</name>
         <load_address>0x3f18c9</load_address>
         <run_address>0x3f18c9</run_address>
         <size>0x107</size>
         <input_file_ref idref="fl-5"/>
      </object_component>
      <object_component id="oc-10b">
         <name>.text</name>
         <load_address>0x3f19d0</load_address>
         <run_address>0x3f19d0</run_address>
         <size>0x107</size>
         <input_file_ref idref="fl-2a"/>
      </object_component>
      <object_component id="oc-228">
         <name>.text</name>
         <load_address>0x3f1ad7</load_address>
         <run_address>0x3f1ad7</run_address>
         <size>0xfd</size>
         <input_file_ref idref="fl-7"/>
      </object_component>
      <object_component id="oc-232">
         <name>.text</name>
         <load_address>0x3f1bd4</load_address>
         <run_address>0x3f1bd4</run_address>
         <size>0xae</size>
         <input_file_ref idref="fl-45"/>
      </object_component>
      <object_component id="oc-51">
         <name>.text:retain</name>
         <load_address>0x3f1c82</load_address>
         <run_address>0x3f1c82</run_address>
         <size>0xa8</size>
         <input_file_ref idref="fl-1"/>
      </object_component>
      <object_component id="oc-21e">
         <name>.text</name>
         <load_address>0x3f1d2a</load_address>
         <run_address>0x3f1d2a</run_address>
         <size>0xa8</size>
         <input_file_ref idref="fl-1d"/>
      </object_component>
      <object_component id="oc-1a8">
         <name>.text</name>
         <load_address>0x3f1dd2</load_address>
         <run_address>0x3f1dd2</run_address>
         <size>0x9c</size>
         <input_file_ref idref="fl-49"/>
      </object_component>
      <object_component id="oc-251">
         <name>.text</name>
         <load_address>0x3f1e6e</load_address>
         <run_address>0x3f1e6e</run_address>
         <size>0x95</size>
         <input_file_ref idref="fl-52"/>
      </object_component>
      <object_component id="oc-124">
         <name>.text</name>
         <load_address>0x3f1f03</load_address>
         <run_address>0x3f1f03</run_address>
         <size>0x8b</size>
         <input_file_ref idref="fl-2f"/>
      </object_component>
      <object_component id="oc-e8">
         <name>.text</name>
         <load_address>0x3f1f8e</load_address>
         <run_address>0x3f1f8e</run_address>
         <size>0x83</size>
         <input_file_ref idref="fl-23"/>
      </object_component>
      <object_component id="oc-239">
         <name>.text</name>
         <load_address>0x3f2011</load_address>
         <run_address>0x3f2011</run_address>
         <size>0x7d</size>
         <input_file_ref idref="fl-1f"/>
      </object_component>
      <object_component id="oc-215">
         <name>.text</name>
         <load_address>0x3f208e</load_address>
         <run_address>0x3f208e</run_address>
         <size>0x7a</size>
         <input_file_ref idref="fl-1"/>
      </object_component>
      <object_component id="oc-22b">
         <name>.text</name>
         <load_address>0x3f2108</load_address>
         <run_address>0x3f2108</run_address>
         <size>0x73</size>
         <input_file_ref idref="fl-46"/>
      </object_component>
      <object_component id="oc-243">
         <name>.text</name>
         <load_address>0x3f217b</load_address>
         <run_address>0x3f217b</run_address>
         <size>0x71</size>
         <input_file_ref idref="fl-53"/>
      </object_component>
      <object_component id="oc-22a">
         <name>.text</name>
         <load_address>0x3f21ec</load_address>
         <run_address>0x3f21ec</run_address>
         <size>0x67</size>
         <input_file_ref idref="fl-1e"/>
      </object_component>
      <object_component id="oc-244">
         <name>.text</name>
         <load_address>0x3f2253</load_address>
         <run_address>0x3f2253</run_address>
         <size>0x5d</size>
         <input_file_ref idref="fl-56"/>
      </object_component>
      <object_component id="oc-249">
         <name>.text</name>
         <load_address>0x3f22b0</load_address>
         <run_address>0x3f22b0</run_address>
         <size>0x5b</size>
         <input_file_ref idref="fl-4c"/>
      </object_component>
      <object_component id="oc-231">
         <name>.text</name>
         <load_address>0x3f230b</load_address>
         <run_address>0x3f230b</run_address>
         <size>0x5a</size>
         <input_file_ref idref="fl-44"/>
      </object_component>
      <object_component id="oc-4d">
         <name>.text</name>
         <load_address>0x3f2365</load_address>
         <run_address>0x3f2365</run_address>
         <size>0x56</size>
         <input_file_ref idref="fl-21"/>
      </object_component>
      <object_component id="oc-21d">
         <name>.text</name>
         <load_address>0x3f23bb</load_address>
         <run_address>0x3f23bb</run_address>
         <size>0x53</size>
         <input_file_ref idref="fl-1c"/>
      </object_component>
      <object_component id="oc-24c">
         <name>.text</name>
         <load_address>0x3f240e</load_address>
         <run_address>0x3f240e</run_address>
         <size>0x51</size>
         <input_file_ref idref="fl-57"/>
      </object_component>
      <object_component id="oc-24b">
         <name>.text</name>
         <load_address>0x3f245f</load_address>
         <run_address>0x3f245f</run_address>
         <size>0x3e</size>
         <input_file_ref idref="fl-4f"/>
      </object_component>
      <object_component id="oc-238">
         <name>.text</name>
         <load_address>0x3f249d</load_address>
         <run_address>0x3f249d</run_address>
         <size>0x3d</size>
         <input_file_ref idref="fl-48"/>
      </object_component>
      <object_component id="oc-245">
         <name>.text</name>
         <load_address>0x3f24da</load_address>
         <run_address>0x3f24da</run_address>
         <size>0x3c</size>
         <input_file_ref idref="fl-4d"/>
      </object_component>
      <object_component id="oc-248">
         <name>.text</name>
         <load_address>0x3f2516</load_address>
         <run_address>0x3f2516</run_address>
         <size>0x39</size>
         <input_file_ref idref="fl-51"/>
      </object_component>
      <object_component id="oc-247">
         <name>.text</name>
         <load_address>0x3f254f</load_address>
         <run_address>0x3f254f</run_address>
         <size>0x38</size>
         <input_file_ref idref="fl-4e"/>
      </object_component>
      <object_component id="oc-218">
         <name>.text</name>
         <load_address>0x3f2587</load_address>
         <run_address>0x3f2587</run_address>
         <size>0x34</size>
         <input_file_ref idref="fl-1a"/>
      </object_component>
      <object_component id="oc-24d">
         <name>.text</name>
         <load_address>0x3f25bb</load_address>
         <run_address>0x3f25bb</run_address>
         <size>0x33</size>
         <input_file_ref idref="fl-5b"/>
      </object_component>
      <object_component id="oc-22f">
         <name>.text</name>
         <load_address>0x3f25ee</load_address>
         <run_address>0x3f25ee</run_address>
         <size>0x31</size>
         <input_file_ref idref="fl-37"/>
      </object_component>
      <object_component id="oc-230">
         <name>.text</name>
         <load_address>0x3f261f</load_address>
         <run_address>0x3f261f</run_address>
         <size>0x30</size>
         <input_file_ref idref="fl-3a"/>
      </object_component>
      <object_component id="oc-e3">
         <name>.text</name>
         <load_address>0x3f264f</load_address>
         <run_address>0x3f264f</run_address>
         <size>0x2a</size>
         <input_file_ref idref="fl-22"/>
      </object_component>
      <object_component id="oc-11a">
         <name>.text</name>
         <load_address>0x3f2679</load_address>
         <run_address>0x3f2679</run_address>
         <size>0x2a</size>
         <input_file_ref idref="fl-2d"/>
      </object_component>
      <object_component id="oc-212">
         <name>.text</name>
         <load_address>0x3f26a3</load_address>
         <run_address>0x3f26a3</run_address>
         <size>0x29</size>
         <input_file_ref idref="fl-34"/>
      </object_component>
      <object_component id="oc-246">
         <name>.text</name>
         <load_address>0x3f26cc</load_address>
         <run_address>0x3f26cc</run_address>
         <size>0x29</size>
         <input_file_ref idref="fl-4b"/>
      </object_component>
      <object_component id="oc-21a">
         <name>.text</name>
         <load_address>0x3f26f5</load_address>
         <run_address>0x3f26f5</run_address>
         <size>0x26</size>
         <input_file_ref idref="fl-4"/>
      </object_component>
      <object_component id="oc-23d">
         <name>.text</name>
         <load_address>0x3f271b</load_address>
         <run_address>0x3f271b</run_address>
         <size>0x25</size>
         <input_file_ref idref="fl-55"/>
      </object_component>
      <object_component id="oc-20f">
         <name>.text</name>
         <load_address>0x3f2740</load_address>
         <run_address>0x3f2740</run_address>
         <size>0x24</size>
         <input_file_ref idref="fl-30"/>
      </object_component>
      <object_component id="oc-24a">
         <name>.text</name>
         <load_address>0x3f2764</load_address>
         <run_address>0x3f2764</run_address>
         <size>0x24</size>
         <input_file_ref idref="fl-50"/>
      </object_component>
      <object_component id="oc-f7">
         <name>.text</name>
         <load_address>0x3f2788</load_address>
         <run_address>0x3f2788</run_address>
         <size>0x21</size>
         <input_file_ref idref="fl-26"/>
      </object_component>
      <object_component id="oc-fc">
         <name>.text</name>
         <load_address>0x3f27a9</load_address>
         <run_address>0x3f27a9</run_address>
         <size>0x1f</size>
         <input_file_ref idref="fl-27"/>
      </object_component>
      <object_component id="oc-106">
         <name>.text</name>
         <load_address>0x3f27c8</load_address>
         <run_address>0x3f27c8</run_address>
         <size>0x1e</size>
         <input_file_ref idref="fl-29"/>
      </object_component>
      <object_component id="oc-110">
         <name>.text</name>
         <load_address>0x3f27e6</load_address>
         <run_address>0x3f27e6</run_address>
         <size>0x1d</size>
         <input_file_ref idref="fl-2b"/>
      </object_component>
      <object_component id="oc-214">
         <name>.text</name>
         <load_address>0x3f2803</load_address>
         <run_address>0x3f2803</run_address>
         <size>0x1d</size>
         <input_file_ref idref="fl-31"/>
      </object_component>
      <object_component id="oc-11f">
         <name>.text</name>
         <load_address>0x3f2820</load_address>
         <run_address>0x3f2820</run_address>
         <size>0x1c</size>
         <input_file_ref idref="fl-2e"/>
      </object_component>
      <object_component id="oc-115">
         <name>.text</name>
         <load_address>0x3f283c</load_address>
         <run_address>0x3f283c</run_address>
         <size>0x1c</size>
         <input_file_ref idref="fl-2c"/>
      </object_component>
      <object_component id="oc-211">
         <name>.text</name>
         <load_address>0x3f2858</load_address>
         <run_address>0x3f2858</run_address>
         <size>0x19</size>
         <input_file_ref idref="fl-36"/>
      </object_component>
      <object_component id="oc-254">
         <name>.text</name>
         <load_address>0x3f2871</load_address>
         <run_address>0x3f2871</run_address>
         <size>0x19</size>
         <input_file_ref idref="fl-5c"/>
      </object_component>
      <object_component id="oc-22c">
         <name>.text</name>
         <load_address>0x3f288a</load_address>
         <run_address>0x3f288a</run_address>
         <size>0x19</size>
         <input_file_ref idref="fl-42"/>
      </object_component>
      <object_component id="oc-101">
         <name>.text</name>
         <load_address>0x3f28a3</load_address>
         <run_address>0x3f28a3</run_address>
         <size>0x18</size>
         <input_file_ref idref="fl-28"/>
      </object_component>
      <object_component id="oc-23e">
         <name>.text</name>
         <load_address>0x3f28bb</load_address>
         <run_address>0x3f28bb</run_address>
         <size>0x18</size>
         <input_file_ref idref="fl-54"/>
      </object_component>
      <object_component id="oc-253">
         <name>.text</name>
         <load_address>0x3f28d3</load_address>
         <run_address>0x3f28d3</run_address>
         <size>0x15</size>
         <input_file_ref idref="fl-59"/>
      </object_component>
      <object_component id="oc-f2">
         <name>.text</name>
         <load_address>0x3f28e8</load_address>
         <run_address>0x3f28e8</run_address>
         <size>0xe</size>
         <input_file_ref idref="fl-25"/>
      </object_component>
      <object_component id="oc-236">
         <name>.text</name>
         <load_address>0x3f28f6</load_address>
         <run_address>0x3f28f6</run_address>
         <size>0xd</size>
         <input_file_ref idref="fl-3b"/>
      </object_component>
      <object_component id="oc-22e">
         <name>.text</name>
         <load_address>0x3f2903</load_address>
         <run_address>0x3f2903</run_address>
         <size>0xd</size>
         <input_file_ref idref="fl-3c"/>
      </object_component>
      <object_component id="oc-233">
         <name>.text</name>
         <load_address>0x3f2910</load_address>
         <run_address>0x3f2910</run_address>
         <size>0xc</size>
         <input_file_ref idref="fl-3f"/>
      </object_component>
      <object_component id="oc-72">
         <name>.text:retain</name>
         <load_address>0x3f291c</load_address>
         <run_address>0x3f291c</run_address>
         <size>0xa</size>
         <input_file_ref idref="fl-7"/>
      </object_component>
      <object_component id="oc-252">
         <name>.text</name>
         <load_address>0x3f2926</load_address>
         <run_address>0x3f2926</run_address>
         <size>0xa</size>
         <input_file_ref idref="fl-58"/>
      </object_component>
      <object_component id="oc-21b">
         <name>.text</name>
         <load_address>0x3f2930</load_address>
         <run_address>0x3f2930</run_address>
         <size>0x9</size>
         <input_file_ref idref="fl-35"/>
      </object_component>
      <object_component id="oc-ed">
         <name>.text</name>
         <load_address>0x3f2939</load_address>
         <run_address>0x3f2939</run_address>
         <size>0x9</size>
         <input_file_ref idref="fl-24"/>
      </object_component>
      <object_component id="oc-237">
         <name>.text</name>
         <load_address>0x3f2942</load_address>
         <run_address>0x3f2942</run_address>
         <size>0x9</size>
         <input_file_ref idref="fl-20"/>
      </object_component>
      <object_component id="oc-6b">
         <name>.text</name>
         <load_address>0x3f294b</load_address>
         <run_address>0x3f294b</run_address>
         <size>0x8</size>
         <input_file_ref idref="fl-6"/>
      </object_component>
      <object_component id="oc-22d">
         <name>.text</name>
         <load_address>0x3f2953</load_address>
         <run_address>0x3f2953</run_address>
         <size>0x8</size>
         <input_file_ref idref="fl-41"/>
      </object_component>
      <object_component id="oc-234">
         <name>.text</name>
         <load_address>0x3f295b</load_address>
         <run_address>0x3f295b</run_address>
         <size>0x7</size>
         <input_file_ref idref="fl-3e"/>
      </object_component>
      <object_component id="oc-235">
         <name>.text</name>
         <load_address>0x3f2962</load_address>
         <run_address>0x3f2962</run_address>
         <size>0x5</size>
         <input_file_ref idref="fl-40"/>
      </object_component>
      <object_component id="oc-24f">
         <name>.text</name>
         <load_address>0x3f2967</load_address>
         <run_address>0x3f2967</run_address>
         <size>0x3</size>
         <input_file_ref idref="fl-5a"/>
      </object_component>
      <object_component id="oc-20e">
         <name>.text</name>
         <load_address>0x3f296a</load_address>
         <run_address>0x3f296a</run_address>
         <size>0x2</size>
         <input_file_ref idref="fl-32"/>
      </object_component>
      <object_component id="oc-210">
         <name>.text</name>
         <load_address>0x3f296c</load_address>
         <run_address>0x3f296c</run_address>
         <size>0x1</size>
         <input_file_ref idref="fl-33"/>
      </object_component>
      <object_component id="oc-6c">
         <name>codestart</name>
         <load_address>0x3f7ff6</load_address>
         <run_address>0x3f7ff6</run_address>
         <size>0x2</size>
         <input_file_ref idref="fl-6"/>
      </object_component>
      <object_component id="oc-229">
         <name>ramfuncs</name>
         <load_address>0x3f296d</load_address>
         <run_address>0x8800</run_address>
         <size>0x1b</size>
         <input_file_ref idref="fl-7"/>
      </object_component>
      <object_component id="oc-b2">
         <name>ramfuncs</name>
         <load_address>0x3f2988</load_address>
         <run_address>0x881b</run_address>
         <size>0x4</size>
         <input_file_ref idref="fl-9"/>
      </object_component>
      <object_component id="oc-dd">
         <name>.stack</name>
         <uninitialized>true</uninitialized>
         <run_address>0x50</run_address>
         <size>0x0</size>
         <input_file_ref idref="fl-21"/>
      </object_component>
      <object_component id="oc-2ab">
         <name>.stack</name>
         <uninitialized>true</uninitialized>
         <run_address>0x50</run_address>
         <size>0x0</size>
      </object_component>
      <object_component id="oc-50">
         <name>.ebss</name>
         <uninitialized>true</uninitialized>
         <run_address>0xc0a8</run_address>
         <size>0x8</size>
         <input_file_ref idref="fl-1"/>
      </object_component>
      <object_component id="oc-13f">
         <name>.ebss</name>
         <uninitialized>true</uninitialized>
         <run_address>0xc0b0</run_address>
         <size>0x6</size>
         <input_file_ref idref="fl-34"/>
      </object_component>
      <object_component id="oc-216">
         <name>.ebss:__lock</name>
         <uninitialized>true</uninitialized>
         <run_address>0xc0ba</run_address>
         <size>0x2</size>
         <input_file_ref idref="fl-35"/>
      </object_component>
      <object_component id="oc-221">
         <name>.ebss:__unlock</name>
         <uninitialized>true</uninitialized>
         <run_address>0xc0bc</run_address>
         <size>0x2</size>
         <input_file_ref idref="fl-35"/>
      </object_component>
      <object_component id="oc-157">
         <name>.ebss</name>
         <uninitialized>true</uninitialized>
         <run_address>0xc0be</run_address>
         <size>0x1</size>
         <input_file_ref idref="fl-39"/>
      </object_component>
      <object_component id="oc-21f">
         <name>.ebss:__ftable</name>
         <uninitialized>true</uninitialized>
         <run_address>0xc0c0</run_address>
         <size>0x78</size>
         <input_file_ref idref="fl-39"/>
      </object_component>
      <object_component id="oc-24e">
         <name>.ebss:___TI_tmpnams</name>
         <uninitialized>true</uninitialized>
         <run_address>0xc000</run_address>
         <size>0xa0</size>
         <input_file_ref idref="fl-39"/>
      </object_component>
      <object_component id="oc-16a">
         <name>.ebss</name>
         <uninitialized>true</uninitialized>
         <run_address>0xc0b6</run_address>
         <size>0x4</size>
         <input_file_ref idref="fl-3d"/>
      </object_component>
      <object_component id="oc-23a">
         <name>.ebss:__stream</name>
         <uninitialized>true</uninitialized>
         <run_address>0xc188</run_address>
         <size>0x28</size>
         <input_file_ref idref="fl-43"/>
      </object_component>
      <object_component id="oc-241">
         <name>.ebss:__device</name>
         <uninitialized>true</uninitialized>
         <run_address>0xc140</run_address>
         <size>0x48</size>
         <input_file_ref idref="fl-43"/>
      </object_component>
      <object_component id="oc-19e">
         <name>.ebss</name>
         <uninitialized>true</uninitialized>
         <run_address>0xc138</run_address>
         <size>0x1</size>
         <input_file_ref idref="fl-47"/>
      </object_component>
      <object_component id="oc-1af">
         <name>.ebss</name>
         <uninitialized>true</uninitialized>
         <run_address>0xc0bf</run_address>
         <size>0x1</size>
         <input_file_ref idref="fl-4a"/>
      </object_component>
      <object_component id="oc-250">
         <name>.ebss:_parmbuf</name>
         <uninitialized>true</uninitialized>
         <run_address>0xc0a0</run_address>
         <size>0x8</size>
         <input_file_ref idref="fl-4d"/>
      </object_component>
      <object_component id="oc-1dc">
         <name>.ebss</name>
         <uninitialized>true</uninitialized>
         <run_address>0xc139</run_address>
         <size>0x1</size>
         <input_file_ref idref="fl-53"/>
      </object_component>
      <object_component id="oc-16b">
         <name>.esysmem</name>
         <uninitialized>true</uninitialized>
         <run_address>0x8000</run_address>
         <size>0x4</size>
         <input_file_ref idref="fl-3d"/>
      </object_component>
      <object_component id="oc-2ac">
         <name>.esysmem</name>
         <uninitialized>true</uninitialized>
         <run_address>0x8000</run_address>
         <size>0x0</size>
      </object_component>
      <object_component id="oc-23c">
         <name>.econst:.string:__ctypes_</name>
         <load_address>0x3f298c</load_address>
         <run_address>0x3f298c</run_address>
         <size>0x101</size>
         <input_file_ref idref="fl-38"/>
      </object_component>
      <object_component id="oc-66">
         <name>.econst:.string</name>
         <load_address>0x3f2a8e</load_address>
         <run_address>0x3f2a8e</run_address>
         <size>0xe0</size>
         <input_file_ref idref="fl-5"/>
      </object_component>
      <object_component id="oc-be">
         <name>.econst:.string</name>
         <load_address>0x3f2b6e</load_address>
         <run_address>0x3f2b6e</run_address>
         <size>0x26</size>
         <input_file_ref idref="fl-1b"/>
      </object_component>
      <object_component id="oc-bd">
         <name>.econst</name>
         <load_address>0x3f2b94</load_address>
         <run_address>0x3f2b94</run_address>
         <size>0x1c</size>
         <input_file_ref idref="fl-1b"/>
      </object_component>
      <object_component id="oc-192">
         <name>.econst</name>
         <load_address>0x3f2bb0</load_address>
         <run_address>0x3f2bb0</run_address>
         <size>0x1c</size>
         <input_file_ref idref="fl-45"/>
      </object_component>
      <object_component id="oc-18c">
         <name>.econst</name>
         <load_address>0x3f2bcc</load_address>
         <run_address>0x3f2bcc</run_address>
         <size>0x8</size>
         <input_file_ref idref="fl-44"/>
      </object_component>
      <object_component id="oc-c9">
         <name>.econst:.string</name>
         <load_address>0x3f2bd4</load_address>
         <run_address>0x3f2bd4</run_address>
         <size>0x2</size>
         <input_file_ref idref="fl-1d"/>
      </object_component>
      <object_component id="oc-225">
         <name>.switch:_digitalRead</name>
         <load_address>0x3f2bd6</load_address>
         <run_address>0x3f2bd6</run_address>
         <size>0x52</size>
         <input_file_ref idref="fl-3"/>
      </object_component>
      <object_component id="oc-224">
         <name>.switch:_digitalWrite</name>
         <load_address>0x3f2c28</load_address>
         <run_address>0x3f2c28</run_address>
         <size>0x52</size>
         <input_file_ref idref="fl-3"/>
      </object_component>
      <object_component id="oc-226">
         <name>.switch:_pinMode</name>
         <load_address>0x3f2c7a</load_address>
         <run_address>0x3f2c7a</run_address>
         <size>0x52</size>
         <input_file_ref idref="fl-3"/>
      </object_component>
      <object_component id="oc-227">
         <name>.switch:_setMux</name>
         <load_address>0x3f2ccc</load_address>
         <run_address>0x3f2ccc</run_address>
         <size>0x52</size>
         <input_file_ref idref="fl-3"/>
      </object_component>
      <object_component id="oc-223">
         <name>.switch:_togglePin</name>
         <load_address>0x3f2d1e</load_address>
         <run_address>0x3f2d1e</run_address>
         <size>0x52</size>
         <input_file_ref idref="fl-3"/>
      </object_component>
      <object_component id="oc-de">
         <name>.reset</name>
         <load_address>0x3fffc0</load_address>
         <run_address>0x3fffc0</run_address>
         <size>0x2</size>
         <input_file_ref idref="fl-21"/>
      </object_component>
      <object_component id="oc-af">
         <name>PieVectTableFile</name>
         <uninitialized>true</uninitialized>
         <run_address>0xd00</run_address>
         <size>0x100</size>
         <input_file_ref idref="fl-8"/>
      </object_component>
      <object_component id="oc-79">
         <name>EmuKeyVar</name>
         <uninitialized>true</uninitialized>
         <run_address>0xd00</run_address>
         <size>0x1</size>
         <input_file_ref idref="fl-8"/>
      </object_component>
      <object_component id="oc-7a">
         <name>EmuBModeVar</name>
         <uninitialized>true</uninitialized>
         <run_address>0xd01</run_address>
         <size>0x1</size>
         <input_file_ref idref="fl-8"/>
      </object_component>
      <object_component id="oc-7c">
         <name>FlashCallbackVar</name>
         <uninitialized>true</uninitialized>
         <run_address>0xd02</run_address>
         <size>0x2</size>
         <input_file_ref idref="fl-8"/>
      </object_component>
      <object_component id="oc-7b">
         <name>FlashScalingVar</name>
         <uninitialized>true</uninitialized>
         <run_address>0xd04</run_address>
         <size>0x2</size>
         <input_file_ref idref="fl-8"/>
      </object_component>
      <object_component id="oc-7e">
         <name>DevEmuRegsFile</name>
         <uninitialized>true</uninitialized>
         <run_address>0x880</run_address>
         <size>0x4</size>
         <input_file_ref idref="fl-8"/>
      </object_component>
      <object_component id="oc-7d">
         <name>SysPwrCtrlRegsFile</name>
         <uninitialized>true</uninitialized>
         <run_address>0x985</run_address>
         <size>0x3</size>
         <input_file_ref idref="fl-8"/>
      </object_component>
      <object_component id="oc-83">
         <name>FlashRegsFile</name>
         <uninitialized>true</uninitialized>
         <run_address>0xa80</run_address>
         <size>0x8</size>
         <input_file_ref idref="fl-8"/>
      </object_component>
      <object_component id="oc-85">
         <name>CsmRegsFile</name>
         <uninitialized>true</uninitialized>
         <run_address>0xae0</run_address>
         <size>0x10</size>
         <input_file_ref idref="fl-8"/>
      </object_component>
      <object_component id="oc-84">
         <name>AdcResultFile</name>
         <uninitialized>true</uninitialized>
         <run_address>0xb00</run_address>
         <size>0x10</size>
         <input_file_ref idref="fl-8"/>
      </object_component>
      <object_component id="oc-7f">
         <name>CpuTimer0RegsFile</name>
         <uninitialized>true</uninitialized>
         <run_address>0xc00</run_address>
         <size>0x8</size>
         <input_file_ref idref="fl-8"/>
      </object_component>
      <object_component id="oc-80">
         <name>CpuTimer1RegsFile</name>
         <uninitialized>true</uninitialized>
         <run_address>0xc08</run_address>
         <size>0x8</size>
         <input_file_ref idref="fl-8"/>
      </object_component>
      <object_component id="oc-81">
         <name>CpuTimer2RegsFile</name>
         <uninitialized>true</uninitialized>
         <run_address>0xc10</run_address>
         <size>0x8</size>
         <input_file_ref idref="fl-8"/>
      </object_component>
      <object_component id="oc-8f">
         <name>PieCtrlRegsFile</name>
         <uninitialized>true</uninitialized>
         <run_address>0xce0</run_address>
         <size>0x1a</size>
         <input_file_ref idref="fl-8"/>
      </object_component>
      <object_component id="oc-9f">
         <name>Cla1RegsFile</name>
         <uninitialized>true</uninitialized>
         <run_address>0x1400</run_address>
         <size>0x40</size>
         <input_file_ref idref="fl-8"/>
      </object_component>
      <object_component id="oc-ad">
         <name>DmaRegsFile</name>
         <uninitialized>true</uninitialized>
         <run_address>0x1000</run_address>
         <size>0xe0</size>
         <input_file_ref idref="fl-8"/>
      </object_component>
      <object_component id="oc-9e">
         <name>ECanaRegsFile</name>
         <uninitialized>true</uninitialized>
         <run_address>0x6000</run_address>
         <size>0x34</size>
         <input_file_ref idref="fl-8"/>
      </object_component>
      <object_component id="oc-a0">
         <name>ECanaLAMRegsFile</name>
         <uninitialized>true</uninitialized>
         <run_address>0x6040</run_address>
         <size>0x40</size>
         <input_file_ref idref="fl-8"/>
      </object_component>
      <object_component id="oc-ae">
         <name>ECanaMboxesFile</name>
         <uninitialized>true</uninitialized>
         <run_address>0x6100</run_address>
         <size>0x100</size>
         <input_file_ref idref="fl-8"/>
      </object_component>
      <object_component id="oc-a1">
         <name>ECanaMOTSRegsFile</name>
         <uninitialized>true</uninitialized>
         <run_address>0x6080</run_address>
         <size>0x40</size>
         <input_file_ref idref="fl-8"/>
      </object_component>
      <object_component id="oc-a2">
         <name>ECanaMOTORegsFile</name>
         <uninitialized>true</uninitialized>
         <run_address>0x60c0</run_address>
         <size>0x40</size>
         <input_file_ref idref="fl-8"/>
      </object_component>
      <object_component id="oc-90">
         <name>ECap1RegsFile</name>
         <uninitialized>true</uninitialized>
         <run_address>0x6a00</run_address>
         <size>0x20</size>
         <input_file_ref idref="fl-8"/>
      </object_component>
      <object_component id="oc-91">
         <name>ECap2RegsFile</name>
         <uninitialized>true</uninitialized>
         <run_address>0x6a20</run_address>
         <size>0x20</size>
         <input_file_ref idref="fl-8"/>
      </object_component>
      <object_component id="oc-92">
         <name>ECap3RegsFile</name>
         <uninitialized>true</uninitialized>
         <run_address>0x6a40</run_address>
         <size>0x20</size>
         <input_file_ref idref="fl-8"/>
      </object_component>
      <object_component id="oc-99">
         <name>EQep1RegsFile</name>
         <uninitialized>true</uninitialized>
         <run_address>0x6b00</run_address>
         <size>0x22</size>
         <input_file_ref idref="fl-8"/>
      </object_component>
      <object_component id="oc-9a">
         <name>EQep2RegsFile</name>
         <uninitialized>true</uninitialized>
         <run_address>0x6b40</run_address>
         <size>0x22</size>
         <input_file_ref idref="fl-8"/>
      </object_component>
      <object_component id="oc-ab">
         <name>GpioCtrlRegsFile</name>
         <uninitialized>true</uninitialized>
         <run_address>0x6f80</run_address>
         <size>0x40</size>
         <input_file_ref idref="fl-8"/>
      </object_component>
      <object_component id="oc-93">
         <name>GpioDataRegsFile</name>
         <uninitialized>true</uninitialized>
         <run_address>0x6fc0</run_address>
         <size>0x20</size>
         <input_file_ref idref="fl-8"/>
      </object_component>
      <object_component id="oc-94">
         <name>GpioIntRegsFile</name>
         <uninitialized>true</uninitialized>
         <run_address>0x6fe0</run_address>
         <size>0x20</size>
         <input_file_ref idref="fl-8"/>
      </object_component>
      <object_component id="oc-95">
         <name>HRCap1RegsFile</name>
         <uninitialized>true</uninitialized>
         <run_address>0x6ac0</run_address>
         <size>0x20</size>
         <input_file_ref idref="fl-8"/>
      </object_component>
      <object_component id="oc-96">
         <name>HRCap2RegsFile</name>
         <uninitialized>true</uninitialized>
         <run_address>0x6ae0</run_address>
         <size>0x20</size>
         <input_file_ref idref="fl-8"/>
      </object_component>
      <object_component id="oc-97">
         <name>HRCap3RegsFile</name>
         <uninitialized>true</uninitialized>
         <run_address>0x6c80</run_address>
         <size>0x20</size>
         <input_file_ref idref="fl-8"/>
      </object_component>
      <object_component id="oc-98">
         <name>HRCap4RegsFile</name>
         <uninitialized>true</uninitialized>
         <run_address>0x6ca0</run_address>
         <size>0x20</size>
         <input_file_ref idref="fl-8"/>
      </object_component>
      <object_component id="oc-9d">
         <name>SysCtrlRegsFile</name>
         <uninitialized>true</uninitialized>
         <run_address>0x7010</run_address>
         <size>0x30</size>
         <input_file_ref idref="fl-8"/>
      </object_component>
      <object_component id="oc-89">
         <name>SpiaRegsFile</name>
         <uninitialized>true</uninitialized>
         <run_address>0x7040</run_address>
         <size>0x10</size>
         <input_file_ref idref="fl-8"/>
      </object_component>
      <object_component id="oc-8a">
         <name>SpibRegsFile</name>
         <uninitialized>true</uninitialized>
         <run_address>0x7740</run_address>
         <size>0x10</size>
         <input_file_ref idref="fl-8"/>
      </object_component>
      <object_component id="oc-87">
         <name>SciaRegsFile</name>
         <uninitialized>true</uninitialized>
         <run_address>0x7050</run_address>
         <size>0x10</size>
         <input_file_ref idref="fl-8"/>
      </object_component>
      <object_component id="oc-88">
         <name>ScibRegsFile</name>
         <uninitialized>true</uninitialized>
         <run_address>0x7750</run_address>
         <size>0x10</size>
         <input_file_ref idref="fl-8"/>
      </object_component>
      <object_component id="oc-86">
         <name>NmiIntruptRegsFile</name>
         <uninitialized>true</uninitialized>
         <run_address>0x7060</run_address>
         <size>0x10</size>
         <input_file_ref idref="fl-8"/>
      </object_component>
      <object_component id="oc-8b">
         <name>XIntruptRegsFile</name>
         <uninitialized>true</uninitialized>
         <run_address>0x7070</run_address>
         <size>0x10</size>
         <input_file_ref idref="fl-8"/>
      </object_component>
      <object_component id="oc-ac">
         <name>AdcRegsFile</name>
         <uninitialized>true</uninitialized>
         <run_address>0x7100</run_address>
         <size>0x50</size>
         <input_file_ref idref="fl-8"/>
      </object_component>
      <object_component id="oc-9b">
         <name>I2caRegsFile</name>
         <uninitialized>true</uninitialized>
         <run_address>0x7900</run_address>
         <size>0x22</size>
         <input_file_ref idref="fl-8"/>
      </object_component>
      <object_component id="oc-8c">
         <name>Comp1RegsFile</name>
         <uninitialized>true</uninitialized>
         <run_address>0x6400</run_address>
         <size>0x14</size>
         <input_file_ref idref="fl-8"/>
      </object_component>
      <object_component id="oc-8d">
         <name>Comp2RegsFile</name>
         <uninitialized>true</uninitialized>
         <run_address>0x6420</run_address>
         <size>0x14</size>
         <input_file_ref idref="fl-8"/>
      </object_component>
      <object_component id="oc-8e">
         <name>Comp3RegsFile</name>
         <uninitialized>true</uninitialized>
         <run_address>0x6440</run_address>
         <size>0x14</size>
         <input_file_ref idref="fl-8"/>
      </object_component>
      <object_component id="oc-a3">
         <name>EPwm1RegsFile</name>
         <uninitialized>true</uninitialized>
         <run_address>0x6800</run_address>
         <size>0x40</size>
         <input_file_ref idref="fl-8"/>
      </object_component>
      <object_component id="oc-a4">
         <name>EPwm2RegsFile</name>
         <uninitialized>true</uninitialized>
         <run_address>0x6840</run_address>
         <size>0x40</size>
         <input_file_ref idref="fl-8"/>
      </object_component>
      <object_component id="oc-a5">
         <name>EPwm3RegsFile</name>
         <uninitialized>true</uninitialized>
         <run_address>0x6880</run_address>
         <size>0x40</size>
         <input_file_ref idref="fl-8"/>
      </object_component>
      <object_component id="oc-a6">
         <name>EPwm4RegsFile</name>
         <uninitialized>true</uninitialized>
         <run_address>0x68c0</run_address>
         <size>0x40</size>
         <input_file_ref idref="fl-8"/>
      </object_component>
      <object_component id="oc-a7">
         <name>EPwm5RegsFile</name>
         <uninitialized>true</uninitialized>
         <run_address>0x6900</run_address>
         <size>0x40</size>
         <input_file_ref idref="fl-8"/>
      </object_component>
      <object_component id="oc-a8">
         <name>EPwm6RegsFile</name>
         <uninitialized>true</uninitialized>
         <run_address>0x6940</run_address>
         <size>0x40</size>
         <input_file_ref idref="fl-8"/>
      </object_component>
      <object_component id="oc-a9">
         <name>EPwm7RegsFile</name>
         <uninitialized>true</uninitialized>
         <run_address>0x6980</run_address>
         <size>0x40</size>
         <input_file_ref idref="fl-8"/>
      </object_component>
      <object_component id="oc-aa">
         <name>EPwm8RegsFile</name>
         <uninitialized>true</uninitialized>
         <run_address>0x69c0</run_address>
         <size>0x40</size>
         <input_file_ref idref="fl-8"/>
      </object_component>
      <object_component id="oc-9c">
         <name>McbspaRegsFile</name>
         <uninitialized>true</uninitialized>
         <run_address>0x5000</run_address>
         <size>0x24</size>
         <input_file_ref idref="fl-8"/>
      </object_component>
      <object_component id="oc-b0">
         <name>Usb0RegsFile</name>
         <uninitialized>true</uninitialized>
         <run_address>0x4000</run_address>
         <size>0x454</size>
         <input_file_ref idref="fl-8"/>
      </object_component>
      <object_component id="oc-82">
         <name>CsmPwlFile</name>
         <uninitialized>true</uninitialized>
         <run_address>0x3f7ff8</run_address>
         <size>0x8</size>
         <input_file_ref idref="fl-8"/>
      </object_component>
      <object_component id="oc-78">
         <name>PartIdRegsFile</name>
         <uninitialized>true</uninitialized>
         <run_address>0x3d7e80</run_address>
         <size>0x1</size>
         <input_file_ref idref="fl-8"/>
      </object_component>
      <object_component id="oc-4e">
         <name>.debug_info</name>
         <load_address>0x0</load_address>
         <run_address>0x0</run_address>
         <size>0x7f6</size>
         <input_file_ref idref="fl-1"/>
      </object_component>
      <object_component id="oc-56">
         <name>.debug_info</name>
         <load_address>0x7f6</load_address>
         <run_address>0x7f6</run_address>
         <size>0x38bd</size>
         <input_file_ref idref="fl-2"/>
      </object_component>
      <object_component id="oc-5b">
         <name>.debug_info</name>
         <load_address>0x40b3</load_address>
         <run_address>0x40b3</run_address>
         <size>0x1ce3</size>
         <input_file_ref idref="fl-3"/>
      </object_component>
      <object_component id="oc-60">
         <name>.debug_info</name>
         <load_address>0x5d96</load_address>
         <run_address>0x5d96</run_address>
         <size>0x5f5</size>
         <input_file_ref idref="fl-4"/>
      </object_component>
      <object_component id="oc-65">
         <name>.debug_info</name>
         <load_address>0x638b</load_address>
         <run_address>0x638b</run_address>
         <size>0x34a6</size>
         <input_file_ref idref="fl-5"/>
      </object_component>
      <object_component id="oc-6e">
         <name>.debug_info</name>
         <load_address>0x9831</load_address>
         <run_address>0x9831</run_address>
         <size>0x12b</size>
         <input_file_ref idref="fl-6"/>
      </object_component>
      <object_component id="oc-71">
         <name>.debug_info</name>
         <load_address>0x995c</load_address>
         <run_address>0x995c</run_address>
         <size>0x39ae</size>
         <input_file_ref idref="fl-7"/>
      </object_component>
      <object_component id="oc-77">
         <name>.debug_info</name>
         <load_address>0xd30a</load_address>
         <run_address>0xd30a</run_address>
         <size>0x1afc6</size>
         <input_file_ref idref="fl-8"/>
      </object_component>
      <object_component id="oc-b4">
         <name>.debug_info</name>
         <load_address>0x282d0</load_address>
         <run_address>0x282d0</run_address>
         <size>0xf0</size>
         <input_file_ref idref="fl-9"/>
      </object_component>
      <object_component id="oc-b7">
         <name>.debug_info</name>
         <load_address>0x283c0</load_address>
         <run_address>0x283c0</run_address>
         <size>0x715</size>
         <input_file_ref idref="fl-1a"/>
      </object_component>
      <object_component id="oc-bc">
         <name>.debug_info</name>
         <load_address>0x28ad5</load_address>
         <run_address>0x28ad5</run_address>
         <size>0x26c0</size>
         <input_file_ref idref="fl-1b"/>
      </object_component>
      <object_component id="oc-c3">
         <name>.debug_info</name>
         <load_address>0x2b195</load_address>
         <run_address>0x2b195</run_address>
         <size>0x642</size>
         <input_file_ref idref="fl-1c"/>
      </object_component>
      <object_component id="oc-c8">
         <name>.debug_info</name>
         <load_address>0x2b7d7</load_address>
         <run_address>0x2b7d7</run_address>
         <size>0x7f7</size>
         <input_file_ref idref="fl-1d"/>
      </object_component>
      <object_component id="oc-ce">
         <name>.debug_info</name>
         <load_address>0x2bfce</load_address>
         <run_address>0x2bfce</run_address>
         <size>0x5c1</size>
         <input_file_ref idref="fl-1e"/>
      </object_component>
      <object_component id="oc-d3">
         <name>.debug_info</name>
         <load_address>0x2c58f</load_address>
         <run_address>0x2c58f</run_address>
         <size>0x60a</size>
         <input_file_ref idref="fl-1f"/>
      </object_component>
      <object_component id="oc-d8">
         <name>.debug_info</name>
         <load_address>0x2cb99</load_address>
         <run_address>0x2cb99</run_address>
         <size>0x40d</size>
         <input_file_ref idref="fl-20"/>
      </object_component>
      <object_component id="oc-df">
         <name>.debug_info</name>
         <load_address>0x2cfa6</load_address>
         <run_address>0x2cfa6</run_address>
         <size>0x174</size>
         <input_file_ref idref="fl-21"/>
      </object_component>
      <object_component id="oc-e4">
         <name>.debug_info</name>
         <load_address>0x2d11a</load_address>
         <run_address>0x2d11a</run_address>
         <size>0x121</size>
         <input_file_ref idref="fl-22"/>
      </object_component>
      <object_component id="oc-e9">
         <name>.debug_info</name>
         <load_address>0x2d23b</load_address>
         <run_address>0x2d23b</run_address>
         <size>0x115</size>
         <input_file_ref idref="fl-23"/>
      </object_component>
      <object_component id="oc-ee">
         <name>.debug_info</name>
         <load_address>0x2d350</load_address>
         <run_address>0x2d350</run_address>
         <size>0x115</size>
         <input_file_ref idref="fl-24"/>
      </object_component>
      <object_component id="oc-f3">
         <name>.debug_info</name>
         <load_address>0x2d465</load_address>
         <run_address>0x2d465</run_address>
         <size>0x123</size>
         <input_file_ref idref="fl-25"/>
      </object_component>
      <object_component id="oc-f8">
         <name>.debug_info</name>
         <load_address>0x2d588</load_address>
         <run_address>0x2d588</run_address>
         <size>0x115</size>
         <input_file_ref idref="fl-26"/>
      </object_component>
      <object_component id="oc-fd">
         <name>.debug_info</name>
         <load_address>0x2d69d</load_address>
         <run_address>0x2d69d</run_address>
         <size>0x115</size>
         <input_file_ref idref="fl-27"/>
      </object_component>
      <object_component id="oc-102">
         <name>.debug_info</name>
         <load_address>0x2d7b2</load_address>
         <run_address>0x2d7b2</run_address>
         <size>0x177</size>
         <input_file_ref idref="fl-28"/>
      </object_component>
      <object_component id="oc-107">
         <name>.debug_info</name>
         <load_address>0x2d929</load_address>
         <run_address>0x2d929</run_address>
         <size>0x14f</size>
         <input_file_ref idref="fl-29"/>
      </object_component>
      <object_component id="oc-10c">
         <name>.debug_info</name>
         <load_address>0x2da78</load_address>
         <run_address>0x2da78</run_address>
         <size>0x232</size>
         <input_file_ref idref="fl-2a"/>
      </object_component>
      <object_component id="oc-111">
         <name>.debug_info</name>
         <load_address>0x2dcaa</load_address>
         <run_address>0x2dcaa</run_address>
         <size>0x119</size>
         <input_file_ref idref="fl-2b"/>
      </object_component>
      <object_component id="oc-116">
         <name>.debug_info</name>
         <load_address>0x2ddc3</load_address>
         <run_address>0x2ddc3</run_address>
         <size>0x119</size>
         <input_file_ref idref="fl-2c"/>
      </object_component>
      <object_component id="oc-11b">
         <name>.debug_info</name>
         <load_address>0x2dedc</load_address>
         <run_address>0x2dedc</run_address>
         <size>0x1a6</size>
         <input_file_ref idref="fl-2d"/>
      </object_component>
      <object_component id="oc-120">
         <name>.debug_info</name>
         <load_address>0x2e082</load_address>
         <run_address>0x2e082</run_address>
         <size>0x11b</size>
         <input_file_ref idref="fl-2e"/>
      </object_component>
      <object_component id="oc-125">
         <name>.debug_info</name>
         <load_address>0x2e19d</load_address>
         <run_address>0x2e19d</run_address>
         <size>0x115</size>
         <input_file_ref idref="fl-2f"/>
      </object_component>
      <object_component id="oc-129">
         <name>.debug_info</name>
         <load_address>0x2e2b2</load_address>
         <run_address>0x2e2b2</run_address>
         <size>0x562</size>
         <input_file_ref idref="fl-30"/>
      </object_component>
      <object_component id="oc-12e">
         <name>.debug_info</name>
         <load_address>0x2e814</load_address>
         <run_address>0x2e814</run_address>
         <size>0x43b</size>
         <input_file_ref idref="fl-31"/>
      </object_component>
      <object_component id="oc-133">
         <name>.debug_info</name>
         <load_address>0x2ec4f</load_address>
         <run_address>0x2ec4f</run_address>
         <size>0x3ae</size>
         <input_file_ref idref="fl-32"/>
      </object_component>
      <object_component id="oc-138">
         <name>.debug_info</name>
         <load_address>0x2effd</load_address>
         <run_address>0x2effd</run_address>
         <size>0x3ab</size>
         <input_file_ref idref="fl-33"/>
      </object_component>
      <object_component id="oc-13d">
         <name>.debug_info</name>
         <load_address>0x2f3a8</load_address>
         <run_address>0x2f3a8</run_address>
         <size>0x545</size>
         <input_file_ref idref="fl-34"/>
      </object_component>
      <object_component id="oc-144">
         <name>.debug_info</name>
         <load_address>0x2f8ed</load_address>
         <run_address>0x2f8ed</run_address>
         <size>0x4cd</size>
         <input_file_ref idref="fl-35"/>
      </object_component>
      <object_component id="oc-149">
         <name>.debug_info</name>
         <load_address>0x2fdba</load_address>
         <run_address>0x2fdba</run_address>
         <size>0x468</size>
         <input_file_ref idref="fl-36"/>
      </object_component>
      <object_component id="oc-14e">
         <name>.debug_info</name>
         <load_address>0x30222</load_address>
         <run_address>0x30222</run_address>
         <size>0x420</size>
         <input_file_ref idref="fl-37"/>
      </object_component>
      <object_component id="oc-153">
         <name>.debug_info</name>
         <load_address>0x30642</load_address>
         <run_address>0x30642</run_address>
         <size>0x1e8</size>
         <input_file_ref idref="fl-38"/>
      </object_component>
      <object_component id="oc-155">
         <name>.debug_info</name>
         <load_address>0x3082a</load_address>
         <run_address>0x3082a</run_address>
         <size>0x2e3</size>
         <input_file_ref idref="fl-39"/>
      </object_component>
      <object_component id="oc-159">
         <name>.debug_info</name>
         <load_address>0x30b0d</load_address>
         <run_address>0x30b0d</run_address>
         <size>0x460</size>
         <input_file_ref idref="fl-3a"/>
      </object_component>
      <object_component id="oc-15e">
         <name>.debug_info</name>
         <load_address>0x30f6d</load_address>
         <run_address>0x30f6d</run_address>
         <size>0x439</size>
         <input_file_ref idref="fl-3b"/>
      </object_component>
      <object_component id="oc-163">
         <name>.debug_info</name>
         <load_address>0x313a6</load_address>
         <run_address>0x313a6</run_address>
         <size>0x4d7</size>
         <input_file_ref idref="fl-3c"/>
      </object_component>
      <object_component id="oc-168">
         <name>.debug_info</name>
         <load_address>0x3187d</load_address>
         <run_address>0x3187d</run_address>
         <size>0xf63</size>
         <input_file_ref idref="fl-3d"/>
      </object_component>
      <object_component id="oc-170">
         <name>.debug_info</name>
         <load_address>0x327e0</load_address>
         <run_address>0x327e0</run_address>
         <size>0x503</size>
         <input_file_ref idref="fl-3e"/>
      </object_component>
      <object_component id="oc-175">
         <name>.debug_info</name>
         <load_address>0x32ce3</load_address>
         <run_address>0x32ce3</run_address>
         <size>0x4f2</size>
         <input_file_ref idref="fl-3f"/>
      </object_component>
      <object_component id="oc-17a">
         <name>.debug_info</name>
         <load_address>0x331d5</load_address>
         <run_address>0x331d5</run_address>
         <size>0x4e5</size>
         <input_file_ref idref="fl-40"/>
      </object_component>
      <object_component id="oc-17f">
         <name>.debug_info</name>
         <load_address>0x336ba</load_address>
         <run_address>0x336ba</run_address>
         <size>0x4ab</size>
         <input_file_ref idref="fl-41"/>
      </object_component>
      <object_component id="oc-184">
         <name>.debug_info</name>
         <load_address>0x33b65</load_address>
         <run_address>0x33b65</run_address>
         <size>0x645</size>
         <input_file_ref idref="fl-42"/>
      </object_component>
      <object_component id="oc-189">
         <name>.debug_info</name>
         <load_address>0x341aa</load_address>
         <run_address>0x341aa</run_address>
         <size>0x54f</size>
         <input_file_ref idref="fl-43"/>
      </object_component>
      <object_component id="oc-18b">
         <name>.debug_info</name>
         <load_address>0x346f9</load_address>
         <run_address>0x346f9</run_address>
         <size>0x4a7</size>
         <input_file_ref idref="fl-44"/>
      </object_component>
      <object_component id="oc-191">
         <name>.debug_info</name>
         <load_address>0x34ba0</load_address>
         <run_address>0x34ba0</run_address>
         <size>0x533</size>
         <input_file_ref idref="fl-45"/>
      </object_component>
      <object_component id="oc-197">
         <name>.debug_info</name>
         <load_address>0x350d3</load_address>
         <run_address>0x350d3</run_address>
         <size>0x62c</size>
         <input_file_ref idref="fl-46"/>
      </object_component>
      <object_component id="oc-19c">
         <name>.debug_info</name>
         <load_address>0x356ff</load_address>
         <run_address>0x356ff</run_address>
         <size>0x8e4</size>
         <input_file_ref idref="fl-47"/>
      </object_component>
      <object_component id="oc-1a3">
         <name>.debug_info</name>
         <load_address>0x35fe3</load_address>
         <run_address>0x35fe3</run_address>
         <size>0x597</size>
         <input_file_ref idref="fl-48"/>
      </object_component>
      <object_component id="oc-1a9">
         <name>.debug_info</name>
         <load_address>0x3657a</load_address>
         <run_address>0x3657a</run_address>
         <size>0x115</size>
         <input_file_ref idref="fl-49"/>
      </object_component>
      <object_component id="oc-1ad">
         <name>.debug_info</name>
         <load_address>0x3668f</load_address>
         <run_address>0x3668f</run_address>
         <size>0x1c7</size>
         <input_file_ref idref="fl-4a"/>
      </object_component>
      <object_component id="oc-1b1">
         <name>.debug_info</name>
         <load_address>0x36856</load_address>
         <run_address>0x36856</run_address>
         <size>0x550</size>
         <input_file_ref idref="fl-4b"/>
      </object_component>
      <object_component id="oc-1b6">
         <name>.debug_info</name>
         <load_address>0x36da6</load_address>
         <run_address>0x36da6</run_address>
         <size>0x5a8</size>
         <input_file_ref idref="fl-4c"/>
      </object_component>
      <object_component id="oc-1bb">
         <name>.debug_info</name>
         <load_address>0x3734e</load_address>
         <run_address>0x3734e</run_address>
         <size>0x5d5</size>
         <input_file_ref idref="fl-4d"/>
      </object_component>
      <object_component id="oc-1c0">
         <name>.debug_info</name>
         <load_address>0x37923</load_address>
         <run_address>0x37923</run_address>
         <size>0x59d</size>
         <input_file_ref idref="fl-4e"/>
      </object_component>
      <object_component id="oc-1c5">
         <name>.debug_info</name>
         <load_address>0x37ec0</load_address>
         <run_address>0x37ec0</run_address>
         <size>0x632</size>
         <input_file_ref idref="fl-4f"/>
      </object_component>
      <object_component id="oc-1ca">
         <name>.debug_info</name>
         <load_address>0x384f2</load_address>
         <run_address>0x384f2</run_address>
         <size>0x572</size>
         <input_file_ref idref="fl-50"/>
      </object_component>
      <object_component id="oc-1cf">
         <name>.debug_info</name>
         <load_address>0x38a64</load_address>
         <run_address>0x38a64</run_address>
         <size>0x5a2</size>
         <input_file_ref idref="fl-51"/>
      </object_component>
      <object_component id="oc-1d4">
         <name>.debug_info</name>
         <load_address>0x39006</load_address>
         <run_address>0x39006</run_address>
         <size>0x591</size>
         <input_file_ref idref="fl-52"/>
      </object_component>
      <object_component id="oc-1da">
         <name>.debug_info</name>
         <load_address>0x39597</load_address>
         <run_address>0x39597</run_address>
         <size>0x752</size>
         <input_file_ref idref="fl-53"/>
      </object_component>
      <object_component id="oc-1e1">
         <name>.debug_info</name>
         <load_address>0x39ce9</load_address>
         <run_address>0x39ce9</run_address>
         <size>0x651</size>
         <input_file_ref idref="fl-54"/>
      </object_component>
      <object_component id="oc-1e6">
         <name>.debug_info</name>
         <load_address>0x3a33a</load_address>
         <run_address>0x3a33a</run_address>
         <size>0x424</size>
         <input_file_ref idref="fl-55"/>
      </object_component>
      <object_component id="oc-1eb">
         <name>.debug_info</name>
         <load_address>0x3a75e</load_address>
         <run_address>0x3a75e</run_address>
         <size>0x6c0</size>
         <input_file_ref idref="fl-56"/>
      </object_component>
      <object_component id="oc-1f0">
         <name>.debug_info</name>
         <load_address>0x3ae1e</load_address>
         <run_address>0x3ae1e</run_address>
         <size>0x790</size>
         <input_file_ref idref="fl-57"/>
      </object_component>
      <object_component id="oc-1f5">
         <name>.debug_info</name>
         <load_address>0x3b5ae</load_address>
         <run_address>0x3b5ae</run_address>
         <size>0x4e2</size>
         <input_file_ref idref="fl-58"/>
      </object_component>
      <object_component id="oc-1fa">
         <name>.debug_info</name>
         <load_address>0x3ba90</load_address>
         <run_address>0x3ba90</run_address>
         <size>0x50f</size>
         <input_file_ref idref="fl-59"/>
      </object_component>
      <object_component id="oc-1ff">
         <name>.debug_info</name>
[...]
         <name>_EQep2Regs</name>
         <value>0x6b40</value>
         <object_component_ref idref="oc-9a"/>
      </symbol>
      <symbol id="sm-312">
         <name>_PartIdRegs</name>
         <value>0x3d7e80</value>
         <object_component_ref idref="oc-78"/>
      </symbol>
      <symbol id="sm-313">
         <name>_HRCap3Regs</name>
         <value>0x6c80</value>
         <object_component_ref idref="oc-97"/>
      </symbol>
      <symbol id="sm-314">
         <name>_EPwm8Regs</name>
         <value>0x69c0</value>
         <object_component_ref idref="oc-aa"/>
      </symbol>
      <symbol id="sm-315">
         <name>_Flash_CPUScaleFactor</name>
         <value>0xd04</value>
         <object_component_ref idref="oc-7b"/>
      </symbol>
      <symbol id="sm-316">
         <name>_EPwm2Regs</name>
         <value>0x6840</value>
         <object_component_ref idref="oc-a4"/>
      </symbol>
      <symbol id="sm-317">
         <name>_ECanaMboxes</name>
         <value>0x6100</value>
         <object_component_ref idref="oc-ae"/>
      </symbol>
      <symbol id="sm-318">
         <name>_ECap3Regs</name>
         <value>0x6a40</value>
         <object_component_ref idref="oc-92"/>
      </symbol>
      <symbol id="sm-319">
         <name>_HRCap2Regs</name>
         <value>0x6ae0</value>
         <object_component_ref idref="oc-96"/>
      </symbol>
      <symbol id="sm-31a">
         <name>_NmiIntruptRegs</name>
         <value>0x7060</value>
         <object_component_ref idref="oc-86"/>
      </symbol>
      <symbol id="sm-31b">
         <name>_ECanaMOTORegs</name>
         <value>0x60c0</value>
         <object_component_ref idref="oc-a2"/>
      </symbol>
      <symbol id="sm-31c">
         <name>_Flash_CallbackPtr</name>
         <value>0xd02</value>
         <object_component_ref idref="oc-7c"/>
      </symbol>
      <symbol id="sm-31d">
         <name>_EPwm3Regs</name>
         <value>0x6880</value>
         <object_component_ref idref="oc-a5"/>
      </symbol>
      <symbol id="sm-31e">
         <name>_I2caRegs</name>
         <value>0x7900</value>
         <object_component_ref idref="oc-9b"/>
      </symbol>
      <symbol id="sm-32a">
         <name>_DSP28x_usDelay</name>
         <value>0x881b</value>
         <object_component_ref idref="oc-b2"/>
      </symbol>
      <symbol id="sm-33a">
         <name>_printf</name>
         <value>0x3f258d</value>
         <object_component_ref idref="oc-218"/>
      </symbol>
      <symbol id="sm-49b">
         <name>___TI_printfi</name>
         <value>0x3f0b52</value>
         <object_component_ref idref="oc-222"/>
      </symbol>
      <symbol id="sm-4af">
         <name>_putchar</name>
         <value>0x3f2409</value>
         <object_component_ref idref="oc-21d"/>
      </symbol>
      <symbol id="sm-4b1">
         <name>_putc</name>
         <value>0x3f23bb</value>
         <object_component_ref idref="oc-21d"/>
      </symbol>
      <symbol id="sm-4b2">
         <name>_fputc</name>
         <value>0x3f23bb</value>
         <object_component_ref idref="oc-21d"/>
      </symbol>
      <symbol id="sm-4d0">
         <name>_puts</name>
         <value>0x3f1dbf</value>
         <object_component_ref idref="oc-21e"/>
      </symbol>
      <symbol id="sm-4d2">
         <name>_fputs</name>
         <value>0x3f1d2a</value>
         <object_component_ref idref="oc-21e"/>
      </symbol>
      <symbol id="sm-4ea">
         <name>___TI_rd_ok</name>
         <value>0x3f2227</value>
         <object_component_ref idref="oc-22a"/>
      </symbol>
      <symbol id="sm-4ec">
         <name>___TI_wrt_ok</name>
         <value>0x3f21ec</value>
         <object_component_ref idref="oc-22a"/>
      </symbol>
      <symbol id="sm-504">
         <name>_setvbuf</name>
         <value>0x3f2011</value>
         <object_component_ref idref="oc-239"/>
      </symbol>
      <symbol id="sm-513">
         <name>_wcslen</name>
         <value>0x3f2942</value>
         <object_component_ref idref="oc-237"/>
      </symbol>
      <symbol id="sm-52f">
         <name>_c_int00</name>
         <value>0x3f2365</value>
         <object_component_ref idref="oc-4d"/>
      </symbol>
      <symbol id="sm-530">
         <name>__stack</name>
         <value>0x50</value>
         <object_component_ref idref="oc-dd"/>
      </symbol>
      <symbol id="sm-540">
         <name>FD$$CMP</name>
         <value>0x3f264f</value>
         <object_component_ref idref="oc-e3"/>
      </symbol>
      <symbol id="sm-552">
         <name>FD$$MPY</name>
         <value>0x3f1f8e</value>
         <object_component_ref idref="oc-e8"/>
      </symbol>
      <symbol id="sm-55f">
         <name>FD$$NEG</name>
         <value>0x3f2939</value>
         <object_component_ref idref="oc-ed"/>
      </symbol>
      <symbol id="sm-56b">
         <name>FD$$SUB</name>
         <value>0x3f28e8</value>
         <object_component_ref idref="oc-f2"/>
      </symbol>
      <symbol id="sm-57a">
         <name>FD$$TOI</name>
         <value>0x3f2788</value>
         <object_component_ref idref="oc-f7"/>
      </symbol>
      <symbol id="sm-589">
         <name>FD$$TOL</name>
         <value>0x3f27a9</value>
         <object_component_ref idref="oc-fc"/>
      </symbol>
      <symbol id="sm-595">
         <name>LL$$AND</name>
         <value>0x3f28a3</value>
         <object_component_ref idref="oc-101"/>
      </symbol>
      <symbol id="sm-596">
         <name>LL$$OR</name>
         <value>0x3f28ab</value>
         <object_component_ref idref="oc-101"/>
      </symbol>
      <symbol id="sm-597">
         <name>LL$$XOR</name>
         <value>0x3f28b3</value>
         <object_component_ref idref="oc-101"/>
      </symbol>
      <symbol id="sm-5a5">
         <name>ULL$$CMP</name>
         <value>0x3f27da</value>
         <object_component_ref idref="oc-106"/>
      </symbol>
      <symbol id="sm-5a6">
         <name>LL$$CMP</name>
         <value>0x3f27c8</value>
         <object_component_ref idref="oc-106"/>
      </symbol>
      <symbol id="sm-5d2">
         <name>ULL$$MOD</name>
         <value>0x3f1a75</value>
         <object_component_ref idref="oc-10b"/>
      </symbol>
      <symbol id="sm-5d3">
         <name>ULL$$DIV</name>
         <value>0x3f1a46</value>
         <object_component_ref idref="oc-10b"/>
      </symbol>
      <symbol id="sm-5d4">
         <name>LL$$MOD</name>
         <value>0x3f1a0c</value>
         <object_component_ref idref="oc-10b"/>
      </symbol>
      <symbol id="sm-5d5">
         <name>LL$$DIV</name>
         <value>0x3f19d0</value>
         <object_component_ref idref="oc-10b"/>
      </symbol>
      <symbol id="sm-5e5">
         <name>I$$TOFD</name>
         <value>0x3f27e6</value>
         <object_component_ref idref="oc-110"/>
      </symbol>
      <symbol id="sm-5f5">
         <name>L$$TOFD</name>
         <value>0x3f283c</value>
         <object_component_ref idref="oc-115"/>
      </symbol>
      <symbol id="sm-601">
         <name>UL$$MOD</name>
         <value>0x3f269d</value>
         <object_component_ref idref="oc-11a"/>
      </symbol>
      <symbol id="sm-602">
         <name>L$$MOD</name>
         <value>0x3f2688</value>
         <object_component_ref idref="oc-11a"/>
      </symbol>
      <symbol id="sm-603">
         <name>L$$DIV</name>
         <value>0x3f2679</value>
         <object_component_ref idref="oc-11a"/>
      </symbol>
      <symbol id="sm-604">
         <name>UL$$DIV</name>
         <value>0x3f2696</value>
         <object_component_ref idref="oc-11a"/>
      </symbol>
      <symbol id="sm-614">
         <name>FS$$TOFD</name>
         <value>0x3f2820</value>
         <object_component_ref idref="oc-11f"/>
      </symbol>
      <symbol id="sm-62b">
         <name>FD$$DIV</name>
         <value>0x3f1f03</value>
         <object_component_ref idref="oc-124"/>
      </symbol>
      <symbol id="sm-63a">
         <name>_copy_in</name>
         <value>0x3f2740</value>
         <object_component_ref idref="oc-20f"/>
      </symbol>
      <symbol id="sm-64c">
         <name>_memcpy</name>
         <value>0x3f2803</value>
         <object_component_ref idref="oc-214"/>
      </symbol>
      <symbol id="sm-659">
         <name>__system_pre_init</name>
         <value>0x3f296a</value>
         <object_component_ref idref="oc-20e"/>
      </symbol>
      <symbol id="sm-667">
         <name>__system_post_cinit</name>
         <value>0x3f296c</value>
         <object_component_ref idref="oc-210"/>
      </symbol>
      <symbol id="sm-67c">
         <name>C$$EXIT</name>
         <value>0x3f26a3</value>
         <object_component_ref idref="oc-212"/>
      </symbol>
      <symbol id="sm-67d">
         <name>_exit</name>
         <value>0x3f26a5</value>
         <object_component_ref idref="oc-212"/>
      </symbol>
      <symbol id="sm-67f">
         <name>___TI_cleanup_ptr</name>
         <value>0xc0b2</value>
         <object_component_ref idref="oc-13f"/>
      </symbol>
      <symbol id="sm-680">
         <name>___TI_enable_exit_profile_output</name>
         <value>0xc0b0</value>
         <object_component_ref idref="oc-13f"/>
      </symbol>
      <symbol id="sm-681">
         <name>_abort</name>
         <value>0x3f26a3</value>
         <object_component_ref idref="oc-212"/>
      </symbol>
      <symbol id="sm-683">
         <name>___TI_dtors_ptr</name>
         <value>0xc0b4</value>
         <object_component_ref idref="oc-13f"/>
      </symbol>
      <symbol id="sm-697">
         <name>__unlock</name>
         <value>0xc0bc</value>
         <object_component_ref idref="oc-221"/>
      </symbol>
      <symbol id="sm-698">
         <name>__lock</name>
         <value>0xc0ba</value>
         <object_component_ref idref="oc-216"/>
      </symbol>
      <symbol id="sm-699">
         <name>__register_lock</name>
         <value>0x3f2934</value>
         <object_component_ref idref="oc-21b"/>
      </symbol>
      <symbol id="sm-69b">
         <name>__nop</name>
         <value>0x3f2938</value>
         <object_component_ref idref="oc-21b"/>
      </symbol>
      <symbol id="sm-69d">
         <name>__register_unlock</name>
         <value>0x3f2930</value>
         <object_component_ref idref="oc-21b"/>
      </symbol>
      <symbol id="sm-6ad">
         <name>__args_main</name>
         <value>0x3f2858</value>
         <object_component_ref idref="oc-211"/>
      </symbol>
      <symbol id="sm-6c2">
         <name>_atoi</name>
         <value>0x3f25ee</value>
         <object_component_ref idref="oc-22f"/>
      </symbol>
      <symbol id="sm-6cb">
         <name>__ctypes_</name>
         <value>0x3f298c</value>
         <object_component_ref idref="oc-23c"/>
      </symbol>
      <symbol id="sm-6dc">
         <name>___TI_ft_end</name>
         <value>0xc0be</value>
         <object_component_ref idref="oc-157"/>
      </symbol>
      <symbol id="sm-6dd">
         <name>___TI_tmpnams</name>
         <value>0xc000</value>
         <object_component_ref idref="oc-24e"/>
      </symbol>
      <symbol id="sm-6de">
         <name>__ftable</name>
         <value>0xc0c0</value>
         <object_component_ref idref="oc-21f"/>
      </symbol>
      <symbol id="sm-6ec">
         <name>_ltoa</name>
         <value>0x3f261f</value>
         <object_component_ref idref="oc-230"/>
      </symbol>
      <symbol id="sm-6fc">
         <name>_memccpy</name>
         <value>0x3f28f6</value>
         <object_component_ref idref="oc-236"/>
      </symbol>
      <symbol id="sm-70c">
         <name>_memchr</name>
         <value>0x3f2903</value>
         <object_component_ref idref="oc-22e"/>
      </symbol>
      <symbol id="sm-76c">
         <name>__sys_memory</name>
         <value>0x8000</value>
         <object_component_ref idref="oc-16b"/>
      </symbol>
      <symbol id="sm-76d">
         <name>___TI_heap_total_available</name>
         <value>0x3f176c</value>
         <object_component_ref idref="oc-23f"/>
      </symbol>
      <symbol id="sm-76f">
         <name>_realloc</name>
         <value>0x3f160d</value>
         <object_component_ref idref="oc-23f"/>
      </symbol>
      <symbol id="sm-771">
         <name>___TI_heap_check</name>
         <value>0x3f17a6</value>
         <object_component_ref idref="oc-23f"/>
      </symbol>
      <symbol id="sm-773">
         <name>_free</name>
         <value>0x3f1545</value>
         <object_component_ref idref="oc-23f"/>
      </symbol>
      <symbol id="sm-775">
         <name>_memalign</name>
         <value>0x3f16c1</value>
         <object_component_ref idref="oc-23f"/>
      </symbol>
      <symbol id="sm-776">
         <name>_calloc</name>
         <value>0x3f1695</value>
         <object_component_ref idref="oc-23f"/>
      </symbol>
      <symbol id="sm-778">
         <name>_malloc</name>
         <value>0x3f151a</value>
         <object_component_ref idref="oc-23f"/>
      </symbol>
      <symbol id="sm-77a">
         <name>_aligned_alloc</name>
         <value>0x3f16c1</value>
         <object_component_ref idref="oc-23f"/>
      </symbol>
      <symbol id="sm-77c">
         <name>_minit</name>
         <value>0x3f1691</value>
         <object_component_ref idref="oc-23f"/>
      </symbol>
      <symbol id="sm-77e">
         <name>___TI_heap_largest_available</name>
         <value>0x3f1789</value>
         <object_component_ref idref="oc-23f"/>
      </symbol>
      <symbol id="sm-78d">
         <name>_memset</name>
         <value>0x3f295b</value>
         <object_component_ref idref="oc-234"/>
      </symbol>
      <symbol id="sm-79d">
         <name>_strchr</name>
         <value>0x3f2910</value>
         <object_component_ref idref="oc-233"/>
      </symbol>
      <symbol id="sm-7ab">
         <name>_strcpy</name>
         <value>0x3f2962</value>
         <object_component_ref idref="oc-235"/>
      </symbol>
      <symbol id="sm-7b9">
         <name>_strlen</name>
         <value>0x3f2953</value>
         <object_component_ref idref="oc-22d"/>
      </symbol>
      <symbol id="sm-7c7">
         <name>_write</name>
         <value>0x3f288a</value>
         <object_component_ref idref="oc-22c"/>
      </symbol>
      <symbol id="sm-7d8">
         <name>__device</name>
         <value>0xc140</value>
         <object_component_ref idref="oc-241"/>
      </symbol>
      <symbol id="sm-7d9">
         <name>__stream</name>
         <value>0xc188</value>
         <object_component_ref idref="oc-23a"/>
      </symbol>
      <symbol id="sm-7ec">
         <name>_frexpl</name>
         <value>0x3f230b</value>
         <object_component_ref idref="oc-231"/>
      </symbol>
      <symbol id="sm-80b">
         <name>_scalbnl</name>
         <value>0x3f1bd4</value>
         <object_component_ref idref="oc-232"/>
      </symbol>
      <symbol id="sm-80d">
         <name>_ldexpl</name>
         <value>0x3f1bd4</value>
         <object_component_ref idref="oc-232"/>
      </symbol>
      <symbol id="sm-823">
         <name>___TI_doflush</name>
         <value>0x3f2108</value>
         <object_component_ref idref="oc-22b"/>
      </symbol>
      <symbol id="sm-825">
         <name>_fflush</name>
         <value>0x3f2137</value>
         <object_component_ref idref="oc-22b"/>
      </symbol>
      <symbol id="sm-863">
         <name>_fopen</name>
         <value>0x3f1882</value>
         <object_component_ref idref="oc-240"/>
      </symbol>
      <symbol id="sm-865">
         <name>___TI_cleanup</name>
         <value>0x3f1847</value>
         <object_component_ref idref="oc-240"/>
      </symbol>
      <symbol id="sm-867">
         <name>_freopen</name>
         <value>0x3f1864</value>
         <object_component_ref idref="oc-240"/>
      </symbol>
      <symbol id="sm-878">
         <name>_fseek</name>
         <value>0x3f249d</value>
         <object_component_ref idref="oc-238"/>
      </symbol>
      <symbol id="sm-894">
         <name>FD$$ADD</name>
         <value>0x3f1dd2</value>
         <object_component_ref idref="oc-1a8"/>
      </symbol>
      <symbol id="sm-89e">
         <name>_errno</name>
         <value>0xc0bf</value>
         <object_component_ref idref="oc-1af"/>
      </symbol>
      <symbol id="sm-8aa">
         <name>_HOSTclose</name>
         <value>0x3f26cc</value>
         <object_component_ref idref="oc-246"/>
      </symbol>
      <symbol id="sm-8b7">
         <name>_HOSTlseek</name>
         <value>0x3f22b0</value>
         <object_component_ref idref="oc-249"/>
      </symbol>
      <symbol id="sm-8c7">
         <name>_parmbuf</name>
         <value>0xc0a0</value>
         <object_component_ref idref="oc-250"/>
      </symbol>
      <symbol id="sm-8c8">
         <name>_HOSTopen</name>
         <value>0x3f24da</value>
         <object_component_ref idref="oc-245"/>
      </symbol>
      <symbol id="sm-8d6">
         <name>_HOSTread</name>
         <value>0x3f254f</value>
         <object_component_ref idref="oc-247"/>
      </symbol>
      <symbol id="sm-8e3">
         <name>_HOSTrename</name>
         <value>0x3f245f</value>
         <object_component_ref idref="oc-24b"/>
      </symbol>
      <symbol id="sm-8f0">
         <name>_HOSTunlink</name>
         <value>0x3f2764</value>
         <object_component_ref idref="oc-24a"/>
      </symbol>
      <symbol id="sm-8fe">
         <name>_HOSTwrite</name>
         <value>0x3f2516</value>
         <object_component_ref idref="oc-248"/>
      </symbol>
      <symbol id="sm-918">
         <name>___TI_readmsg</name>
         <value>0x3f1ec6</value>
         <object_component_ref idref="oc-251"/>
      </symbol>
      <symbol id="sm-91a">
         <name>C$$IO$$</name>
         <value>0x3f1ec1</value>
         <object_component_ref idref="oc-251"/>
      </symbol>
      <symbol id="sm-91b">
         <name>__CIOBUF_</name>
         <value>0x400</value>
         <object_component_ref idref="oc-1d5"/>
      </symbol>
      <symbol id="sm-91c">
         <name>___TI_writemsg</name>
         <value>0x3f1e6e</value>
         <object_component_ref idref="oc-251"/>
      </symbol>
      <symbol id="sm-938">
         <name>_open</name>
         <value>0x3f217b</value>
         <object_component_ref idref="oc-243"/>
      </symbol>
      <symbol id="sm-946">
         <name>_lseek</name>
         <value>0x3f28bb</value>
         <object_component_ref idref="oc-23e"/>
      </symbol>
      <symbol id="sm-954">
         <name>_copysignl</name>
         <value>0x3f271b</value>
         <object_component_ref idref="oc-23d"/>
      </symbol>
      <symbol id="sm-966">
         <name>___TI_closefile</name>
         <value>0x3f2253</value>
         <object_component_ref idref="oc-244"/>
      </symbol>
      <symbol id="sm-968">
         <name>_fclose</name>
         <value>0x3f2297</value>
         <object_component_ref idref="oc-244"/>
      </symbol>
      <symbol id="sm-97a">
         <name>_finddevice</name>
         <value>0x3f240e</value>
         <object_component_ref idref="oc-24c"/>
      </symbol>
      <symbol id="sm-97c">
         <name>_getdevice</name>
         <value>0x3f2429</value>
         <object_component_ref idref="oc-24c"/>
      </symbol>
      <symbol id="sm-98b">
         <name>_strcmp</name>
         <value>0x3f2926</value>
         <object_component_ref idref="oc-252"/>
      </symbol>
      <symbol id="sm-99c">
         <name>_strncpy</name>
         <value>0x3f28d3</value>
         <object_component_ref idref="oc-253"/>
      </symbol>
      <symbol id="sm-9a9">
         <name>_remove</name>
         <value>0x3f2967</value>
         <object_component_ref idref="oc-24f"/>
      </symbol>
      <symbol id="sm-9ba">
         <name>_close</name>
         <value>0x3f25bb</value>
         <object_component_ref idref="oc-24d"/>
      </symbol>
      <symbol id="sm-9c7">
         <name>_unlink</name>
         <value>0x3f2871</value>
         <object_component_ref idref="oc-254"/>
      </symbol>
   </symbol_table>
   <title>Link successful</title>
</link_info>
